<?xml version="1.0"?>
<link_info>
   <banner>TMS320C2000 Linker PC v6.1.3</banner>
   <copyright>Copyright (c) 1996-2012 Texas Instruments Incorporated</copyright>
   <link_time>0x5655cb07</link_time>
   <output_file>F:/cableDrive/dsp_7DOF0/cdmcs_3dof/../Debug/cdmcs.out</output_file>
   <entry_point>
      <name>code_start</name>
      <address>0x0</address>
   </entry_point>
   <input_file_list>
      <input_file id="fl-4">
         <path>F:\cableDrive\dsp_7DOF0\Debug\</path>
         <kind>object</kind>
         <file>DSP2833x_usDelay.obj</file>
         <name>DSP2833x_usDelay.obj</name>
      </input_file>
      <input_file id="fl-5">
         <path>F:\cableDrive\dsp_7DOF0\Debug\</path>
         <kind>object</kind>
         <file>DSP2833x_Xintf.obj</file>
         <name>DSP2833x_Xintf.obj</name>
      </input_file>
      <input_file id="fl-6">
         <path>F:\cableDrive\dsp_7DOF0\Debug\</path>
         <kind>object</kind>
         <file>DSP2833x_SysCtrl.obj</file>
         <name>DSP2833x_SysCtrl.obj</name>
      </input_file>
      <input_file id="fl-7">
         <path>F:\cableDrive\dsp_7DOF0\Debug\</path>
         <kind>object</kind>
         <file>DSP2833x_Spi.obj</file>
         <name>DSP2833x_Spi.obj</name>
      </input_file>
      <input_file id="fl-8">
         <path>F:\cableDrive\dsp_7DOF0\Debug\</path>
         <kind>object</kind>
         <file>DSP2833x_Sci.obj</file>
         <name>DSP2833x_Sci.obj</name>
      </input_file>
      <input_file id="fl-9">
         <path>F:\cableDrive\dsp_7DOF0\Debug\</path>
         <kind>object</kind>
         <file>DSP2833x_PieVect.obj</file>
         <name>DSP2833x_PieVect.obj</name>
      </input_file>
      <input_file id="fl-a">
         <path>F:\cableDrive\dsp_7DOF0\Debug\</path>
         <kind>object</kind>
         <file>DSP2833x_PieCtrl.obj</file>
         <name>DSP2833x_PieCtrl.obj</name>
      </input_file>
      <input_file id="fl-b">
         <path>F:\cableDrive\dsp_7DOF0\Debug\</path>
         <kind>object</kind>
         <file>DSP2833x_GlobalVariableDefs.obj</file>
         <name>DSP2833x_GlobalVariableDefs.obj</name>
      </input_file>
      <input_file id="fl-c">
         <path>F:\cableDrive\dsp_7DOF0\Debug\</path>
         <kind>object</kind>
         <file>DSP2833x_EPwm.obj</file>
         <name>DSP2833x_EPwm.obj</name>
      </input_file>
      <input_file id="fl-d">
         <path>F:\cableDrive\dsp_7DOF0\Debug\</path>
         <kind>object</kind>
         <file>DSP2833x_DefaultIsr.obj</file>
         <name>DSP2833x_DefaultIsr.obj</name>
      </input_file>
      <input_file id="fl-e">
         <path>F:\cableDrive\dsp_7DOF0\Debug\</path>
         <kind>object</kind>
         <file>DSP2833x_CpuTimers.obj</file>
         <name>DSP2833x_CpuTimers.obj</name>
      </input_file>
      <input_file id="fl-f">
         <path>F:\cableDrive\dsp_7DOF0\Debug\</path>
         <kind>object</kind>
         <file>DSP2833x_CodeStartBranch.obj</file>
         <name>DSP2833x_CodeStartBranch.obj</name>
      </input_file>
      <input_file id="fl-10">
         <path>F:\cableDrive\dsp_7DOF0\Debug\</path>
         <kind>object</kind>
         <file>DSP2833x_ADC_cal.obj</file>
         <name>DSP2833x_ADC_cal.obj</name>
      </input_file>
      <input_file id="fl-11">
         <path>F:\cableDrive\dsp_7DOF0\Debug\</path>
         <kind>object</kind>
         <file>main.obj</file>
         <name>main.obj</name>
      </input_file>
      <input_file id="fl-12">
         <path>F:\cableDrive\dsp_7DOF0\Debug\</path>
         <kind>object</kind>
         <file>TimerSetup.obj</file>
         <name>TimerSetup.obj</name>
      </input_file>
      <input_file id="fl-13">
         <path>F:\cableDrive\dsp_7DOF0\Debug\</path>
         <kind>object</kind>
         <file>SciSetup.obj</file>
         <name>SciSetup.obj</name>
      </input_file>
      <input_file id="fl-14">
         <path>F:\cableDrive\dsp_7DOF0\Debug\</path>
         <kind>object</kind>
         <file>Fpga.obj</file>
         <name>Fpga.obj</name>
      </input_file>
      <input_file id="fl-15">
         <path>F:\cableDrive\dsp_7DOF0\Debug\</path>
         <kind>object</kind>
         <file>EPwmSetup.obj</file>
         <name>EPwmSetup.obj</name>
      </input_file>
      <input_file id="fl-16">
         <path>F:\cableDrive\dsp_7DOF0\Debug\</path>
         <kind>object</kind>
         <file>CopleyControl.obj</file>
         <name>CopleyControl.obj</name>
      </input_file>
      <input_file id="fl-17">
         <path>F:\cableDrive\dsp_7DOF0\Debug\</path>
         <kind>object</kind>
         <file>Algorithm.obj</file>
         <name>Algorithm.obj</name>
      </input_file>
      <input_file id="fl-1b">
         <path>E:\TI\ccsv5\tools\compiler\c2000_6.1.3\lib\</path>
         <kind>archive</kind>
         <file>rts2800_fpu32.lib</file>
         <name>boot.obj</name>
      </input_file>
      <input_file id="fl-1c">
         <path>E:\TI\ccsv5\tools\compiler\c2000_6.1.3\lib\</path>
         <kind>archive</kind>
         <file>rts2800_fpu32.lib</file>
         <name>cos.obj</name>
      </input_file>
      <input_file id="fl-1d">
         <path>E:\TI\ccsv5\tools\compiler\c2000_6.1.3\lib\</path>
         <kind>archive</kind>
         <file>rts2800_fpu32.lib</file>
         <name>exit.obj</name>
      </input_file>
      <input_file id="fl-1e">
         <path>E:\TI\ccsv5\tools\compiler\c2000_6.1.3\lib\</path>
         <kind>archive</kind>
         <file>rts2800_fpu32.lib</file>
         <name>fs_div.obj</name>
      </input_file>
      <input_file id="fl-1f">
         <path>E:\TI\ccsv5\tools\compiler\c2000_6.1.3\lib\</path>
         <kind>archive</kind>
         <file>rts2800_fpu32.lib</file>
         <name>sin.obj</name>
      </input_file>
      <input_file id="fl-20">
         <path>E:\TI\ccsv5\tools\compiler\c2000_6.1.3\lib\</path>
         <kind>archive</kind>
         <file>rts2800_fpu32.lib</file>
         <name>sprintf.obj</name>
      </input_file>
      <input_file id="fl-21">
         <path>E:\TI\ccsv5\tools\compiler\c2000_6.1.3\lib\</path>
         <kind>archive</kind>
         <file>rts2800_fpu32.lib</file>
         <name>sqrt.obj</name>
      </input_file>
      <input_file id="fl-22">
         <path>E:\TI\ccsv5\tools\compiler\c2000_6.1.3\lib\</path>
         <kind>archive</kind>
         <file>rts2800_fpu32.lib</file>
         <name>_lock.obj</name>
      </input_file>
      <input_file id="fl-23">
         <path>E:\TI\ccsv5\tools\compiler\c2000_6.1.3\lib\</path>
         <kind>archive</kind>
         <file>rts2800_fpu32.lib</file>
         <name>_printfi.obj</name>
      </input_file>
      <input_file id="fl-24">
         <path>E:\TI\ccsv5\tools\compiler\c2000_6.1.3\lib\</path>
         <kind>archive</kind>
         <file>rts2800_fpu32.lib</file>
         <name>args_main.obj</name>
      </input_file>
      <input_file id="fl-25">
         <path>E:\TI\ccsv5\tools\compiler\c2000_6.1.3\lib\</path>
         <kind>archive</kind>
         <file>rts2800_fpu32.lib</file>
         <name>atoi.obj</name>
      </input_file>
      <input_file id="fl-26">
         <path>E:\TI\ccsv5\tools\compiler\c2000_6.1.3\lib\</path>
         <kind>archive</kind>
         <file>rts2800_fpu32.lib</file>
         <name>ctype.obj</name>
      </input_file>
      <input_file id="fl-27">
         <path>E:\TI\ccsv5\tools\compiler\c2000_6.1.3\lib\</path>
         <kind>archive</kind>
         <file>rts2800_fpu32.lib</file>
         <name>errno.obj</name>
      </input_file>
      <input_file id="fl-28">
         <path>E:\TI\ccsv5\tools\compiler\c2000_6.1.3\lib\</path>
         <kind>archive</kind>
         <file>rts2800_fpu32.lib</file>
         <name>fd_cmp.obj</name>
      </input_file>
      <input_file id="fl-29">
         <path>E:\TI\ccsv5\tools\compiler\c2000_6.1.3\lib\</path>
         <kind>archive</kind>
         <file>rts2800_fpu32.lib</file>
         <name>fd_div.obj</name>
      </input_file>
      <input_file id="fl-2a">
         <path>E:\TI\ccsv5\tools\compiler\c2000_6.1.3\lib\</path>
         <kind>archive</kind>
         <file>rts2800_fpu32.lib</file>
         <name>fd_mpy.obj</name>
      </input_file>
      <input_file id="fl-2b">
         <path>E:\TI\ccsv5\tools\compiler\c2000_6.1.3\lib\</path>
         <kind>archive</kind>
         <file>rts2800_fpu32.lib</file>
         <name>fd_neg.obj</name>
      </input_file>
      <input_file id="fl-2c">
         <path>E:\TI\ccsv5\tools\compiler\c2000_6.1.3\lib\</path>
         <kind>archive</kind>
         <file>rts2800_fpu32.lib</file>
         <name>fd_sub.obj</name>
      </input_file>
      <input_file id="fl-2d">
         <path>E:\TI\ccsv5\tools\compiler\c2000_6.1.3\lib\</path>
         <kind>archive</kind>
         <file>rts2800_fpu32.lib</file>
         <name>fd_toi.obj</name>
      </input_file>
      <input_file id="fl-2e">
         <path>E:\TI\ccsv5\tools\compiler\c2000_6.1.3\lib\</path>
         <kind>archive</kind>
         <file>rts2800_fpu32.lib</file>
         <name>fd_tol.obj</name>
      </input_file>
      <input_file id="fl-2f">
         <path>E:\TI\ccsv5\tools\compiler\c2000_6.1.3\lib\</path>
         <kind>archive</kind>
         <file>rts2800_fpu32.lib</file>
         <name>fs_tofd.obj</name>
      </input_file>
      <input_file id="fl-30">
         <path>E:\TI\ccsv5\tools\compiler\c2000_6.1.3\lib\</path>
         <kind>archive</kind>
         <file>rts2800_fpu32.lib</file>
         <name>l_tofd.obj</name>
      </input_file>
      <input_file id="fl-31">
         <path>E:\TI\ccsv5\tools\compiler\c2000_6.1.3\lib\</path>
         <kind>archive</kind>
         <file>rts2800_fpu32.lib</file>
         <name>ll_cmp.obj</name>
      </input_file>
      <input_file id="fl-32">
         <path>E:\TI\ccsv5\tools\compiler\c2000_6.1.3\lib\</path>
         <kind>archive</kind>
         <file>rts2800_fpu32.lib</file>
         <name>ll_div.obj</name>
      </input_file>
      <input_file id="fl-33">
         <path>E:\TI\ccsv5\tools\compiler\c2000_6.1.3\lib\</path>
         <kind>archive</kind>
         <file>rts2800_fpu32.lib</file>
         <name>ll_mpy.obj</name>
      </input_file>
      <input_file id="fl-34">
         <path>E:\TI\ccsv5\tools\compiler\c2000_6.1.3\lib\</path>
         <kind>archive</kind>
         <file>rts2800_fpu32.lib</file>
         <name>ltoa.obj</name>
      </input_file>
      <input_file id="fl-35">
         <path>E:\TI\ccsv5\tools\compiler\c2000_6.1.3\lib\</path>
         <kind>archive</kind>
         <file>rts2800_fpu32.lib</file>
         <name>memccpy.obj</name>
      </input_file>
      <input_file id="fl-36">
         <path>E:\TI\ccsv5\tools\compiler\c2000_6.1.3\lib\</path>
         <kind>archive</kind>
         <file>rts2800_fpu32.lib</file>
         <name>memcpy_ff.obj</name>
      </input_file>
      <input_file id="fl-37">
         <path>E:\TI\ccsv5\tools\compiler\c2000_6.1.3\lib\</path>
         <kind>archive</kind>
         <file>rts2800_fpu32.lib</file>
         <name>memset.obj</name>
      </input_file>
      <input_file id="fl-38">
         <path>E:\TI\ccsv5\tools\compiler\c2000_6.1.3\lib\</path>
         <kind>archive</kind>
         <file>rts2800_fpu32.lib</file>
         <name>strcpy.obj</name>
      </input_file>
      <input_file id="fl-39">
         <path>E:\TI\ccsv5\tools\compiler\c2000_6.1.3\lib\</path>
         <kind>archive</kind>
         <file>rts2800_fpu32.lib</file>
         <name>strlen.obj</name>
      </input_file>
      <input_file id="fl-3a">
         <path>E:\TI\ccsv5\tools\compiler\c2000_6.1.3\lib\</path>
         <kind>archive</kind>
         <file>rts2800_fpu32.lib</file>
         <name>fd_add.obj</name>
      </input_file>
      <input_file id="fl-3b">
         <path>E:\TI\ccsv5\tools\compiler\c2000_6.1.3\lib\</path>
         <kind>archive</kind>
         <file>rts2800_fpu32.lib</file>
         <name>l_div.obj</name>
      </input_file>
   </input_file_list>
   <object_component_list>
      <object_component id="oc-47">
         <name>codestart</name>
         <load_address>0x0</load_address>
         <run_address>0x0</run_address>
         <size>0x2</size>
         <input_file_ref idref="fl-f"/>
      </object_component>
      <object_component id="oc-53">
         <name>ramfuncs</name>
         <load_address>0xaa07</load_address>
         <run_address>0xaa07</run_address>
         <size>0x1b</size>
         <input_file_ref idref="fl-6"/>
      </object_component>
      <object_component id="oc-48">
         <name>ramfuncs</name>
         <load_address>0xaa22</load_address>
         <run_address>0xaa22</run_address>
         <size>0x4</size>
         <input_file_ref idref="fl-4"/>
      </object_component>
      <object_component id="oc-111">
         <name>.text</name>
         <load_address>0x8000</load_address>
         <run_address>0x8000</run_address>
         <size>0x908</size>
         <input_file_ref idref="fl-23"/>
      </object_component>
      <object_component id="oc-e3">
         <name>.text</name>
         <load_address>0x8908</load_address>
         <run_address>0x8908</run_address>
         <size>0x6ad</size>
         <input_file_ref idref="fl-17"/>
      </object_component>
      <object_component id="oc-b7">
         <name>.text</name>
         <load_address>0x8fb5</load_address>
         <run_address>0x8fb5</run_address>
         <size>0x38b</size>
         <input_file_ref idref="fl-11"/>
      </object_component>
      <object_component id="oc-d8">
         <name>.text</name>
         <load_address>0x9340</load_address>
         <run_address>0x9340</run_address>
         <size>0x375</size>
         <input_file_ref idref="fl-15"/>
      </object_component>
      <object_component id="oc-a5">
         <name>.text:retain</name>
         <load_address>0x96b5</load_address>
         <run_address>0x96b5</run_address>
         <size>0x323</size>
         <input_file_ref idref="fl-d"/>
      </object_component>
      <object_component id="oc-c8">
         <name>.text</name>
         <load_address>0x99d8</load_address>
         <run_address>0x99d8</run_address>
         <size>0x1c2</size>
         <input_file_ref idref="fl-13"/>
      </object_component>
      <object_component id="oc-dd">
         <name>.text</name>
         <load_address>0x9b9a</load_address>
         <run_address>0x9b9a</run_address>
         <size>0x116</size>
         <input_file_ref idref="fl-16"/>
      </object_component>
      <object_component id="oc-14d">
         <name>.text</name>
         <load_address>0x9cb0</load_address>
         <run_address>0x9cb0</run_address>
         <size>0x107</size>
         <input_file_ref idref="fl-32"/>
      </object_component>
      <object_component id="oc-4c">
         <name>.text</name>
         <load_address>0x9db7</load_address>
         <run_address>0x9db7</run_address>
         <size>0xf6</size>
         <input_file_ref idref="fl-5"/>
      </object_component>
      <object_component id="oc-51">
         <name>.text</name>
         <load_address>0x9ead</load_address>
         <run_address>0x9ead</run_address>
         <size>0xf3</size>
         <input_file_ref idref="fl-6"/>
      </object_component>
      <object_component id="oc-cd">
         <name>.text:retain</name>
         <load_address>0x9fa0</load_address>
         <run_address>0x9fa0</run_address>
         <size>0xd6</size>
         <input_file_ref idref="fl-13"/>
      </object_component>
      <object_component id="oc-d1">
         <name>.text</name>
         <load_address>0xa076</load_address>
         <run_address>0xa076</run_address>
         <size>0xca</size>
         <input_file_ref idref="fl-14"/>
      </object_component>
      <object_component id="oc-9f">
         <name>.text</name>
         <load_address>0xa140</load_address>
         <run_address>0xa140</run_address>
         <size>0xa1</size>
         <input_file_ref idref="fl-c"/>
      </object_component>
      <object_component id="oc-16d">
         <name>.text</name>
         <load_address>0xa1e1</load_address>
         <run_address>0xa1e1</run_address>
         <size>0x9c</size>
         <input_file_ref idref="fl-3a"/>
      </object_component>
      <object_component id="oc-129">
         <name>.text</name>
         <load_address>0xa27d</load_address>
         <run_address>0xa27d</run_address>
         <size>0x8b</size>
         <input_file_ref idref="fl-29"/>
      </object_component>
      <object_component id="oc-fb">
         <name>.text</name>
         <load_address>0xa308</load_address>
         <run_address>0xa308</run_address>
         <size>0x88</size>
         <input_file_ref idref="fl-1e"/>
      </object_component>
      <object_component id="oc-12d">
         <name>.text</name>
         <load_address>0xa390</load_address>
         <run_address>0xa390</run_address>
         <size>0x83</size>
         <input_file_ref idref="fl-2a"/>
      </object_component>
      <object_component id="oc-a9">
         <name>.text</name>
         <load_address>0xa413</load_address>
         <run_address>0xa413</run_address>
         <size>0x7c</size>
         <input_file_ref idref="fl-e"/>
      </object_component>
      <object_component id="oc-f1">
         <name>.text</name>
         <load_address>0xa48f</load_address>
         <run_address>0xa48f</run_address>
         <size>0x61</size>
         <input_file_ref idref="fl-1c"/>
      </object_component>
      <object_component id="oc-c4">
         <name>.text:retain</name>
         <load_address>0xa4f0</load_address>
         <run_address>0xa4f0</run_address>
         <size>0x58</size>
         <input_file_ref idref="fl-12"/>
      </object_component>
      <object_component id="oc-ff">
         <name>.text</name>
         <load_address>0xa548</load_address>
         <run_address>0xa548</run_address>
         <size>0x57</size>
         <input_file_ref idref="fl-1f"/>
      </object_component>
      <object_component id="oc-eb">
         <name>.text</name>
         <load_address>0xa59f</load_address>
         <run_address>0xa59f</run_address>
         <size>0x46</size>
         <input_file_ref idref="fl-1b"/>
      </object_component>
      <object_component id="oc-5c">
         <name>.text</name>
         <load_address>0xa5e5</load_address>
         <run_address>0xa5e5</run_address>
         <size>0x45</size>
         <input_file_ref idref="fl-8"/>
      </object_component>
      <object_component id="oc-c0">
         <name>.text</name>
         <load_address>0xa62a</load_address>
         <run_address>0xa62a</run_address>
         <size>0x39</size>
         <input_file_ref idref="fl-12"/>
      </object_component>
      <object_component id="oc-11b">
         <name>.text</name>
         <load_address>0xa663</load_address>
         <run_address>0xa663</run_address>
         <size>0x31</size>
         <input_file_ref idref="fl-25"/>
      </object_component>
      <object_component id="oc-103">
         <name>.text</name>
         <load_address>0xa694</load_address>
         <run_address>0xa694</run_address>
         <size>0x2f</size>
         <input_file_ref idref="fl-20"/>
      </object_component>
      <object_component id="oc-57">
         <name>.text</name>
         <load_address>0xa6c3</load_address>
         <run_address>0xa6c3</run_address>
         <size>0x2c</size>
         <input_file_ref idref="fl-7"/>
      </object_component>
      <object_component id="oc-155">
         <name>.text</name>
         <load_address>0xa6ef</load_address>
         <run_address>0xa6ef</run_address>
         <size>0x2c</size>
         <input_file_ref idref="fl-34"/>
      </object_component>
      <object_component id="oc-125">
         <name>.text</name>
         <load_address>0xa71b</load_address>
         <run_address>0xa71b</run_address>
         <size>0x2a</size>
         <input_file_ref idref="fl-28"/>
      </object_component>
      <object_component id="oc-171">
         <name>.text</name>
         <load_address>0xa745</load_address>
         <run_address>0xa745</run_address>
         <size>0x2a</size>
         <input_file_ref idref="fl-3b"/>
      </object_component>
      <object_component id="oc-67">
         <name>.text</name>
         <load_address>0xa76f</load_address>
         <run_address>0xa76f</run_address>
         <size>0x28</size>
         <input_file_ref idref="fl-a"/>
      </object_component>
      <object_component id="oc-107">
         <name>.text</name>
         <load_address>0xa798</load_address>
         <run_address>0xa798</run_address>
         <size>0x23</size>
         <input_file_ref idref="fl-21"/>
      </object_component>
      <object_component id="oc-139">
         <name>.text</name>
         <load_address>0xa7bb</load_address>
         <run_address>0xa7bb</run_address>
         <size>0x21</size>
         <input_file_ref idref="fl-2d"/>
      </object_component>
      <object_component id="oc-15d">
         <name>.text</name>
         <load_address>0xa7dc</load_address>
         <run_address>0xa7dc</run_address>
         <size>0x21</size>
         <input_file_ref idref="fl-36"/>
      </object_component>
      <object_component id="oc-61">
         <name>.text</name>
         <load_address>0xa7fd</load_address>
         <run_address>0xa7fd</run_address>
         <size>0x20</size>
         <input_file_ref idref="fl-9"/>
      </object_component>
      <object_component id="oc-13d">
         <name>.text</name>
         <load_address>0xa81d</load_address>
         <run_address>0xa81d</run_address>
         <size>0x1f</size>
         <input_file_ref idref="fl-2e"/>
      </object_component>
      <object_component id="oc-149">
         <name>.text</name>
         <load_address>0xa83c</load_address>
         <run_address>0xa83c</run_address>
         <size>0x1e</size>
         <input_file_ref idref="fl-31"/>
      </object_component>
      <object_component id="oc-141">
         <name>.text</name>
         <load_address>0xa85a</load_address>
         <run_address>0xa85a</run_address>
         <size>0x1c</size>
         <input_file_ref idref="fl-2f"/>
      </object_component>
      <object_component id="oc-145">
         <name>.text</name>
         <load_address>0xa876</load_address>
         <run_address>0xa876</run_address>
         <size>0x1c</size>
         <input_file_ref idref="fl-30"/>
      </object_component>
      <object_component id="oc-117">
         <name>.text</name>
         <load_address>0xa892</load_address>
         <run_address>0xa892</run_address>
         <size>0x19</size>
         <input_file_ref idref="fl-24"/>
      </object_component>
      <object_component id="oc-f5">
         <name>.text</name>
         <load_address>0xa8ab</load_address>
         <run_address>0xa8ab</run_address>
         <size>0x19</size>
         <input_file_ref idref="fl-1d"/>
      </object_component>
      <object_component id="oc-151">
         <name>.text</name>
         <load_address>0xa8c4</load_address>
         <run_address>0xa8c4</run_address>
         <size>0x14</size>
         <input_file_ref idref="fl-33"/>
      </object_component>
      <object_component id="oc-135">
         <name>.text</name>
         <load_address>0xa8d8</load_address>
         <run_address>0xa8d8</run_address>
         <size>0xe</size>
         <input_file_ref idref="fl-2c"/>
      </object_component>
      <object_component id="oc-159">
         <name>.text</name>
         <load_address>0xa8e6</load_address>
         <run_address>0xa8e6</run_address>
         <size>0xd</size>
         <input_file_ref idref="fl-35"/>
      </object_component>
      <object_component id="oc-10b">
         <name>.text</name>
         <load_address>0xa8f3</load_address>
         <run_address>0xa8f3</run_address>
         <size>0x9</size>
         <input_file_ref idref="fl-22"/>
      </object_component>
      <object_component id="oc-131">
         <name>.text</name>
         <load_address>0xa8fc</load_address>
         <run_address>0xa8fc</run_address>
         <size>0x9</size>
         <input_file_ref idref="fl-2b"/>
      </object_component>
      <object_component id="oc-af">
         <name>.text</name>
         <load_address>0xa905</load_address>
         <run_address>0xa905</run_address>
         <size>0x8</size>
         <input_file_ref idref="fl-f"/>
      </object_component>
      <object_component id="oc-169">
         <name>.text</name>
         <load_address>0xa90d</load_address>
         <run_address>0xa90d</run_address>
         <size>0x8</size>
         <input_file_ref idref="fl-39"/>
      </object_component>
      <object_component id="oc-161">
         <name>.text</name>
         <load_address>0xa915</load_address>
         <run_address>0xa915</run_address>
         <size>0x7</size>
         <input_file_ref idref="fl-37"/>
      </object_component>
      <object_component id="oc-165">
         <name>.text</name>
         <load_address>0xa91c</load_address>
         <run_address>0xa91c</run_address>
         <size>0x5</size>
         <input_file_ref idref="fl-38"/>
      </object_component>
      <object_component id="oc-e5">
         <name>.cinit</name>
         <load_address>0xa921</load_address>
         <run_address>0xa921</run_address>
         <size>0x48</size>
         <input_file_ref idref="fl-17"/>
      </object_component>
      <object_component id="oc-b9">
         <name>.cinit</name>
         <load_address>0xa969</load_address>
         <run_address>0xa969</run_address>
         <size>0x42</size>
         <input_file_ref idref="fl-11"/>
      </object_component>
      <object_component id="oc-d3">
         <name>.cinit</name>
         <load_address>0xa9ab</load_address>
         <run_address>0xa9ab</run_address>
         <size>0x22</size>
         <input_file_ref idref="fl-14"/>
      </object_component>
      <object_component id="oc-ca">
         <name>.cinit</name>
         <load_address>0xa9cd</load_address>
         <run_address>0xa9cd</run_address>
         <size>0x14</size>
         <input_file_ref idref="fl-13"/>
      </object_component>
      <object_component id="oc-c2">
         <name>.cinit</name>
         <load_address>0xa9e1</load_address>
         <run_address>0xa9e1</run_address>
         <size>0xc</size>
         <input_file_ref idref="fl-12"/>
      </object_component>
      <object_component id="oc-10d">
         <name>.cinit</name>
         <load_address>0xa9ed</load_address>
         <run_address>0xa9ed</run_address>
         <size>0xa</size>
         <input_file_ref idref="fl-22"/>
      </object_component>
      <object_component id="oc-f7">
         <name>.cinit</name>
         <load_address>0xa9f7</load_address>
         <run_address>0xa9f7</run_address>
         <size>0xa</size>
         <input_file_ref idref="fl-1d"/>
      </object_component>
      <object_component id="oc-122">
         <name>.cinit</name>
         <load_address>0xaa01</load_address>
         <run_address>0xaa01</run_address>
         <size>0x4</size>
         <input_file_ref idref="fl-27"/>
      </object_component>
      <object_component id="oc-ec">
         <name>.stack</name>
         <uninitialized>true</uninitialized>
         <run_address>0x400</run_address>
         <size>0x0</size>
         <input_file_ref idref="fl-1b"/>
      </object_component>
      <object_component id="oc-1d2">
         <name>.stack</name>
         <uninitialized>true</uninitialized>
         <run_address>0x400</run_address>
         <size>0x0</size>
      </object_component>
      <object_component id="oc-ab">
         <name>.ebss</name>
         <uninitialized>true</uninitialized>
         <run_address>0xc760</run_address>
         <size>0x18</size>
         <input_file_ref idref="fl-e"/>
      </object_component>
      <object_component id="oc-ba">
         <name>.ebss</name>
         <uninitialized>true</uninitialized>
         <run_address>0xc640</run_address>
         <size>0x120</size>
         <input_file_ref idref="fl-11"/>
      </object_component>
      <object_component id="oc-c3">
         <name>.ebss</name>
         <uninitialized>true</uninitialized>
         <run_address>0xc7c0</run_address>
         <size>0x3</size>
         <input_file_ref idref="fl-12"/>
      </object_component>
      <object_component id="oc-cb">
         <name>.ebss</name>
         <uninitialized>true</uninitialized>
         <run_address>0xc400</run_address>
         <size>0x240</size>
         <input_file_ref idref="fl-13"/>
      </object_component>
      <object_component id="oc-d4">
         <name>.ebss</name>
         <uninitialized>true</uninitialized>
         <run_address>0xc7b0</run_address>
         <size>0xe</size>
         <input_file_ref idref="fl-14"/>
      </object_component>
      <object_component id="oc-e7">
         <name>.ebss</name>
         <uninitialized>true</uninitialized>
         <run_address>0xc780</run_address>
         <size>0x30</size>
         <input_file_ref idref="fl-17"/>
      </object_component>
      <object_component id="oc-f8">
         <name>.ebss</name>
         <uninitialized>true</uninitialized>
         <run_address>0xc77c</run_address>
         <size>0x4</size>
         <input_file_ref idref="fl-1d"/>
      </object_component>
      <object_component id="oc-10e">
         <name>.ebss</name>
         <uninitialized>true</uninitialized>
         <run_address>0xc778</run_address>
         <size>0x4</size>
         <input_file_ref idref="fl-22"/>
      </object_component>
      <object_component id="oc-123">
         <name>.ebss</name>
         <uninitialized>true</uninitialized>
         <run_address>0xc7be</run_address>
         <size>0x1</size>
         <input_file_ref idref="fl-27"/>
      </object_component>
      <object_component id="oc-181">
         <name>.econst:.string:__ctypes_</name>
         <load_address>0xc7c4</load_address>
         <run_address>0xc7c4</run_address>
         <size>0x101</size>
         <input_file_ref idref="fl-26"/>
      </object_component>
      <object_component id="oc-63">
         <name>.econst</name>
         <load_address>0xc8c6</load_address>
         <run_address>0xc8c6</run_address>
         <size>0x100</size>
         <input_file_ref idref="fl-9"/>
      </object_component>
      <object_component id="oc-114">
         <name>.econst:.string</name>
         <load_address>0xc9c6</load_address>
         <run_address>0xc9c6</run_address>
         <size>0x24</size>
         <input_file_ref idref="fl-23"/>
      </object_component>
      <object_component id="oc-113">
         <name>.econst</name>
         <load_address>0xc9ea</load_address>
         <run_address>0xc9ea</run_address>
         <size>0x18</size>
         <input_file_ref idref="fl-23"/>
      </object_component>
      <object_component id="oc-177">
         <name>.econst:_B</name>
         <load_address>0xca02</load_address>
         <run_address>0xca02</run_address>
         <size>0x14</size>
         <input_file_ref idref="fl-15"/>
      </object_component>
      <object_component id="oc-178">
         <name>.econst:_K</name>
         <load_address>0xca16</load_address>
         <run_address>0xca16</run_address>
         <size>0x14</size>
         <input_file_ref idref="fl-15"/>
      </object_component>
      <object_component id="oc-175">
         <name>.econst:_ZeroDutyCycleArray</name>
         <load_address>0xca2a</load_address>
         <run_address>0xca2a</run_address>
         <size>0x14</size>
         <input_file_ref idref="fl-11"/>
      </object_component>
      <object_component id="oc-bc">
         <name>.econst:.string</name>
         <load_address>0xca3e</load_address>
         <run_address>0xca3e</run_address>
         <size>0x10</size>
         <input_file_ref idref="fl-11"/>
      </object_component>
      <object_component id="oc-176">
         <name>.econst:_RR</name>
         <load_address>0xca4e</load_address>
         <run_address>0xca4e</run_address>
         <size>0xa</size>
         <input_file_ref idref="fl-15"/>
      </object_component>
      <object_component id="oc-17d">
         <name>.econst:_WRIST_B1</name>
         <load_address>0xca58</load_address>
         <run_address>0xca58</run_address>
         <size>0x6</size>
         <input_file_ref idref="fl-17"/>
      </object_component>
      <object_component id="oc-17e">
         <name>.econst:_WRIST_B2</name>
         <load_address>0xca5e</load_address>
         <run_address>0xca5e</run_address>
         <size>0x6</size>
         <input_file_ref idref="fl-17"/>
      </object_component>
      <object_component id="oc-17f">
         <name>.econst:_WRIST_B3</name>
         <load_address>0xca64</load_address>
         <run_address>0xca64</run_address>
         <size>0x6</size>
         <input_file_ref idref="fl-17"/>
      </object_component>
      <object_component id="oc-180">
         <name>.econst:_WRIST_B4</name>
         <load_address>0xca6a</load_address>
         <run_address>0xca6a</run_address>
         <size>0x6</size>
         <input_file_ref idref="fl-17"/>
      </object_component>
      <object_component id="oc-179">
         <name>.econst:_WRIST_P1</name>
         <load_address>0xca70</load_address>
         <run_address>0xca70</run_address>
         <size>0x6</size>
         <input_file_ref idref="fl-17"/>
      </object_component>
      <object_component id="oc-17a">
         <name>.econst:_WRIST_P2</name>
         <load_address>0xca76</load_address>
         <run_address>0xca76</run_address>
         <size>0x6</size>
         <input_file_ref idref="fl-17"/>
      </object_component>
      <object_component id="oc-17b">
         <name>.econst:_WRIST_P3</name>
         <load_address>0xca7c</load_address>
         <run_address>0xca7c</run_address>
         <size>0x6</size>
         <input_file_ref idref="fl-17"/>
      </object_component>
      <object_component id="oc-17c">
         <name>.econst:_WRIST_P4</name>
         <load_address>0xca82</load_address>
         <run_address>0xca82</run_address>
         <size>0x6</size>
         <input_file_ref idref="fl-17"/>
      </object_component>
      <object_component id="oc-e6">
         <name>.econst</name>
         <load_address>0xca88</load_address>
         <run_address>0xca88</run_address>
         <size>0x4</size>
         <input_file_ref idref="fl-17"/>
      </object_component>
      <object_component id="oc-df">
         <name>.econst</name>
         <load_address>0xca8c</load_address>
         <run_address>0xca8c</run_address>
         <size>0x4</size>
         <input_file_ref idref="fl-16"/>
      </object_component>
      <object_component id="oc-bb">
         <name>.econst</name>
         <load_address>0xca90</load_address>
         <run_address>0xca90</run_address>
         <size>0x2</size>
         <input_file_ref idref="fl-11"/>
      </object_component>
      <object_component id="oc-ed">
         <name>.reset</name>
         <load_address>0x3fffc0</load_address>
         <run_address>0x3fffc0</run_address>
         <size>0x2</size>
         <input_file_ref idref="fl-1b"/>
      </object_component>
      <object_component id="oc-b3">
         <name>.adc_cal</name>
         <load_address>0x380080</load_address>
         <run_address>0x380080</run_address>
         <size>0x7</size>
         <input_file_ref idref="fl-10"/>
      </object_component>
      <object_component id="oc-9d">
         <name>PieVectTableFile</name>
         <uninitialized>true</uninitialized>
         <run_address>0xd00</run_address>
         <size>0x100</size>
         <input_file_ref idref="fl-b"/>
      </object_component>
      <object_component id="oc-99">
         <name>DevEmuRegsFile</name>
         <uninitialized>true</uninitialized>
         <run_address>0x880</run_address>
         <size>0xd0</size>
         <input_file_ref idref="fl-b"/>
      </object_component>
      <object_component id="oc-6f">
         <name>FlashRegsFile</name>
         <uninitialized>true</uninitialized>
         <run_address>0xa80</run_address>
         <size>0x8</size>
         <input_file_ref idref="fl-b"/>
      </object_component>
      <object_component id="oc-79">
         <name>CsmRegsFile</name>
         <uninitialized>true</uninitialized>
         <run_address>0xae0</run_address>
         <size>0x10</size>
         <input_file_ref idref="fl-b"/>
      </object_component>
      <object_component id="oc-78">
         <name>AdcMirrorFile</name>
         <uninitialized>true</uninitialized>
         <run_address>0xb00</run_address>
         <size>0x10</size>
         <input_file_ref idref="fl-b"/>
      </object_component>
      <object_component id="oc-7c">
         <name>XintfRegsFile</name>
         <uninitialized>true</uninitialized>
         <run_address>0xb20</run_address>
         <size>0x1e</size>
         <input_file_ref idref="fl-b"/>
      </object_component>
      <object_component id="oc-70">
         <name>CpuTimer0RegsFile</name>
         <uninitialized>true</uninitialized>
         <run_address>0xc00</run_address>
         <size>0x8</size>
         <input_file_ref idref="fl-b"/>
      </object_component>
      <object_component id="oc-6e">
         <name>CpuTimer1RegsFile</name>
         <uninitialized>true</uninitialized>
         <run_address>0xc08</run_address>
         <size>0x8</size>
         <input_file_ref idref="fl-b"/>
      </object_component>
      <object_component id="oc-6d">
         <name>CpuTimer2RegsFile</name>
         <uninitialized>true</uninitialized>
         <run_address>0xc10</run_address>
         <size>0x8</size>
         <input_file_ref idref="fl-b"/>
      </object_component>
      <object_component id="oc-7a">
         <name>PieCtrlRegsFile</name>
         <uninitialized>true</uninitialized>
         <run_address>0xce0</run_address>
         <size>0x1a</size>
         <input_file_ref idref="fl-b"/>
      </object_component>
      <object_component id="oc-9a">
         <name>DmaRegsFile</name>
         <uninitialized>true</uninitialized>
         <run_address>0x1000</run_address>
         <size>0xe0</size>
         <input_file_ref idref="fl-b"/>
      </object_component>
      <object_component id="oc-8c">
         <name>McbspaRegsFile</name>
         <uninitialized>true</uninitialized>
         <run_address>0x5000</run_address>
         <size>0x25</size>
         <input_file_ref idref="fl-b"/>
      </object_component>
      <object_component id="oc-8d">
         <name>McbspbRegsFile</name>
         <uninitialized>true</uninitialized>
         <run_address>0x5040</run_address>
         <size>0x25</size>
         <input_file_ref idref="fl-b"/>
      </object_component>
      <object_component id="oc-90">
         <name>ECanaRegsFile</name>
         <uninitialized>true</uninitialized>
         <run_address>0x6000</run_address>
         <size>0x34</size>
         <input_file_ref idref="fl-b"/>
      </object_component>
      <object_component id="oc-93">
         <name>ECanaLAMRegsFile</name>
         <uninitialized>true</uninitialized>
         <run_address>0x6040</run_address>
         <size>0x40</size>
         <input_file_ref idref="fl-b"/>
      </object_component>
      <object_component id="oc-9c">
         <name>ECanaMboxesFile</name>
         <uninitialized>true</uninitialized>
         <run_address>0x6100</run_address>
         <size>0x100</size>
         <input_file_ref idref="fl-b"/>
      </object_component>
      <object_component id="oc-94">
         <name>ECanaMOTSRegsFile</name>
         <uninitialized>true</uninitialized>
         <run_address>0x6080</run_address>
         <size>0x40</size>
         <input_file_ref idref="fl-b"/>
      </object_component>
      <object_component id="oc-91">
         <name>ECanaMOTORegsFile</name>
         <uninitialized>true</uninitialized>
         <run_address>0x60c0</run_address>
         <size>0x40</size>
         <input_file_ref idref="fl-b"/>
      </object_component>
      <object_component id="oc-8f">
         <name>ECanbRegsFile</name>
         <uninitialized>true</uninitialized>
         <run_address>0x6200</run_address>
         <size>0x34</size>
         <input_file_ref idref="fl-b"/>
      </object_component>
      <object_component id="oc-97">
         <name>ECanbLAMRegsFile</name>
         <uninitialized>true</uninitialized>
         <run_address>0x6240</run_address>
         <size>0x40</size>
         <input_file_ref idref="fl-b"/>
      </object_component>
      <object_component id="oc-9b">
         <name>ECanbMboxesFile</name>
         <uninitialized>true</uninitialized>
         <run_address>0x6300</run_address>
         <size>0x100</size>
         <input_file_ref idref="fl-b"/>
      </object_component>
      <object_component id="oc-92">
         <name>ECanbMOTSRegsFile</name>
         <uninitialized>true</uninitialized>
         <run_address>0x6280</run_address>
         <size>0x40</size>
         <input_file_ref idref="fl-b"/>
      </object_component>
      <object_component id="oc-95">
         <name>ECanbMOTORegsFile</name>
         <uninitialized>true</uninitialized>
         <run_address>0x62c0</run_address>
         <size>0x40</size>
         <input_file_ref idref="fl-b"/>
      </object_component>
      <object_component id="oc-87">
         <name>EPwm1RegsFile</name>
         <uninitialized>true</uninitialized>
         <run_address>0x6800</run_address>
         <size>0x22</size>
         <input_file_ref idref="fl-b"/>
      </object_component>
      <object_component id="oc-86">
         <name>EPwm2RegsFile</name>
         <uninitialized>true</uninitialized>
         <run_address>0x6840</run_address>
         <size>0x22</size>
         <input_file_ref idref="fl-b"/>
      </object_component>
      <object_component id="oc-88">
         <name>EPwm3RegsFile</name>
         <uninitialized>true</uninitialized>
         <run_address>0x6880</run_address>
         <size>0x22</size>
         <input_file_ref idref="fl-b"/>
      </object_component>
      <object_component id="oc-8a">
         <name>EPwm4RegsFile</name>
         <uninitialized>true</uninitialized>
         <run_address>0x68c0</run_address>
         <size>0x22</size>
         <input_file_ref idref="fl-b"/>
      </object_component>
      <object_component id="oc-89">
         <name>EPwm5RegsFile</name>
         <uninitialized>true</uninitialized>
         <run_address>0x6900</run_address>
         <size>0x22</size>
         <input_file_ref idref="fl-b"/>
      </object_component>
      <object_component id="oc-8b">
         <name>EPwm6RegsFile</name>
         <uninitialized>true</uninitialized>
         <run_address>0x6940</run_address>
         <size>0x22</size>
         <input_file_ref idref="fl-b"/>
      </object_component>
      <object_component id="oc-83">
         <name>ECap1RegsFile</name>
         <uninitialized>true</uninitialized>
         <run_address>0x6a00</run_address>
         <size>0x20</size>
         <input_file_ref idref="fl-b"/>
      </object_component>
      <object_component id="oc-7f">
         <name>ECap2RegsFile</name>
         <uninitialized>true</uninitialized>
         <run_address>0x6a20</run_address>
         <size>0x20</size>
         <input_file_ref idref="fl-b"/>
      </object_component>
      <object_component id="oc-80">
         <name>ECap3RegsFile</name>
         <uninitialized>true</uninitialized>
         <run_address>0x6a40</run_address>
         <size>0x20</size>
         <input_file_ref idref="fl-b"/>
      </object_component>
      <object_component id="oc-7d">
         <name>ECap4RegsFile</name>
         <uninitialized>true</uninitialized>
         <run_address>0x6a60</run_address>
         <size>0x20</size>
         <input_file_ref idref="fl-b"/>
      </object_component>
      <object_component id="oc-7e">
         <name>ECap5RegsFile</name>
         <uninitialized>true</uninitialized>
         <run_address>0x6a80</run_address>
         <size>0x20</size>
         <input_file_ref idref="fl-b"/>
      </object_component>
      <object_component id="oc-84">
         <name>ECap6RegsFile</name>
         <uninitialized>true</uninitialized>
         <run_address>0x6aa0</run_address>
         <size>0x20</size>
         <input_file_ref idref="fl-b"/>
      </object_component>
      <object_component id="oc-98">
         <name>EQep1RegsFile</name>
         <uninitialized>true</uninitialized>
         <run_address>0x6b00</run_address>
         <size>0x40</size>
         <input_file_ref idref="fl-b"/>
      </object_component>
      <object_component id="oc-96">
         <name>EQep2RegsFile</name>
         <uninitialized>true</uninitialized>
         <run_address>0x6b40</run_address>
         <size>0x40</size>
         <input_file_ref idref="fl-b"/>
      </object_component>
      <object_component id="oc-8e">
         <name>GpioCtrlRegsFile</name>
         <uninitialized>true</uninitialized>
         <run_address>0x6f80</run_address>
         <size>0x2e</size>
         <input_file_ref idref="fl-b"/>
      </object_component>
      <object_component id="oc-81">
         <name>GpioDataRegsFile</name>
         <uninitialized>true</uninitialized>
         <run_address>0x6fc0</run_address>
         <size>0x20</size>
         <input_file_ref idref="fl-b"/>
      </object_component>
      <object_component id="oc-72">
         <name>GpioIntRegsFile</name>
         <uninitialized>true</uninitialized>
         <run_address>0x6fe0</run_address>
         <size>0xa</size>
         <input_file_ref idref="fl-b"/>
      </object_component>
      <object_component id="oc-82">
         <name>SysCtrlRegsFile</name>
         <uninitialized>true</uninitialized>
         <run_address>0x7010</run_address>
         <size>0x20</size>
         <input_file_ref idref="fl-b"/>
      </object_component>
      <object_component id="oc-75">
         <name>SpiaRegsFile</name>
         <uninitialized>true</uninitialized>
         <run_address>0x7040</run_address>
         <size>0x10</size>
         <input_file_ref idref="fl-b"/>
      </object_component>
      <object_component id="oc-76">
         <name>SciaRegsFile</name>
         <uninitialized>true</uninitialized>
         <run_address>0x7050</run_address>
         <size>0x10</size>
         <input_file_ref idref="fl-b"/>
      </object_component>
      <object_component id="oc-77">
         <name>XIntruptRegsFile</name>
         <uninitialized>true</uninitialized>
         <run_address>0x7070</run_address>
         <size>0x10</size>
         <input_file_ref idref="fl-b"/>
      </object_component>
      <object_component id="oc-7b">
         <name>AdcRegsFile</name>
         <uninitialized>true</uninitialized>
         <run_address>0x7100</run_address>
         <size>0x1e</size>
         <input_file_ref idref="fl-b"/>
      </object_component>
      <object_component id="oc-74">
         <name>ScibRegsFile</name>
         <uninitialized>true</uninitialized>
         <run_address>0x7750</run_address>
         <size>0x10</size>
         <input_file_ref idref="fl-b"/>
      </object_component>
      <object_component id="oc-73">
         <name>ScicRegsFile</name>
         <uninitialized>true</uninitialized>
         <run_address>0x7770</run_address>
         <size>0x10</size>
         <input_file_ref idref="fl-b"/>
      </object_component>
      <object_component id="oc-85">
         <name>I2caRegsFile</name>
         <uninitialized>true</uninitialized>
         <run_address>0x7900</run_address>
         <size>0x22</size>
         <input_file_ref idref="fl-b"/>
      </object_component>
      <object_component id="oc-71">
         <name>CsmPwlFile</name>
         <uninitialized>true</uninitialized>
         <run_address>0x33fff8</run_address>
         <size>0x8</size>
         <input_file_ref idref="fl-b"/>
      </object_component>
      <object_component id="oc-49">
         <name>.debug_info</name>
         <load_address>0x0</load_address>
         <run_address>0x0</run_address>
         <size>0x10f</size>
         <input_file_ref idref="fl-4"/>
      </object_component>
      <object_component id="oc-4d">
         <name>.debug_info</name>
         <load_address>0x10f</load_address>
         <run_address>0x10f</run_address>
         <size>0x225a</size>
         <input_file_ref idref="fl-5"/>
      </object_component>
      <object_component id="oc-52">
         <name>.debug_info</name>
         <load_address>0x2369</load_address>
         <run_address>0x2369</run_address>
         <size>0x20b7</size>
         <input_file_ref idref="fl-6"/>
      </object_component>
      <object_component id="oc-58">
         <name>.debug_info</name>
         <load_address>0x4420</load_address>
         <run_address>0x4420</run_address>
         <size>0x1ce3</size>
         <input_file_ref idref="fl-7"/>
      </object_component>
      <object_component id="oc-5d">
         <name>.debug_info</name>
         <load_address>0x6103</load_address>
         <run_address>0x6103</run_address>
         <size>0x1df1</size>
         <input_file_ref idref="fl-8"/>
      </object_component>
      <object_component id="oc-62">
         <name>.debug_info</name>
         <load_address>0x7ef4</load_address>
         <run_address>0x7ef4</run_address>
         <size>0x234b</size>
         <input_file_ref idref="fl-9"/>
      </object_component>
      <object_component id="oc-68">
         <name>.debug_info</name>
         <load_address>0xa23f</load_address>
         <run_address>0xa23f</run_address>
         <size>0xb89</size>
         <input_file_ref idref="fl-a"/>
      </object_component>
      <object_component id="oc-6c">
         <name>.debug_info</name>
         <load_address>0xadc8</load_address>
         <run_address>0xadc8</run_address>
         <size>0x12d9d</size>
         <input_file_ref idref="fl-b"/>
      </object_component>
      <object_component id="oc-a0">
         <name>.debug_info</name>
         <load_address>0x1db65</load_address>
         <run_address>0x1db65</run_address>
         <size>0x2129</size>
         <input_file_ref idref="fl-c"/>
      </object_component>
      <object_component id="oc-a4">
         <name>.debug_info</name>
         <load_address>0x1fc8e</load_address>
         <run_address>0x1fc8e</run_address>
         <size>0x5a2a</size>
         <input_file_ref idref="fl-d"/>
      </object_component>
      <object_component id="oc-aa">
         <name>.debug_info</name>
         <load_address>0x256b8</load_address>
         <run_address>0x256b8</run_address>
         <size>0x9d5</size>
         <input_file_ref idref="fl-e"/>
      </object_component>
      <object_component id="oc-b0">
         <name>.debug_info</name>
         <load_address>0x2608d</load_address>
         <run_address>0x2608d</run_address>
         <size>0x165</size>
         <input_file_ref idref="fl-f"/>
      </object_component>
      <object_component id="oc-b4">
         <name>.debug_info</name>
         <load_address>0x261f2</load_address>
         <run_address>0x261f2</run_address>
         <size>0x10f</size>
         <input_file_ref idref="fl-10"/>
      </object_component>
      <object_component id="oc-b8">
         <name>.debug_info</name>
         <load_address>0x26301</load_address>
         <run_address>0x26301</run_address>
         <size>0x19a2</size>
         <input_file_ref idref="fl-11"/>
      </object_component>
      <object_component id="oc-c1">
         <name>.debug_info</name>
         <load_address>0x27ca3</load_address>
         <run_address>0x27ca3</run_address>
         <size>0x227d</size>
         <input_file_ref idref="fl-12"/>
      </object_component>
      <object_component id="oc-c9">
         <name>.debug_info</name>
         <load_address>0x29f20</load_address>
         <run_address>0x29f20</run_address>
         <size>0x316a</size>
         <input_file_ref idref="fl-13"/>
      </object_component>
      <object_component id="oc-d2">
         <name>.debug_info</name>
         <load_address>0x2d08a</load_address>
         <run_address>0x2d08a</run_address>
         <size>0xe20</size>
         <input_file_ref idref="fl-14"/>
      </object_component>
      <object_component id="oc-d9">
         <name>.debug_info</name>
         <load_address>0x2deaa</load_address>
         <run_address>0x2deaa</run_address>
         <size>0x2234</size>
         <input_file_ref idref="fl-15"/>
      </object_component>
      <object_component id="oc-de">
         <name>.debug_info</name>
         <load_address>0x300de</load_address>
         <run_address>0x300de</run_address>
         <size>0x7cb</size>
         <input_file_ref idref="fl-16"/>
      </object_component>
      <object_component id="oc-e4">
         <name>.debug_info</name>
         <load_address>0x308a9</load_address>
         <run_address>0x308a9</run_address>
         <size>0x1ab5</size>
         <input_file_ref idref="fl-17"/>
      </object_component>
      <object_component id="oc-ee">
         <name>.debug_info</name>
         <load_address>0x3235e</load_address>
         <run_address>0x3235e</run_address>
         <size>0xdf</size>
         <input_file_ref idref="fl-1b"/>
      </object_component>
      <object_component id="oc-f2">
         <name>.debug_info</name>
         <load_address>0x3243d</load_address>
         <run_address>0x3243d</run_address>
         <size>0x390</size>
         <input_file_ref idref="fl-1c"/>
      </object_component>
      <object_component id="oc-f6">
         <name>.debug_info</name>
         <load_address>0x327cd</load_address>
         <run_address>0x327cd</run_address>
         <size>0x4a2</size>
         <input_file_ref idref="fl-1d"/>
      </object_component>
      <object_component id="oc-fc">
         <name>.debug_info</name>
         <load_address>0x32c6f</load_address>
         <run_address>0x32c6f</run_address>
         <size>0xc1</size>
         <input_file_ref idref="fl-1e"/>
      </object_component>
      <object_component id="oc-100">
         <name>.debug_info</name>
         <load_address>0x32d30</load_address>
         <run_address>0x32d30</run_address>
         <size>0x390</size>
         <input_file_ref idref="fl-1f"/>
      </object_component>
      <object_component id="oc-104">
         <name>.debug_info</name>
         <load_address>0x330c0</load_address>
         <run_address>0x330c0</run_address>
         <size>0x582</size>
         <input_file_ref idref="fl-20"/>
      </object_component>
      <object_component id="oc-108">
         <name>.debug_info</name>
         <load_address>0x33642</load_address>
         <run_address>0x33642</run_address>
         <size>0x3ff</size>
         <input_file_ref idref="fl-21"/>
      </object_component>
      <object_component id="oc-10c">
         <name>.debug_info</name>
         <load_address>0x33a41</load_address>
         <run_address>0x33a41</run_address>
         <size>0x481</size>
         <input_file_ref idref="fl-22"/>
      </object_component>
      <object_component id="oc-112">
         <name>.debug_info</name>
         <load_address>0x33ec2</load_address>
         <run_address>0x33ec2</run_address>
         <size>0x1ff6</size>
         <input_file_ref idref="fl-23"/>
      </object_component>
      <object_component id="oc-118">
         <name>.debug_info</name>
         <load_address>0x35eb8</load_address>
         <run_address>0x35eb8</run_address>
         <size>0x44d</size>
         <input_file_ref idref="fl-24"/>
      </object_component>
      <object_component id="oc-11c">
         <name>.debug_info</name>
         <load_address>0x36305</load_address>
         <run_address>0x36305</run_address>
         <size>0x46b</size>
         <input_file_ref idref="fl-25"/>
      </object_component>
      <object_component id="oc-11f">
         <name>.debug_info</name>
         <load_address>0x36770</load_address>
         <run_address>0x36770</run_address>
         <size>0x36b</size>
         <input_file_ref idref="fl-26"/>
      </object_component>
      <object_component id="oc-121">
         <name>.debug_info</name>
         <load_address>0x36adb</load_address>
         <run_address>0x36adb</run_address>
         <size>0x34e</size>
         <input_file_ref idref="fl-27"/>
      </object_component>
      <object_component id="oc-126">
         <name>.debug_info</name>
         <load_address>0x36e29</load_address>
         <run_address>0x36e29</run_address>
         <size>0xcd</size>
         <input_file_ref idref="fl-28"/>
      </object_component>
      <object_component id="oc-12a">
         <name>.debug_info</name>
         <load_address>0x36ef6</load_address>
         <run_address>0x36ef6</run_address>
         <size>0xc1</size>
         <input_file_ref idref="fl-29"/>
      </object_component>
      <object_component id="oc-12e">
         <name>.debug_info</name>
         <load_address>0x36fb7</load_address>
         <run_address>0x36fb7</run_address>
         <size>0xc1</size>
         <input_file_ref idref="fl-2a"/>
      </object_component>
      <object_component id="oc-132">
         <name>.debug_info</name>
         <load_address>0x37078</load_address>
         <run_address>0x37078</run_address>
         <size>0xc1</size>
         <input_file_ref idref="fl-2b"/>
      </object_component>
      <object_component id="oc-136">
         <name>.debug_info</name>
         <load_address>0x37139</load_address>
         <run_address>0x37139</run_address>
         <size>0xcf</size>
         <input_file_ref idref="fl-2c"/>
      </object_component>
      <object_component id="oc-13a">
         <name>.debug_info</name>
         <load_address>0x37208</load_address>
         <run_address>0x37208</run_address>
         <size>0xc1</size>
         <input_file_ref idref="fl-2d"/>
      </object_component>
      <object_component id="oc-13e">
         <name>.debug_info</name>
         <load_address>0x372c9</load_address>
         <run_address>0x372c9</run_address>
         <size>0xc1</size>
         <input_file_ref idref="fl-2e"/>
      </object_component>
      <object_component id="oc-142">
         <name>.debug_info</name>
         <load_address>0x3738a</load_address>
         <run_address>0x3738a</run_address>
         <size>0xc7</size>
         <input_file_ref idref="fl-2f"/>
      </object_component>
      <object_component id="oc-146">
         <name>.debug_info</name>
         <load_address>0x37451</load_address>
         <run_address>0x37451</run_address>
         <size>0xc1</size>
         <input_file_ref idref="fl-30"/>
      </object_component>
      <object_component id="oc-14a">
         <name>.debug_info</name>
         <load_address>0x37512</load_address>
         <run_address>0x37512</run_address>
         <size>0xfa</size>
         <input_file_ref idref="fl-31"/>
      </object_component>
      <object_component id="oc-14e">
         <name>.debug_info</name>
         <load_address>0x3760c</load_address>
         <run_address>0x3760c</run_address>
         <size>0x1c6</size>
         <input_file_ref idref="fl-32"/>
      </object_component>
      <object_component id="oc-152">
         <name>.debug_info</name>
         <load_address>0x377d2</load_address>
         <run_address>0x377d2</run_address>
         <size>0xc1</size>
         <input_file_ref idref="fl-33"/>
      </object_component>
      <object_component id="oc-156">
         <name>.debug_info</name>
         <load_address>0x37893</load_address>
         <run_address>0x37893</run_address>
         <size>0x46a</size>
         <input_file_ref idref="fl-34"/>
      </object_component>
      <object_component id="oc-15a">
         <name>.debug_info</name>
         <load_address>0x37cfd</load_address>
         <run_address>0x37cfd</run_address>
         <size>0x43b</size>
         <input_file_ref idref="fl-35"/>
      </object_component>
      <object_component id="oc-15e">
         <name>.debug_info</name>
         <load_address>0x38138</load_address>
         <run_address>0x38138</run_address>
         <size>0x4e7</size>
         <input_file_ref idref="fl-36"/>
      </object_component>
      <object_component id="oc-162">
         <name>.debug_info</name>
         <load_address>0x3861f</load_address>
         <run_address>0x3861f</run_address>
         <size>0x464</size>
         <input_file_ref idref="fl-37"/>
      </object_component>
      <object_component id="oc-166">
         <name>.debug_info</name>
         <load_address>0x38a83</load_address>
         <run_address>0x38a83</run_address>
         <size>0x455</size>
         <input_file_ref idref="fl-38"/>
      </object_component>
      <object_component id="oc-16a">
         <name>.debug_info</name>
         <load_address>0x38ed8</load_address>
         <run_address>0x38ed8</run_address>
         <size>0x450</size>
         <input_file_ref idref="fl-39"/>
      </object_component>
      <object_component id="oc-16e">
         <name>.debug_info</name>
         <load_address>0x39328</load_address>
         <run_address>0x39328</run_address>
         <size>0xc1</size>
         <input_file_ref idref="fl-3a"/>
      </object_component>
      <object_component id="oc-172">
         <name>.debug_info</name>
         <load_address>0x393e9</load_address>
         <run_address>0x393e9</run_address>
         <size>0x14f</size>
         <input_file_ref idref="fl-3b"/>
      </object_component>
      <object_component id="oc-1d3">
         <name>.debug_info</name>
         <load_address>0x39538</load_address>
         <run_address>0x39538</run_address>
         <size>0x6f</size>
      </object_component>
      <object_component id="oc-4a">
         <name>.debug_line</name>
         <load_address>0x0</load_address>
         <run_address>0x0</run_address>
         <size>0x5e</size>
         <input_file_ref idref="fl-4"/>
      </object_component>
      <object_component id="oc-4f">
         <name>.debug_line</name>
         <load_address>0x5e</load_address>
         <run_address>0x5e</run_address>
         <size>0x10b</size>
         <input_file_ref idref="fl-5"/>
      </object_component>
      <object_component id="oc-55">
         <name>.debug_line</name>
         <load_address>0x169</load_address>
         <run_address>0x169</run_address>
         <size>0x17b</size>
         <input_file_ref idref="fl-6"/>
      </object_component>
      <object_component id="oc-5a">
         <name>.debug_line</name>
         <load_address>0x2e4</load_address>
         <run_address>0x2e4</run_address>
         <size>0x98</size>
         <input_file_ref idref="fl-7"/>
      </object_component>
      <object_component id="oc-5f">
         <name>.debug_line</name>
         <load_address>0x37c</load_address>
         <run_address>0x37c</run_address>
         <size>0xd7</size>
         <input_file_ref idref="fl-8"/>
      </object_component>
      <object_component id="oc-65">
         <name>.debug_line</name>
         <load_address>0x453</load_address>
         <run_address>0x453</run_address>
         <size>0x7c</size>
         <input_file_ref idref="fl-9"/>
      </object_component>
      <object_component id="oc-6a">
         <name>.debug_line</name>
         <load_address>0x4cf</load_address>
         <run_address>0x4cf</run_address>
         <size>0x9c</size>
         <input_file_ref idref="fl-a"/>
      </object_component>
      <object_component id="oc-a2">
         <name>.debug_line</name>
         <load_address>0x56b</load_address>
         <run_address>0x56b</run_address>
         <size>0x16f</size>
         <input_file_ref idref="fl-c"/>
      </object_component>
      <object_component id="oc-a7">
         <name>.debug_line</name>
         <load_address>0x6da</load_address>
         <run_address>0x6da</run_address>
         <size>0x778</size>
         <input_file_ref idref="fl-d"/>
      </object_component>
      <object_component id="oc-ad">
         <name>.debug_line</name>
         <load_address>0xe52</load_address>
         <run_address>0xe52</run_address>
         <size>0x9e</size>
         <input_file_ref idref="fl-e"/>
      </object_component>
      <object_component id="oc-b1">
         <name>.debug_line</name>
         <load_address>0xef0</load_address>
         <run_address>0xef0</run_address>
         <size>0x77</size>
         <input_file_ref idref="fl-f"/>
      </object_component>
      <object_component id="oc-b5">
         <name>.debug_line</name>
         <load_address>0xf67</load_address>
         <run_address>0xf67</run_address>
         <size>0x5f</size>
         <input_file_ref idref="fl-10"/>
      </object_component>
      <object_component id="oc-be">
         <name>.debug_line</name>
         <load_address>0xfc6</load_address>
         <run_address>0xfc6</run_address>
         <size>0x2b8</size>
         <input_file_ref idref="fl-11"/>
      </object_component>
      <object_component id="oc-c6">
         <name>.debug_line</name>
         <load_address>0x127e</load_address>
         <run_address>0x127e</run_address>
         <size>0x11c</size>
         <input_file_ref idref="fl-12"/>
      </object_component>
      <object_component id="oc-cf">
         <name>.debug_line</name>
         <load_address>0x139a</load_address>
         <run_address>0x139a</run_address>
         <size>0x2ab</size>
         <input_file_ref idref="fl-13"/>
      </object_component>
      <object_component id="oc-d6">
         <name>.debug_line</name>
         <load_address>0x1645</load_address>
         <run_address>0x1645</run_address>
         <size>0x178</size>
         <input_file_ref idref="fl-14"/>
      </object_component>
      <object_component id="oc-db">
         <name>.debug_line</name>
         <load_address>0x17bd</load_address>
         <run_address>0x17bd</run_address>
         <size>0x27a</size>
         <input_file_ref idref="fl-15"/>
      </object_component>
      <object_component id="oc-e1">
         <name>.debug_line</name>
         <load_address>0x1a37</load_address>
         <run_address>0x1a37</run_address>
         <size>0xca</size>
         <input_file_ref idref="fl-16"/>
      </object_component>
      <object_component id="oc-e9">
         <name>.debug_line</name>
         <load_address>0x1b01</load_address>
         <run_address>0x1b01</run_address>
         <size>0x25a</size>
         <input_file_ref idref="fl-17"/>
      </object_component>
      <object_component id="oc-ef">
         <name>.debug_line</name>
         <load_address>0x1d5b</load_address>
         <run_address>0x1d5b</run_address>
         <size>0x71</size>
         <input_file_ref idref="fl-1b"/>
      </object_component>
      <object_component id="oc-f3">
         <name>.debug_line</name>
         <load_address>0x1dcc</load_address>
         <run_address>0x1dcc</run_address>
         <size>0x3a</size>
         <input_file_ref idref="fl-1c"/>
      </object_component>
      <object_component id="oc-f9">
         <name>.debug_line</name>
         <load_address>0x1e06</load_address>
         <run_address>0x1e06</run_address>
         <size>0x4f</size>
         <input_file_ref idref="fl-1d"/>
      </object_component>
      <object_component id="oc-fd">
         <name>.debug_line</name>
         <load_address>0x1e55</load_address>
         <run_address>0x1e55</run_address>
         <size>0xaa</size>
         <input_file_ref idref="fl-1e"/>
      </object_component>
      <object_component id="oc-101">
         <name>.debug_line</name>
         <load_address>0x1eff</load_address>
         <run_address>0x1eff</run_address>
         <size>0x3a</size>
         <input_file_ref idref="fl-1f"/>
      </object_component>
      <object_component id="oc-105">
         <name>.debug_line</name>
         <load_address>0x1f39</load_address>
         <run_address>0x1f39</run_address>
         <size>0x66</size>
         <input_file_ref idref="fl-20"/>
      </object_component>
      <object_component id="oc-109">
         <name>.debug_line</name>
         <load_address>0x1f9f</load_address>
         <run_address>0x1f9f</run_address>
         <size>0x43</size>
         <input_file_ref idref="fl-21"/>
      </object_component>
      <object_component id="oc-10f">
         <name>.debug_line</name>
         <load_address>0x1fe2</load_address>
         <run_address>0x1fe2</run_address>
         <size>0x57</size>
         <input_file_ref idref="fl-22"/>
      </object_component>
      <object_component id="oc-115">
         <name>.debug_line</name>
         <load_address>0x2039</load_address>
         <run_address>0x2039</run_address>
         <size>0x23d</size>
         <input_file_ref idref="fl-23"/>
      </object_component>
      <object_component id="oc-119">
         <name>.debug_line</name>
         <load_address>0x2276</load_address>
         <run_address>0x2276</run_address>
         <size>0x41</size>
         <input_file_ref idref="fl-24"/>
      </object_component>
      <object_component id="oc-11d">
         <name>.debug_line</name>
         <load_address>0x22b7</load_address>
         <run_address>0x22b7</run_address>
         <size>0x44</size>
         <input_file_ref idref="fl-25"/>
      </object_component>
      <object_component id="oc-127">
         <name>.debug_line</name>
         <load_address>0x22fb</load_address>
         <run_address>0x22fb</run_address>
         <size>0x5d</size>
         <input_file_ref idref="fl-28"/>
      </object_component>
      <object_component id="oc-12b">
         <name>.debug_line</name>
         <load_address>0x2358</load_address>
         <run_address>0x2358</run_address>
         <size>0xb0</size>
         <input_file_ref idref="fl-29"/>
      </object_component>
      <object_component id="oc-12f">
         <name>.debug_line</name>
         <load_address>0x2408</load_address>
         <run_address>0x2408</run_address>
         <size>0x9f</size>
         <input_file_ref idref="fl-2a"/>
      </object_component>
      <object_component id="oc-133">
         <name>.debug_line</name>
         <load_address>0x24a7</load_address>
         <run_address>0x24a7</run_address>
         <size>0x42</size>
         <input_file_ref idref="fl-2b"/>
      </object_component>
      <object_component id="oc-137">
         <name>.debug_line</name>
         <load_address>0x24e9</load_address>
         <run_address>0x24e9</run_address>
         <size>0x46</size>
         <input_file_ref idref="fl-2c"/>
      </object_component>
      <object_component id="oc-13b">
         <name>.debug_line</name>
         <load_address>0x252f</load_address>
         <run_address>0x252f</run_address>
         <size>0x56</size>
         <input_file_ref idref="fl-2d"/>
      </object_component>
      <object_component id="oc-13f">
         <name>.debug_line</name>
         <load_address>0x2585</load_address>
         <run_address>0x2585</run_address>
         <size>0x55</size>
         <input_file_ref idref="fl-2e"/>
      </object_component>
      <object_component id="oc-143">
         <name>.debug_line</name>
         <load_address>0x25da</load_address>
         <run_address>0x25da</run_address>
         <size>0x55</size>
         <input_file_ref idref="fl-2f"/>
      </object_component>
      <object_component id="oc-147">
         <name>.debug_line</name>
         <load_address>0x262f</load_address>
         <run_address>0x262f</run_address>
         <size>0x53</size>
         <input_file_ref idref="fl-30"/>
      </object_component>
      <object_component id="oc-14b">
         <name>.debug_line</name>
         <load_address>0x2682</load_address>
         <run_address>0x2682</run_address>
         <size>0x60</size>
         <input_file_ref idref="fl-31"/>
      </object_component>
      <object_component id="oc-14f">
         <name>.debug_line</name>
         <load_address>0x26e2</load_address>
         <run_address>0x26e2</run_address>
         <size>0x168</size>
         <input_file_ref idref="fl-32"/>
      </object_component>
      <object_component id="oc-153">
         <name>.debug_line</name>
         <load_address>0x284a</load_address>
         <run_address>0x284a</run_address>
         <size>0x4a</size>
         <input_file_ref idref="fl-33"/>
      </object_component>
      <object_component id="oc-157">
         <name>.debug_line</name>
         <load_address>0x2894</load_address>
         <run_address>0x2894</run_address>
         <size>0x40</size>
         <input_file_ref idref="fl-34"/>
      </object_component>
      <object_component id="oc-15b">
         <name>.debug_line</name>
         <load_address>0x28d4</load_address>
         <run_address>0x28d4</run_address>
         <size>0x40</size>
         <input_file_ref idref="fl-35"/>
      </object_component>
      <object_component id="oc-15f">
         <name>.debug_line</name>
         <load_address>0x2914</load_address>
         <run_address>0x2914</run_address>
         <size>0x46</size>
         <input_file_ref idref="fl-36"/>
      </object_component>
      <object_component id="oc-163">
         <name>.debug_line</name>
         <load_address>0x295a</load_address>
         <run_address>0x295a</run_address>
         <size>0x57</size>
         <input_file_ref idref="fl-37"/>
      </object_component>
      <object_component id="oc-167">
         <name>.debug_line</name>
         <load_address>0x29b1</load_address>
         <run_address>0x29b1</run_address>
         <size>0x57</size>
         <input_file_ref idref="fl-38"/>
      </object_component>
      <object_component id="oc-16b">
         <name>.debug_line</name>
         <load_address>0x2a08</load_address>
         <run_address>0x2a08</run_address>
         <size>0x57</size>
         <input_file_ref idref="fl-39"/>
      </object_component>
      <object_component id="oc-16f">
         <name>.debug_line</name>
         <load_address>0x2a5f</load_address>
         <run_address>0x2a5f</run_address>
         <size>0xc1</size>
         <input_file_ref idref="fl-3a"/>
      </object_component>
      <object_component id="oc-173">
         <name>.debug_line</name>
         <load_address>0x2b20</load_address>
         <run_address>0x2b20</run_address>
         <size>0x8b</size>
         <input_file_ref idref="fl-3b"/>
      </object_component>
      <object_component id="oc-4b">
         <name>.debug_abbrev</name>
         <load_address>0x0</load_address>
         <run_address>0x0</run_address>
         <size>0x2c</size>
         <input_file_ref idref="fl-4"/>
      </object_component>
      <object_component id="oc-50">
         <name>.debug_abbrev</name>
         <load_address>0x2c</load_address>
         <run_address>0x2c</run_address>
         <size>0xdb</size>
         <input_file_ref idref="fl-5"/>
      </object_component>
      <object_component id="oc-56">
         <name>.debug_abbrev</name>
         <load_address>0x107</load_address>
         <run_address>0x107</run_address>
         <size>0x183</size>
         <input_file_ref idref="fl-6"/>
      </object_component>
      <object_component id="oc-5b">
         <name>.debug_abbrev</name>
         <load_address>0x28a</load_address>
         <run_address>0x28a</run_address>
         <size>0xdb</size>
         <input_file_ref idref="fl-7"/>
      </object_component>
      <object_component id="oc-60">
         <name>.debug_abbrev</name>
         <load_address>0x365</load_address>
         <run_address>0x365</run_address>
         <size>0xdb</size>
         <input_file_ref idref="fl-8"/>
      </object_component>
      <object_component id="oc-66">
         <name>.debug_abbrev</name>
         <load_address>0x440</load_address>
         <run_address>0x440</run_address>
         <size>0x124</size>
         <input_file_ref idref="fl-9"/>
      </object_component>
      <object_component id="oc-6b">
         <name>.debug_abbrev</name>
         <load_address>0x564</load_address>
         <run_address>0x564</run_address>
         <size>0xbb</size>
         <input_file_ref idref="fl-a"/>
      </object_component>
      <object_component id="oc-9e">
         <name>.debug_abbrev</name>
         <load_address>0x61f</load_address>
         <run_address>0x61f</run_address>
         <size>0xb3</size>
         <input_file_ref idref="fl-b"/>
      </object_component>
      <object_component id="oc-a3">
         <name>.debug_abbrev</name>
         <load_address>0x6d2</load_address>
         <run_address>0x6d2</run_address>
         <size>0x100</size>
         <input_file_ref idref="fl-c"/>
      </object_component>
      <object_component id="oc-a8">
         <name>.debug_abbrev</name>
         <load_address>0x7d2</load_address>
         <run_address>0x7d2</run_address>
         <size>0xdc</size>
         <input_file_ref idref="fl-d"/>
      </object_component>
      <object_component id="oc-ae">
         <name>.debug_abbrev</name>
         <load_address>0x8ae</load_address>
         <run_address>0x8ae</run_address>
         <size>0xf0</size>
         <input_file_ref idref="fl-e"/>
      </object_component>
      <object_component id="oc-b2">
         <name>.debug_abbrev</name>
         <load_address>0x99e</load_address>
         <run_address>0x99e</run_address>
         <size>0x20</size>
         <input_file_ref idref="fl-f"/>
      </object_component>
      <object_component id="oc-b6">
         <name>.debug_abbrev</name>
         <load_address>0x9be</load_address>
         <run_address>0x9be</run_address>
         <size>0x2c</size>
         <input_file_ref idref="fl-10"/>
      </object_component>
      <object_component id="oc-bf">
         <name>.debug_abbrev</name>
         <load_address>0x9ea</load_address>
         <run_address>0x9ea</run_address>
         <size>0x1cf</size>
         <input_file_ref idref="fl-11"/>
      </object_component>
      <object_component id="oc-c7">
         <name>.debug_abbrev</name>
         <load_address>0xbb9</load_address>
         <run_address>0xbb9</run_address>
         <size>0x180</size>
         <input_file_ref idref="fl-12"/>
      </object_component>
      <object_component id="oc-d0">
         <name>.debug_abbrev</name>
         <load_address>0xd39</load_address>
         <run_address>0xd39</run_address>
         <size>0x1d3</size>
         <input_file_ref idref="fl-13"/>
      </object_component>
      <object_component id="oc-d7">
         <name>.debug_abbrev</name>
         <load_address>0xf0c</load_address>
         <run_address>0xf0c</run_address>
         <size>0x101</size>
         <input_file_ref idref="fl-14"/>
      </object_component>
      <object_component id="oc-dc">
         <name>.debug_abbrev</name>
         <load_address>0x100d</load_address>
         <run_address>0x100d</run_address>
         <size>0x18d</size>
         <input_file_ref idref="fl-15"/>
      </object_component>
      <object_component id="oc-e2">
         <name>.debug_abbrev</name>
         <load_address>0x119a</load_address>
         <run_address>0x119a</run_address>
         <size>0xe8</size>
         <input_file_ref idref="fl-16"/>
      </object_component>
      <object_component id="oc-ea">
         <name>.debug_abbrev</name>
         <load_address>0x1282</load_address>
         <run_address>0x1282</run_address>
         <size>0x12e</size>
         <input_file_ref idref="fl-17"/>
      </object_component>
      <object_component id="oc-f0">
         <name>.debug_abbrev</name>
         <load_address>0x13b0</load_address>
         <run_address>0x13b0</run_address>
         <size>0x46</size>
         <input_file_ref idref="fl-1b"/>
      </object_component>
      <object_component id="oc-f4">
         <name>.debug_abbrev</name>
         <load_address>0x13f6</load_address>
         <run_address>0x13f6</run_address>
         <size>0x89</size>
         <input_file_ref idref="fl-1c"/>
      </object_component>
      <object_component id="oc-fa">
         <name>.debug_abbrev</name>
         <load_address>0x147f</load_address>
         <run_address>0x147f</run_address>
         <size>0xe8</size>
         <input_file_ref idref="fl-1d"/>
      </object_component>
      <object_component id="oc-fe">
         <name>.debug_abbrev</name>
         <load_address>0x1567</load_address>
         <run_address>0x1567</run_address>
         <size>0x38</size>
[...]
         <value>0xc400</value>
         <object_component_ref idref="oc-cb"/>
      </symbol>
      <symbol id="sm-456">
         <name>_ISRScicTx</name>
         <value>0xa00b</value>
         <object_component_ref idref="oc-cd"/>
      </symbol>
      <symbol id="sm-457">
         <name>_RcvMsg2DutyCycle</name>
         <value>0x9a53</value>
         <object_component_ref idref="oc-c8"/>
      </symbol>
      <symbol id="sm-458">
         <name>_FindFrameHeader</name>
         <value>0x9ae7</value>
         <object_component_ref idref="oc-c8"/>
      </symbol>
      <symbol id="sm-459">
         <name>_ScicRcvBufNum</name>
         <value>0xc402</value>
         <object_component_ref idref="oc-cb"/>
      </symbol>
      <symbol id="sm-45a">
         <name>_ScicRcvBufIndex</name>
         <value>0xc403</value>
         <object_component_ref idref="oc-cb"/>
      </symbol>
      <symbol id="sm-45b">
         <name>_scic_xmit</name>
         <value>0x99ea</value>
         <object_component_ref idref="oc-c8"/>
      </symbol>
      <symbol id="sm-45c">
         <name>_ScicXmtBuf</name>
         <value>0xc540</value>
         <object_component_ref idref="oc-cb"/>
      </symbol>
      <symbol id="sm-45d">
         <name>_COM_REG</name>
         <value>0xc000</value>
         <object_component_ref idref="oc-cc"/>
      </symbol>
      <symbol id="sm-45e">
         <name>_ScicXmtBufIndex</name>
         <value>0xc401</value>
         <object_component_ref idref="oc-cb"/>
      </symbol>
      <symbol id="sm-45f">
         <name>_ScicInit</name>
         <value>0x99d8</value>
         <object_component_ref idref="oc-c8"/>
      </symbol>
      <symbol id="sm-460">
         <name>_scic_msg</name>
         <value>0x9a24</value>
         <object_component_ref idref="oc-c8"/>
      </symbol>
      <symbol id="sm-461">
         <name>_ScicXmt</name>
         <value>0x99fb</value>
         <object_component_ref idref="oc-c8"/>
      </symbol>
      <symbol id="sm-462">
         <name>_ScicXmtStart</name>
         <value>0x9ae2</value>
         <object_component_ref idref="oc-c8"/>
      </symbol>
      <symbol id="sm-463">
         <name>_ScicRcvBuf</name>
         <value>0xc440</value>
         <object_component_ref idref="oc-cb"/>
      </symbol>
      <symbol id="sm-464">
         <name>_ScicFifoInit</name>
         <value>0x9aa8</value>
         <object_component_ref idref="oc-c8"/>
      </symbol>
      <symbol id="sm-465">
         <name>_ISRScicRx</name>
         <value>0x9fa0</value>
         <object_component_ref idref="oc-cd"/>
      </symbol>
      <symbol id="sm-48f">
         <name>_ENCODER_RD</name>
         <value>0xc7b2</value>
         <object_component_ref idref="oc-d4"/>
      </symbol>
      <symbol id="sm-490">
         <name>_LED_ADD</name>
         <value>0xc7b8</value>
         <object_component_ref idref="oc-d4"/>
      </symbol>
      <symbol id="sm-491">
         <name>_led</name>
         <value>0xc7b0</value>
         <object_component_ref idref="oc-d4"/>
      </symbol>
      <symbol id="sm-492">
         <name>_TENSION_SENSOR</name>
         <value>0xc7ba</value>
         <object_component_ref idref="oc-d4"/>
      </symbol>
      <symbol id="sm-493">
         <name>_ReadAllSensor</name>
         <value>0xa100</value>
         <object_component_ref idref="oc-d1"/>
      </symbol>
      <symbol id="sm-494">
         <name>_ReadIncEncoder</name>
         <value>0xa08b</value>
         <object_component_ref idref="oc-d1"/>
      </symbol>
      <symbol id="sm-495">
         <name>_GetLED</name>
         <value>0xa0c6</value>
         <object_component_ref idref="oc-d1"/>
      </symbol>
      <symbol id="sm-496">
         <name>_SetLED</name>
         <value>0xa0ca</value>
         <object_component_ref idref="oc-d1"/>
      </symbol>
      <symbol id="sm-497">
         <name>_EncoderRd</name>
         <value>0xa076</value>
         <object_component_ref idref="oc-d1"/>
      </symbol>
      <symbol id="sm-498">
         <name>_BlinkLED</name>
         <value>0xa0bd</value>
         <object_component_ref idref="oc-d1"/>
      </symbol>
      <symbol id="sm-499">
         <name>_ABS_ENCODER</name>
         <value>0xc7bc</value>
         <object_component_ref idref="oc-d4"/>
      </symbol>
      <symbol id="sm-49a">
         <name>_INC_ENCODER</name>
         <value>0xc7b6</value>
         <object_component_ref idref="oc-d4"/>
      </symbol>
      <symbol id="sm-49b">
         <name>_ReadAbsEncoder</name>
         <value>0xa0a4</value>
         <object_component_ref idref="oc-d1"/>
      </symbol>
      <symbol id="sm-49c">
         <name>_ReadEncoder</name>
         <value>0xa0d3</value>
         <object_component_ref idref="oc-d1"/>
      </symbol>
      <symbol id="sm-49d">
         <name>_ExRamStart</name>
         <value>0xc7b4</value>
         <object_component_ref idref="oc-d4"/>
      </symbol>
      <symbol id="sm-4c7">
         <name>_RR</name>
         <value>0xca4e</value>
         <object_component_ref idref="oc-176"/>
      </symbol>
      <symbol id="sm-4c8">
         <name>_SetEPwm</name>
         <value>0x95f3</value>
         <object_component_ref idref="oc-d8"/>
      </symbol>
      <symbol id="sm-4c9">
         <name>_EPwm4Config</name>
         <value>0x948a</value>
         <object_component_ref idref="oc-d8"/>
      </symbol>
      <symbol id="sm-4ca">
         <name>_EPwm1Config</name>
         <value>0x9340</value>
         <object_component_ref idref="oc-d8"/>
      </symbol>
      <symbol id="sm-4cb">
         <name>_GetDutyCycle</name>
         <value>0x966b</value>
         <object_component_ref idref="oc-d8"/>
      </symbol>
      <symbol id="sm-4cc">
         <name>_EPwmSetup</name>
         <value>0x95d4</value>
         <object_component_ref idref="oc-d8"/>
      </symbol>
      <symbol id="sm-4cd">
         <name>_EPwm5Config</name>
         <value>0x94f8</value>
         <object_component_ref idref="oc-d8"/>
      </symbol>
      <symbol id="sm-4ce">
         <name>_EPwm2Config</name>
         <value>0x93ae</value>
         <object_component_ref idref="oc-d8"/>
      </symbol>
      <symbol id="sm-4cf">
         <name>_EPwm6Config</name>
         <value>0x9566</value>
         <object_component_ref idref="oc-d8"/>
      </symbol>
      <symbol id="sm-4d0">
         <name>_K</name>
         <value>0xca16</value>
         <object_component_ref idref="oc-178"/>
      </symbol>
      <symbol id="sm-4d1">
         <name>_B</name>
         <value>0xca02</value>
         <object_component_ref idref="oc-177"/>
      </symbol>
      <symbol id="sm-4d2">
         <name>_EPwm3Config</name>
         <value>0x941c</value>
         <object_component_ref idref="oc-d8"/>
      </symbol>
      <symbol id="sm-4ed">
         <name>_DUTY_CYCLE_ZERO</name>
         <value>0xca8c</value>
         <object_component_ref idref="oc-df"/>
      </symbol>
      <symbol id="sm-4ee">
         <name>_COPLEY_MAX_VELOCITY</name>
         <value>0xca8e</value>
         <object_component_ref idref="oc-df"/>
      </symbol>
      <symbol id="sm-4ef">
         <name>_InitMotorModel</name>
         <value>0x9c5b</value>
         <object_component_ref idref="oc-dd"/>
      </symbol>
      <symbol id="sm-4f0">
         <name>_SetVelocity</name>
         <value>0x9b9a</value>
         <object_component_ref idref="oc-dd"/>
      </symbol>
      <symbol id="sm-524">
         <name>_ControlWrist</name>
         <value>0x8e76</value>
         <object_component_ref idref="oc-e3"/>
      </symbol>
      <symbol id="sm-525">
         <name>_VecMultMat</name>
         <value>0x8b31</value>
         <object_component_ref idref="oc-e3"/>
      </symbol>
      <symbol id="sm-526">
         <name>_GenerateSquareWave</name>
         <value>0x8f84</value>
         <object_component_ref idref="oc-e3"/>
      </symbol>
      <symbol id="sm-527">
         <name>_ControlElbow</name>
         <value>0x8f33</value>
         <object_component_ref idref="oc-e3"/>
      </symbol>
      <symbol id="sm-528">
         <name>_MatMultVec</name>
         <value>0x8ad3</value>
         <object_component_ref idref="oc-e3"/>
      </symbol>
      <symbol id="sm-529">
         <name>_Matrix33Mult</name>
         <value>0x8908</value>
         <object_component_ref idref="oc-e3"/>
      </symbol>
      <symbol id="sm-52a">
         <name>_VecSub</name>
         <value>0x8b8f</value>
         <object_component_ref idref="oc-e3"/>
      </symbol>
      <symbol id="sm-52b">
         <name>_SolveD</name>
         <value>0x8bf6</value>
         <object_component_ref idref="oc-e3"/>
      </symbol>
      <symbol id="sm-52c">
         <name>_SolveH</name>
         <value>0x8d04</value>
         <object_component_ref idref="oc-e3"/>
      </symbol>
      <symbol id="sm-52d">
         <name>_ControlShoulder</name>
         <value>0x8db9</value>
         <object_component_ref idref="oc-e3"/>
      </symbol>
      <symbol id="sm-52e">
         <name>_SHOULDER_P4</name>
         <value>0xc780</value>
         <object_component_ref idref="oc-e7"/>
      </symbol>
      <symbol id="sm-52f">
         <name>_SHOULDER_P3</name>
         <value>0xc792</value>
         <object_component_ref idref="oc-e7"/>
      </symbol>
      <symbol id="sm-530">
         <name>_SHOULDER_P2</name>
         <value>0xc78c</value>
         <object_component_ref idref="oc-e7"/>
      </symbol>
      <symbol id="sm-531">
         <name>_SHOULDER_P1</name>
         <value>0xc7aa</value>
         <object_component_ref idref="oc-e7"/>
      </symbol>
      <symbol id="sm-532">
         <name>_Normliazation</name>
         <value>0x8d5b</value>
         <object_component_ref idref="oc-e3"/>
      </symbol>
      <symbol id="sm-533">
         <name>_VecCross</name>
         <value>0x8bb5</value>
         <object_component_ref idref="oc-e3"/>
      </symbol>
      <symbol id="sm-534">
         <name>_WRIST_B2</name>
         <value>0xca5e</value>
         <object_component_ref idref="oc-17e"/>
      </symbol>
      <symbol id="sm-535">
         <name>_WRIST_B3</name>
         <value>0xca64</value>
         <object_component_ref idref="oc-17f"/>
      </symbol>
      <symbol id="sm-536">
         <name>_WRIST_B1</name>
         <value>0xca58</value>
         <object_component_ref idref="oc-17d"/>
      </symbol>
      <symbol id="sm-537">
         <name>_WRIST_B4</name>
         <value>0xca6a</value>
         <object_component_ref idref="oc-180"/>
      </symbol>
      <symbol id="sm-538">
         <name>_EA2SO3</name>
         <value>0x8a29</value>
         <object_component_ref idref="oc-e3"/>
      </symbol>
      <symbol id="sm-539">
         <name>_SHOULDER_B4</name>
         <value>0xc798</value>
         <object_component_ref idref="oc-e7"/>
      </symbol>
      <symbol id="sm-53a">
         <name>_SHOULDER_B3</name>
         <value>0xc7a4</value>
         <object_component_ref idref="oc-e7"/>
      </symbol>
      <symbol id="sm-53b">
         <name>_SHOULDER_B2</name>
         <value>0xc79e</value>
         <object_component_ref idref="oc-e7"/>
      </symbol>
      <symbol id="sm-53c">
         <name>_SHOULDER_B1</name>
         <value>0xc786</value>
         <object_component_ref idref="oc-e7"/>
      </symbol>
      <symbol id="sm-53d">
         <name>_LAMBDA</name>
         <value>0xca8a</value>
         <object_component_ref idref="oc-e6"/>
      </symbol>
      <symbol id="sm-53e">
         <name>_INV_MOTOR_RADIUS</name>
         <value>0xca88</value>
         <object_component_ref idref="oc-e6"/>
      </symbol>
      <symbol id="sm-53f">
         <name>_GenerateSineWave</name>
         <value>0x8f4c</value>
         <object_component_ref idref="oc-e3"/>
      </symbol>
      <symbol id="sm-540">
         <name>_WRIST_P2</name>
         <value>0xca76</value>
         <object_component_ref idref="oc-17a"/>
      </symbol>
      <symbol id="sm-541">
         <name>_WRIST_P3</name>
         <value>0xca7c</value>
         <object_component_ref idref="oc-17b"/>
      </symbol>
      <symbol id="sm-542">
         <name>_WRIST_P1</name>
         <value>0xca70</value>
         <object_component_ref idref="oc-179"/>
      </symbol>
      <symbol id="sm-543">
         <name>_WRIST_P4</name>
         <value>0xca82</value>
         <object_component_ref idref="oc-17c"/>
      </symbol>
      <symbol id="sm-54f">
         <name>_c_int00</name>
         <value>0xa59f</value>
         <object_component_ref idref="oc-eb"/>
      </symbol>
      <symbol id="sm-550">
         <name>__stack</name>
         <value>0x400</value>
         <object_component_ref idref="oc-ec"/>
      </symbol>
      <symbol id="sm-55a">
         <name>_cos</name>
         <value>0xa48f</value>
         <object_component_ref idref="oc-f1"/>
      </symbol>
      <symbol id="sm-568">
         <name>C$$EXIT</name>
         <value>0xa8ab</value>
         <object_component_ref idref="oc-f5"/>
      </symbol>
      <symbol id="sm-569">
         <name>_exit</name>
         <value>0xa8ad</value>
         <object_component_ref idref="oc-f5"/>
      </symbol>
      <symbol id="sm-56a">
         <name>_abort</name>
         <value>0xa8ab</value>
         <object_component_ref idref="oc-f5"/>
      </symbol>
      <symbol id="sm-56b">
         <name>__cleanup_ptr</name>
         <value>0xc77c</value>
         <object_component_ref idref="oc-f8"/>
      </symbol>
      <symbol id="sm-56c">
         <name>__dtors_ptr</name>
         <value>0xc77e</value>
         <object_component_ref idref="oc-f8"/>
      </symbol>
      <symbol id="sm-574">
         <name>FS$$DIV</name>
         <value>0xa308</value>
         <object_component_ref idref="oc-fb"/>
      </symbol>
      <symbol id="sm-57e">
         <name>_sin</name>
         <value>0xa548</value>
         <object_component_ref idref="oc-ff"/>
      </symbol>
      <symbol id="sm-588">
         <name>_sprintf</name>
         <value>0xa694</value>
         <object_component_ref idref="oc-103"/>
      </symbol>
      <symbol id="sm-592">
         <name>_sqrt</name>
         <value>0xa798</value>
         <object_component_ref idref="oc-107"/>
      </symbol>
      <symbol id="sm-5a0">
         <name>__unlock</name>
         <value>0xc778</value>
         <object_component_ref idref="oc-10e"/>
      </symbol>
      <symbol id="sm-5a1">
         <name>__lock</name>
         <value>0xc77a</value>
         <object_component_ref idref="oc-10e"/>
      </symbol>
      <symbol id="sm-5a2">
         <name>__register_lock</name>
         <value>0xa8f7</value>
         <object_component_ref idref="oc-10b"/>
      </symbol>
      <symbol id="sm-5a3">
         <name>__nop</name>
         <value>0xa8fb</value>
         <object_component_ref idref="oc-10b"/>
      </symbol>
      <symbol id="sm-5a4">
         <name>__register_unlock</name>
         <value>0xa8f3</value>
         <object_component_ref idref="oc-10b"/>
      </symbol>
      <symbol id="sm-5b2">
         <name>__printfi</name>
         <value>0x8805</value>
         <object_component_ref idref="oc-111"/>
      </symbol>
      <symbol id="sm-5bc">
         <name>__args_main</name>
         <value>0xa892</value>
         <object_component_ref idref="oc-117"/>
      </symbol>
      <symbol id="sm-5bd">
         <name>__TI_args_main</name>
         <value>0x1</value>
      </symbol>
      <symbol id="sm-5c7">
         <name>_atoi</name>
         <value>0xa663</value>
         <object_component_ref idref="oc-11b"/>
      </symbol>
      <symbol id="sm-5cf">
         <name>__ctypes_</name>
         <value>0xc7c4</value>
         <object_component_ref idref="oc-181"/>
      </symbol>
      <symbol id="sm-5d9">
         <name>_errno</name>
         <value>0xc7be</value>
         <object_component_ref idref="oc-123"/>
      </symbol>
      <symbol id="sm-5e1">
         <name>FD$$CMP</name>
         <value>0xa71b</value>
         <object_component_ref idref="oc-125"/>
      </symbol>
      <symbol id="sm-5e9">
         <name>FD$$DIV</name>
         <value>0xa27d</value>
         <object_component_ref idref="oc-129"/>
      </symbol>
      <symbol id="sm-5f1">
         <name>FD$$MPY</name>
         <value>0xa390</value>
         <object_component_ref idref="oc-12d"/>
      </symbol>
      <symbol id="sm-5f9">
         <name>FD$$NEG</name>
         <value>0xa8fc</value>
         <object_component_ref idref="oc-131"/>
      </symbol>
      <symbol id="sm-601">
         <name>FD$$SUB</name>
         <value>0xa8d8</value>
         <object_component_ref idref="oc-135"/>
      </symbol>
      <symbol id="sm-609">
         <name>FD$$TOI</name>
         <value>0xa7bb</value>
         <object_component_ref idref="oc-139"/>
      </symbol>
      <symbol id="sm-611">
         <name>FD$$TOL</name>
         <value>0xa81d</value>
         <object_component_ref idref="oc-13d"/>
      </symbol>
      <symbol id="sm-619">
         <name>FS$$TOFD</name>
         <value>0xa85a</value>
         <object_component_ref idref="oc-141"/>
      </symbol>
      <symbol id="sm-621">
         <name>L$$TOFD</name>
         <value>0xa876</value>
         <object_component_ref idref="oc-145"/>
      </symbol>
      <symbol id="sm-629">
         <name>ULL$$CMP</name>
         <value>0xa84e</value>
         <object_component_ref idref="oc-149"/>
      </symbol>
      <symbol id="sm-62a">
         <name>LL$$CMP</name>
         <value>0xa83c</value>
         <object_component_ref idref="oc-149"/>
      </symbol>
      <symbol id="sm-632">
         <name>ULL$$MOD</name>
         <value>0x9d55</value>
         <object_component_ref idref="oc-14d"/>
      </symbol>
      <symbol id="sm-633">
         <name>ULL$$DIV</name>
         <value>0x9d26</value>
         <object_component_ref idref="oc-14d"/>
      </symbol>
      <symbol id="sm-634">
         <name>LL$$MOD</name>
         <value>0x9cec</value>
         <object_component_ref idref="oc-14d"/>
      </symbol>
      <symbol id="sm-635">
         <name>LL$$DIV</name>
         <value>0x9cb0</value>
         <object_component_ref idref="oc-14d"/>
      </symbol>
      <symbol id="sm-63d">
         <name>LL$$MPY</name>
         <value>0xa8c4</value>
         <object_component_ref idref="oc-151"/>
      </symbol>
      <symbol id="sm-647">
         <name>_ltoa</name>
         <value>0xa6ef</value>
         <object_component_ref idref="oc-155"/>
      </symbol>
      <symbol id="sm-651">
         <name>_memccpy</name>
         <value>0xa8e6</value>
         <object_component_ref idref="oc-159"/>
      </symbol>
      <symbol id="sm-65b">
         <name>___memcpy_ff</name>
         <value>0xa7dc</value>
         <object_component_ref idref="oc-15d"/>
      </symbol>
      <symbol id="sm-665">
         <name>_memset</name>
         <value>0xa915</value>
         <object_component_ref idref="oc-161"/>
      </symbol>
      <symbol id="sm-66f">
         <name>_strcpy</name>
         <value>0xa91c</value>
         <object_component_ref idref="oc-165"/>
      </symbol>
      <symbol id="sm-679">
         <name>_strlen</name>
         <value>0xa90d</value>
         <object_component_ref idref="oc-169"/>
      </symbol>
      <symbol id="sm-681">
         <name>FD$$ADD</name>
         <value>0xa1e1</value>
         <object_component_ref idref="oc-16d"/>
      </symbol>
      <symbol id="sm-689">
         <name>UL$$MOD</name>
         <value>0xa769</value>
         <object_component_ref idref="oc-171"/>
      </symbol>
      <symbol id="sm-68a">
         <name>L$$MOD</name>
         <value>0xa754</value>
         <object_component_ref idref="oc-171"/>
      </symbol>
      <symbol id="sm-68b">
         <name>L$$DIV</name>
         <value>0xa745</value>
         <object_component_ref idref="oc-171"/>
      </symbol>
      <symbol id="sm-68c">
         <name>UL$$DIV</name>
         <value>0xa762</value>
         <object_component_ref idref="oc-171"/>
      </symbol>
   </symbol_table>
</link_info>
