******************************************************************************
             TMS320C2000 Linker PC v6.1.3                      
******************************************************************************
>> Linked Wed Nov 25 21:13:18 2015

OUTPUT FILE NAME:   <F:/cableDrive/dsp_7dof/cdmcs_3dof/../Debug/cdmcs.out>
ENTRY POINT SYMBOL: "_c_int00"  address: 0000bb2c


MEMORY CONFIGURATION

         name            origin    length      used     unused   attr    fill
----------------------  --------  ---------  --------  --------  ----  --------
PAGE 0:
  BEGIN                 00000000   00000002  00000002  00000000  RWIX
  BOOT_RSVD             00000002   0000004e  00000000  0000004e  RWIX
  RAMM0                 00000050   000003b0  00000000  000003b0  RWIX
  RAML                  00008000   00004000  00003fda  00000026  RWIX
  ZONE7A                00200000   0000fc00  00000000  0000fc00  RWIX
  CSM_RSVD              0033ff80   00000076  00000000  00000076  RWIX
  CSM_PWL               0033fff8   00000008  00000000  00000008  RWIX
  ADC_CAL               00380080   00000009  00000007  00000002  RWIX
  IQTABLES              003fe000   00000b50  00000000  00000b50  RWIX
  IQTABLES2             003feb50   0000008c  00000000  0000008c  RWIX
  FPUTABLES             003febdc   000006a0  00000000  000006a0  RWIX
  BOOTROM               003ff27c   00000d44  00000000  00000d44  RWIX
  RESET                 003fffc0   00000002  00000000  00000002  RWIX

PAGE 1:
  RAMM                  00000400   00000400  00000300  00000100  RWIX
  DEV_EMU               00000880   00000180  000000d0  000000b0  RWIX
  FLASH_REGS            00000a80   00000060  00000008  00000058  RWIX
  CSM                   00000ae0   00000010  00000010  00000000  RWIX
  ADC_MIRROR            00000b00   00000010  00000010  00000000  RWIX
  XINTF                 00000b20   00000020  0000001e  00000002  RWIX
  CPU_TIMER0            00000c00   00000008  00000008  00000000  RWIX
  CPU_TIMER1            00000c08   00000008  00000008  00000000  RWIX
  CPU_TIMER2            00000c10   00000008  00000008  00000000  RWIX
  PIE_CTRL              00000ce0   00000020  0000001a  00000006  RWIX
  PIE_VECT              00000d00   00000100  00000100  00000000  RWIX
  DMA                   00001000   00000200  000000e0  00000120  RWIX
  MCBSPA                00005000   00000040  00000025  0000001b  RWIX
  MCBSPB                00005040   00000040  00000025  0000001b  RWIX
  ECANA                 00006000   00000040  00000034  0000000c  RWIX
  ECANA_LAM             00006040   00000040  00000040  00000000  RWIX
  ECANA_MOTS            00006080   00000040  00000040  00000000  RWIX
  ECANA_MOTO            000060c0   00000040  00000040  00000000  RWIX
  ECANA_MBOX            00006100   00000100  00000100  00000000  RWIX
  ECANB                 00006200   00000040  00000034  0000000c  RWIX
  ECANB_LAM             00006240   00000040  00000040  00000000  RWIX
  ECANB_MOTS            00006280   00000040  00000040  00000000  RWIX
  ECANB_MOTO            000062c0   00000040  00000040  00000000  RWIX
  ECANB_MBOX            00006300   00000100  00000100  00000000  RWIX
  EPWM1                 00006800   00000022  00000022  00000000  RWIX
  EPWM2                 00006840   00000022  00000022  00000000  RWIX
  EPWM3                 00006880   00000022  00000022  00000000  RWIX
  EPWM4                 000068c0   00000022  00000022  00000000  RWIX
  EPWM5                 00006900   00000022  00000022  00000000  RWIX
  EPWM6                 00006940   00000022  00000022  00000000  RWIX
  ECAP1                 00006a00   00000020  00000020  00000000  RWIX
  ECAP2                 00006a20   00000020  00000020  00000000  RWIX
  ECAP3                 00006a40   00000020  00000020  00000000  RWIX
  ECAP4                 00006a60   00000020  00000020  00000000  RWIX
  ECAP5                 00006a80   00000020  00000020  00000000  RWIX
  ECAP6                 00006aa0   00000020  00000020  00000000  RWIX
  EQEP1                 00006b00   00000040  00000040  00000000  RWIX
  EQEP2                 00006b40   00000040  00000040  00000000  RWIX
  GPIOCTRL              00006f80   00000040  0000002e  00000012  RWIX
  GPIODAT               00006fc0   00000020  00000020  00000000  RWIX
  GPIOINT               00006fe0   00000020  0000000a  00000016  RWIX
  SYSTEM                00007010   00000020  00000020  00000000  RWIX
  SPIA                  00007040   00000010  00000010  00000000  RWIX
  SCIA                  00007050   00000010  00000010  00000000  RWIX
  XINTRUPT              00007070   00000010  00000010  00000000  RWIX
  ADC                   00007100   00000020  0000001e  00000002  RWIX
  SCIB                  00007750   00000010  00000010  00000000  RWIX
  SCIC                  00007770   00000010  00000010  00000000  RWIX
  I2CA                  00007900   00000040  00000022  0000001e  RWIX
  COM_REG               0000c000   00000400  00000400  00000000  RWIX
  RAMH                  0000c400   00003c00  0000082a  000033d6  RWIX
  ZONE7B                0020fc00   00000400  00000000  00000400  RWIX
  CSM_PWL               0033fff8   00000008  00000008  00000000  RWIX


SECTION ALLOCATION MAP

 output                                  attributes/
section   page    origin      length       input sections
--------  ----  ----------  ----------   ----------------
codestart 
*          0    00000000    00000002     
                  00000000    00000002     DSP2833x_CodeStartBranch.obj (codestart)

.pinit     0    00008000    00000000     UNINITIALIZED

.text      0    00008000    00003f1b     
                  00008000    00000966     Algorithm.obj (.text)
                  00008966    00000908     rts2800_fpu32.lib : _printfi.obj (.text)
                  0000926e    00000715     Ecan.obj (.text)
                  00009983    000006b5     QP_1.obj (.text)
                  0000a038    0000037e     MotorControl.obj (.text)
                  0000a3b6    00000375     EPwmSetup.obj (.text)
                  0000a72b    00000323     DSP2833x_DefaultIsr.obj (.text:retain)
                  0000aa4e    000002c3     main.obj (.text)
                  0000ad11    000001c2     SciSetup.obj (.text)
                  0000aed3    0000012c     DSP2833x_ECan.obj (.text)
                  0000afff    00000117     CopleyControl.obj (.text)
                  0000b116    00000107     rts2800_fpu32.lib : ll_div.obj (.text)
                  0000b21d    000000f6     DSP2833x_Xintf.obj (.text)
                  0000b313    000000f3     DSP2833x_SysCtrl.obj (.text)
                  0000b406    000000d6     SciSetup.obj (.text:retain)
                  0000b4dc    000000a1     DSP2833x_EPwm.obj (.text)
                  0000b57d    0000009c     rts2800_fpu32.lib : fd_add.obj (.text)
                  0000b619    0000008b                       : fd_div.obj (.text)
                  0000b6a4    00000088                       : fs_div.obj (.text)
                  0000b72c    00000083                       : fd_mpy.obj (.text)
                  0000b7af    0000007c     DSP2833x_CpuTimers.obj (.text)
                  0000b82b    00000076     Fpga.obj (.text)
                  0000b8a1    0000006a     rts2800_fpu32.lib : exp.obj (.text)
                  0000b90b    00000063                       : log.obj (.text)
                  0000b96e    00000061                       : cos.obj (.text)
                  0000b9cf    0000005a                       : pow.obj (.text)
                  0000ba29    00000058     TimerSetup.obj (.text:retain)
                  0000ba81    00000057     rts2800_fpu32.lib : sin.obj (.text)
                  0000bad8    00000054                       : _log.obj (.text)
                  0000bb2c    00000046                       : boot.obj (.text)
                  0000bb72    00000045     DSP2833x_Sci.obj (.text)
                  0000bbb7    00000039     TimerSetup.obj (.text)
                  0000bbf0    00000035     rts2800_fpu32.lib : ldexp.obj (.text)
                  0000bc25    00000031                       : atoi.obj (.text)
                  0000bc56    0000002f                       : sprintf.obj (.text)
                  0000bc85    0000002c     DSP2833x_Spi.obj (.text)
                  0000bcb1    0000002c     rts2800_fpu32.lib : ltoa.obj (.text)
                  0000bcdd    0000002a                       : fd_cmp.obj (.text)
                  0000bd07    0000002a                       : l_div.obj (.text)
                  0000bd31    00000028     DSP2833x_PieCtrl.obj (.text)
                  0000bd59    00000001     --HOLE-- [fill = 0]
                  0000bd5a    00000023     rts2800_fpu32.lib : sqrt.obj (.text)
                  0000bd7d    00000022                       : i_div.obj (.text)
                  0000bd9f    00000021                       : fd_toi.obj (.text)
                  0000bdc0    00000021                       : memcpy_ff.obj (.text)
                  0000bde1    00000020     DSP2833x_PieVect.obj (.text)
                  0000be01    0000001f     rts2800_fpu32.lib : fd_tol.obj (.text)
                  0000be20    0000001e                       : ll_cmp.obj (.text)
                  0000be3e    0000001c                       : fs_tofd.obj (.text)
                  0000be5a    0000001c                       : l_tofd.obj (.text)
                  0000be76    00000019                       : args_main.obj (.text)
                  0000be8f    00000019                       : exit.obj (.text)
                  0000bea8    00000016                       : frexp.obj (.text)
                  0000bebe    00000014                       : ll_mpy.obj (.text)
                  0000bed2    0000000e                       : fd_sub.obj (.text)
                  0000bee0    0000000d                       : memccpy.obj (.text)
                  0000beed    00000009                       : _lock.obj (.text)
                  0000bef6    00000009                       : fd_neg.obj (.text)
                  0000beff    00000008     DSP2833x_CodeStartBranch.obj (.text)
                  0000bf07    00000008     rts2800_fpu32.lib : strlen.obj (.text)
                  0000bf0f    00000007                       : memset.obj (.text)
                  0000bf16    00000005                       : strcpy.obj (.text)

.cinit     0    0000bf1b    000000a0     
                  0000bf1b    0000002b     main.obj (.cinit)
                  0000bf46    00000022     Fpga.obj (.cinit)
                  0000bf68    00000019     MotorControl.obj (.cinit)
                  0000bf81    00000014     SciSetup.obj (.cinit)
                  0000bf95    0000000c     TimerSetup.obj (.cinit)
                  0000bfa1    0000000a     rts2800_fpu32.lib : _lock.obj (.cinit)
                  0000bfab    0000000a                       : exit.obj (.cinit)
                  0000bfb5    00000004                       : errno.obj (.cinit)
                  0000bfb9    00000002     --HOLE-- [fill = 0]

ramfuncs   0    0000bfbb    0000001f     
                  0000bfbb    0000001b     DSP2833x_SysCtrl.obj (ramfuncs)
                  0000bfd6    00000004     DSP2833x_usDelay.obj (ramfuncs)

csm_rsvd   0    0033ff80    00000000     DSECT

csmpasswds 
*          0    0033fff8    00000000     DSECT

.adc_cal   0    00380080    00000007     NOLOAD SECTION
                  00380080    00000007     DSP2833x_ADC_cal.obj (.adc_cal)

.reset     0    003fffc0    00000002     DSECT
                  003fffc0    00000002     rts2800_fpu32.lib : boot.obj (.reset)

.stack     1    00000400    00000300     UNINITIALIZED
                  00000400    00000300     --HOLE--

DevEmuRegsFile 
*          1    00000880    000000d0     UNINITIALIZED
                  00000880    000000d0     DSP2833x_GlobalVariableDefs.obj (DevEmuRegsFile)

FlashRegsFile 
*          1    00000a80    00000008     UNINITIALIZED
                  00000a80    00000008     DSP2833x_GlobalVariableDefs.obj (FlashRegsFile)

CsmRegsFile 
*          1    00000ae0    00000010     UNINITIALIZED
                  00000ae0    00000010     DSP2833x_GlobalVariableDefs.obj (CsmRegsFile)

AdcMirrorFile 
*          1    00000b00    00000010     UNINITIALIZED
                  00000b00    00000010     DSP2833x_GlobalVariableDefs.obj (AdcMirrorFile)

XintfRegsFile 
*          1    00000b20    0000001e     UNINITIALIZED
                  00000b20    0000001e     DSP2833x_GlobalVariableDefs.obj (XintfRegsFile)

CpuTimer0RegsFile 
*          1    00000c00    00000008     UNINITIALIZED
                  00000c00    00000008     DSP2833x_GlobalVariableDefs.obj (CpuTimer0RegsFile)

CpuTimer1RegsFile 
*          1    00000c08    00000008     UNINITIALIZED
                  00000c08    00000008     DSP2833x_GlobalVariableDefs.obj (CpuTimer1RegsFile)

CpuTimer2RegsFile 
*          1    00000c10    00000008     UNINITIALIZED
                  00000c10    00000008     DSP2833x_GlobalVariableDefs.obj (CpuTimer2RegsFile)

PieCtrlRegsFile 
*          1    00000ce0    0000001a     UNINITIALIZED
                  00000ce0    0000001a     DSP2833x_GlobalVariableDefs.obj (PieCtrlRegsFile)

PieVectTableFile 
*          1    00000d00    00000100     UNINITIALIZED
                  00000d00    00000100     DSP2833x_GlobalVariableDefs.obj (PieVectTableFile)

DmaRegsFile 
*          1    00001000    000000e0     UNINITIALIZED
                  00001000    000000e0     DSP2833x_GlobalVariableDefs.obj (DmaRegsFile)

McbspaRegsFile 
*          1    00005000    00000025     UNINITIALIZED
                  00005000    00000025     DSP2833x_GlobalVariableDefs.obj (McbspaRegsFile)

McbspbRegsFile 
*          1    00005040    00000025     UNINITIALIZED
                  00005040    00000025     DSP2833x_GlobalVariableDefs.obj (McbspbRegsFile)

ECanaRegsFile 
*          1    00006000    00000034     UNINITIALIZED
                  00006000    00000034     DSP2833x_GlobalVariableDefs.obj (ECanaRegsFile)

ECanaLAMRegsFile 
*          1    00006040    00000040     UNINITIALIZED
                  00006040    00000040     DSP2833x_GlobalVariableDefs.obj (ECanaLAMRegsFile)

ECanaMOTSRegsFile 
*          1    00006080    00000040     UNINITIALIZED
                  00006080    00000040     DSP2833x_GlobalVariableDefs.obj (ECanaMOTSRegsFile)

ECanaMOTORegsFile 
*          1    000060c0    00000040     UNINITIALIZED
                  000060c0    00000040     DSP2833x_GlobalVariableDefs.obj (ECanaMOTORegsFile)

ECanaMboxesFile 
*          1    00006100    00000100     UNINITIALIZED
                  00006100    00000100     DSP2833x_GlobalVariableDefs.obj (ECanaMboxesFile)

ECanbRegsFile 
*          1    00006200    00000034     UNINITIALIZED
                  00006200    00000034     DSP2833x_GlobalVariableDefs.obj (ECanbRegsFile)

ECanbLAMRegsFile 
*          1    00006240    00000040     UNINITIALIZED
                  00006240    00000040     DSP2833x_GlobalVariableDefs.obj (ECanbLAMRegsFile)

ECanbMOTSRegsFile 
*          1    00006280    00000040     UNINITIALIZED
                  00006280    00000040     DSP2833x_GlobalVariableDefs.obj (ECanbMOTSRegsFile)

ECanbMOTORegsFile 
*          1    000062c0    00000040     UNINITIALIZED
                  000062c0    00000040     DSP2833x_GlobalVariableDefs.obj (ECanbMOTORegsFile)

ECanbMboxesFile 
*          1    00006300    00000100     UNINITIALIZED
                  00006300    00000100     DSP2833x_GlobalVariableDefs.obj (ECanbMboxesFile)

EPwm1RegsFile 
*          1    00006800    00000022     UNINITIALIZED
                  00006800    00000022     DSP2833x_GlobalVariableDefs.obj (EPwm1RegsFile)

EPwm2RegsFile 
*          1    00006840    00000022     UNINITIALIZED
                  00006840    00000022     DSP2833x_GlobalVariableDefs.obj (EPwm2RegsFile)

EPwm3RegsFile 
*          1    00006880    00000022     UNINITIALIZED
                  00006880    00000022     DSP2833x_GlobalVariableDefs.obj (EPwm3RegsFile)

EPwm4RegsFile 
*          1    000068c0    00000022     UNINITIALIZED
                  000068c0    00000022     DSP2833x_GlobalVariableDefs.obj (EPwm4RegsFile)

EPwm5RegsFile 
*          1    00006900    00000022     UNINITIALIZED
                  00006900    00000022     DSP2833x_GlobalVariableDefs.obj (EPwm5RegsFile)

EPwm6RegsFile 
*          1    00006940    00000022     UNINITIALIZED
                  00006940    00000022     DSP2833x_GlobalVariableDefs.obj (EPwm6RegsFile)

ECap1RegsFile 
*          1    00006a00    00000020     UNINITIALIZED
                  00006a00    00000020     DSP2833x_GlobalVariableDefs.obj (ECap1RegsFile)

ECap2RegsFile 
*          1    00006a20    00000020     UNINITIALIZED
                  00006a20    00000020     DSP2833x_GlobalVariableDefs.obj (ECap2RegsFile)

ECap3RegsFile 
*          1    00006a40    00000020     UNINITIALIZED
                  00006a40    00000020     DSP2833x_GlobalVariableDefs.obj (ECap3RegsFile)

ECap4RegsFile 
*          1    00006a60    00000020     UNINITIALIZED
                  00006a60    00000020     DSP2833x_GlobalVariableDefs.obj (ECap4RegsFile)

ECap5RegsFile 
*          1    00006a80    00000020     UNINITIALIZED
                  00006a80    00000020     DSP2833x_GlobalVariableDefs.obj (ECap5RegsFile)

ECap6RegsFile 
*          1    00006aa0    00000020     UNINITIALIZED
                  00006aa0    00000020     DSP2833x_GlobalVariableDefs.obj (ECap6RegsFile)

EQep1RegsFile 
*          1    00006b00    00000040     UNINITIALIZED
                  00006b00    00000040     DSP2833x_GlobalVariableDefs.obj (EQep1RegsFile)

EQep2RegsFile 
*          1    00006b40    00000040     UNINITIALIZED
                  00006b40    00000040     DSP2833x_GlobalVariableDefs.obj (EQep2RegsFile)

GpioCtrlRegsFile 
*          1    00006f80    0000002e     UNINITIALIZED
                  00006f80    0000002e     DSP2833x_GlobalVariableDefs.obj (GpioCtrlRegsFile)

GpioDataRegsFile 
*          1    00006fc0    00000020     UNINITIALIZED
                  00006fc0    00000020     DSP2833x_GlobalVariableDefs.obj (GpioDataRegsFile)

GpioIntRegsFile 
*          1    00006fe0    0000000a     UNINITIALIZED
                  00006fe0    0000000a     DSP2833x_GlobalVariableDefs.obj (GpioIntRegsFile)

SysCtrlRegsFile 
*          1    00007010    00000020     UNINITIALIZED
                  00007010    00000020     DSP2833x_GlobalVariableDefs.obj (SysCtrlRegsFile)

SpiaRegsFile 
*          1    00007040    00000010     UNINITIALIZED
                  00007040    00000010     DSP2833x_GlobalVariableDefs.obj (SpiaRegsFile)

SciaRegsFile 
*          1    00007050    00000010     UNINITIALIZED
                  00007050    00000010     DSP2833x_GlobalVariableDefs.obj (SciaRegsFile)

XIntruptRegsFile 
*          1    00007070    00000010     UNINITIALIZED
                  00007070    00000010     DSP2833x_GlobalVariableDefs.obj (XIntruptRegsFile)

AdcRegsFile 
*          1    00007100    0000001e     UNINITIALIZED
                  00007100    0000001e     DSP2833x_GlobalVariableDefs.obj (AdcRegsFile)

ScibRegsFile 
*          1    00007750    00000010     UNINITIALIZED
                  00007750    00000010     DSP2833x_GlobalVariableDefs.obj (ScibRegsFile)

ScicRegsFile 
*          1    00007770    00000010     UNINITIALIZED
                  00007770    00000010     DSP2833x_GlobalVariableDefs.obj (ScicRegsFile)

I2caRegsFile 
*          1    00007900    00000022     UNINITIALIZED
                  00007900    00000022     DSP2833x_GlobalVariableDefs.obj (I2caRegsFile)

com_reg    1    0000c000    00000400     UNINITIALIZED
                  0000c000    00000400     SciSetup.obj (com_reg)

.ebss      1    0000c400    00000572     UNINITIALIZED
                  0000c400    00000240     SciSetup.obj (.ebss)
                  0000c640    000001a0     MotorControl.obj (.ebss)
                  0000c7e0    00000018     DSP2833x_CpuTimers.obj (.ebss)
                  0000c7f8    00000004     rts2800_fpu32.lib : _lock.obj (.ebss)
                  0000c7fc    00000004                       : exit.obj (.ebss)
                  0000c800    00000160     main.obj (.ebss)
                  0000c960    0000000e     Fpga.obj (.ebss)
                  0000c96e    00000003     TimerSetup.obj (.ebss)
                  0000c971    00000001     rts2800_fpu32.lib : errno.obj (.ebss)

.econst    1    0000c972    000002b8     
                  0000c972    00000101     rts2800_fpu32.lib : ctype.obj (.econst:.string:__ctypes_)
                  0000ca73    00000001     --HOLE-- [fill = 0]
                  0000ca74    00000100     DSP2833x_PieVect.obj (.econst)
                  0000cb74    00000024     rts2800_fpu32.lib : _printfi.obj (.econst:.string)
                  0000cb98    00000018                       : _printfi.obj (.econst)
                  0000cbb0    00000014     EPwmSetup.obj (.econst:_B)
                  0000cbc4    00000014     EPwmSetup.obj (.econst:_K)
                  0000cbd8    00000014     main.obj (.econst:_ZeroDutyCycleArray)
                  0000cbec    00000010     main.obj (.econst:.string)
                  0000cbfc    0000000a     EPwmSetup.obj (.econst:_RR)
                  0000cc06    00000008     MotorControl.obj (.econst)
                  0000cc0e    00000006     Algorithm.obj (.econst:_$P$T0$1)
                  0000cc14    00000006     Algorithm.obj (.econst:_$P$T1$2)
                  0000cc1a    00000006     Algorithm.obj (.econst:_$P$T2$3)
                  0000cc20    00000004     Algorithm.obj (.econst)
                  0000cc24    00000004     CopleyControl.obj (.econst)
                  0000cc28    00000002     main.obj (.econst)

CsmPwlFile 
*          1    0033fff8    00000008     UNINITIALIZED
                  0033fff8    00000008     DSP2833x_GlobalVariableDefs.obj (CsmPwlFile)


GLOBAL SYMBOLS: SORTED ALPHABETICALLY BY Name 

address    name
--------   ----
00008000   .text
0000be8f   C$$EXIT
0000b57d   FD$$ADD
0000bcdd   FD$$CMP
0000b619   FD$$DIV
0000b72c   FD$$MPY
0000bef6   FD$$NEG
0000bed2   FD$$SUB
0000bd9f   FD$$TOI
0000be01   FD$$TOL
0000b6a4   FS$$DIV
0000be3e   FS$$TOFD
0000bd7d   I$$DIV
0000bd8e   I$$MOD
0000bd07   L$$DIV
0000bd16   L$$MOD
0000be5a   L$$TOFD
0000be20   LL$$CMP
0000b116   LL$$DIV
0000b152   LL$$MOD
0000bebe   LL$$MPY
0000bd24   UL$$DIV
0000bd2b   UL$$MOD
0000be32   ULL$$CMP
0000b18c   ULL$$DIV
0000b1bb   ULL$$MOD
0000c96c   _ABS_ENCODER
0000a811   _ADCINT_ISR
00380080   _ADC_cal
00000b00   _AdcMirror
00007100   _AdcRegs
0000c81c   _AddrTrajCurrJointAngles
0000c82a   _AddrTrajJointAngles
0000cbb0   _B
0000b872   _BlinkLED
0000cc08   _C2R
0000c000   _COM_REG
0000cc28   _CONTROL_FREQ
0000cc26   _COPLEY_MAX_VELOCITY
0000cc06   _CURRENT_TENSION_FACTOR
0000bbbb   _ClrTimer1Flag
0000bbc3   _ClrTimer2Flag
0000bbcb   _ClrTimesUpFlag
0000b7f0   _ConfigCpuTimer
0000a04f   _ConstrainCmdVel
00008897   _ControlT
0000c7f0   _CpuTimer0
00000c00   _CpuTimer0Regs
0000c7e0   _CpuTimer1
00000c08   _CpuTimer1Regs
0000c7e8   _CpuTimer2
00000c10   _CpuTimer2Regs
0033fff8   _CsmPwl
00000ae0   _CsmRegs
0000b3d5   _CsmUnlock
0000a73f   _DATALOG_ISR
0000a933   _DINTCH1_ISR
0000a93d   _DINTCH2_ISR
0000a947   _DINTCH3_ISR
0000a951   _DINTCH4_ISR
0000a95b   _DINTCH5_ISR
0000a965   _DINTCH6_ISR
0000bfd6   _DSP28x_usDelay
0000cc24   _DUTY_CYCLE_ZERO
00000880   _DevEmuRegs
0000b326   _DisableDog
00001000   _DmaRegs
00008121   _EA2SO3
0000a9bf   _ECAN0INTA_ISR
0000a9d3   _ECAN0INTB_ISR
0000a9c9   _ECAN1INTA_ISR
0000a9dd   _ECAN1INTB_ISR
0000a8a7   _ECAP1_INT_ISR
0000a8b1   _ECAP2_INT_ISR
0000a8bb   _ECAP3_INT_ISR
0000a8c5   _ECAP4_INT_ISR
0000a8cf   _ECAP5_INT_ISR
0000a8d9   _ECAP6_INT_ISR
00006040   _ECanaLAMRegs
000060c0   _ECanaMOTORegs
00006080   _ECanaMOTSRegs
00006100   _ECanaMboxes
00006000   _ECanaRegs
00006240   _ECanbLAMRegs
000062c0   _ECanbMOTORegs
00006280   _ECanbMOTSRegs
00006300   _ECanbMboxes
00006200   _ECanbRegs
00006a00   _ECap1Regs
00006a20   _ECap2Regs
00006a40   _ECap3Regs
00006a60   _ECap4Regs
00006a80   _ECap5Regs
00006aa0   _ECap6Regs
0000aa2d   _EMPTY_ISR
0000a753   _EMUINT_ISR
0000c962   _ENCODER_RD
0000a86b   _EPWM1_INT_ISR
0000a82f   _EPWM1_TZINT_ISR
0000a875   _EPWM2_INT_ISR
0000a839   _EPWM2_TZINT_ISR
0000a87f   _EPWM3_INT_ISR
0000a843   _EPWM3_TZINT_ISR
0000a889   _EPWM4_INT_ISR
0000a84d   _EPWM4_TZINT_ISR
0000a893   _EPWM5_INT_ISR
0000a857   _EPWM5_TZINT_ISR
0000a89d   _EPWM6_INT_ISR
0000a861   _EPWM6_TZINT_ISR
0000a3b6   _EPwm1Config
00006800   _EPwm1Regs
0000a424   _EPwm2Config
00006840   _EPwm2Regs
0000a492   _EPwm3Config
00006880   _EPwm3Regs
0000a500   _EPwm4Config
000068c0   _EPwm4Regs
0000a56e   _EPwm5Config
00006900   _EPwm5Regs
0000a5dc   _EPwm6Config
00006940   _EPwm6Regs
0000a64a   _EPwmSetup
0000a8e3   _EQEP1_INT_ISR
0000a8ed   _EQEP2_INT_ISR
00006b00   _EQep1Regs
00006b40   _EQep2Regs
0000bd50   _EnableInterrupts
0000b82b   _EncoderRd
0000c964   _ExRamStart
0000cc0a   _FS
0000a0fc   _FilterIIR
0000ae20   _FindFrameHeader
00000a80   _FlashRegs
000083c6   _FootPoint
0000a6e1   _GetDutyCycle
0000b87b   _GetLED
00006f80   _GpioCtrlRegs
00006fc0   _GpioDataRegs
00006fe0   _GpioIntRegs
0000a96f   _I2CINT1A_ISR
0000a979   _I2CINT2A_ISR
00007900   _I2caRegs
0000a767   _ILLEGAL_ISR
00009496   _IMU1_GotoCmd
00009591   _IMU1_SetOffset
0000968c   _IMU1_read_LpCan
000094e9   _IMU2_GotoCmd
000095e4   _IMU2_SetOffset
00009774   _IMU2_read_LpCan
0000953d   _IMU3_GotoCmd
00009638   _IMU3_SetOffset
00009863   _IMU3_read_LpCan
00009955   _IMU_GotoStream
00009474   _IMU_read_CANopen
0000c862   _IMUdata
0000c850   _IMUhex
0000c966   _INC_ENCODER
0000a72b   _INT13_ISR
0000a735   _INT14_ISR
0000cc20   _INV_MOTOR_RADIUS
0000b406   _ISRScicRx
0000b471   _ISRScicTx
0000ba29   _ISRTimer0
0000ab90   _InitAllMotor
0000b7af   _InitCpuTimers
0000aed3   _InitECan
0000afd6   _InitECanGpio
0000aed8   _InitECana
0000afdb   _InitECanaGpio
0000af57   _InitECanb
0000afeb   _InitECanbGpio
0000b4dc   _InitEPwm
0000b4ea   _InitEPwm1Gpio
0000b4fc   _InitEPwm2Gpio
0000b50e   _InitEPwm3Gpio
0000b522   _InitEPwm4Gpio
0000b536   _InitEPwm5Gpio
0000b548   _InitEPwm6Gpio
0000b4dd   _InitEPwmGpio
0000b55a   _InitEPwmSyncGpio
0000bfbb   _InitFlash
0000a0cd   _InitIIR2
0000a038   _InitMVP
0000a154   _InitMotor
0000b0c1   _InitMotorModel
0000926e   _InitMyEcan
0000a0aa   _InitPID
0000b37a   _InitPeripheralClocks
0000bd31   _InitPieCtrl
0000bde1   _InitPieVectTable
0000b32e   _InitPll
0000bb72   _InitSci
0000bb73   _InitSciGpio
0000bb76   _InitSciaGpio
0000bb8b   _InitScibGpio
0000bba1   _InitScicGpio
0000bc85   _InitSpi
0000bc86   _InitSpiGpio
0000bc89   _InitSpiaGpio
0000b313   _InitSysCtrl
0000b56e   _InitTzGpio
0000b21d   _InitXintf
0000b2b9   _InitXintf16Gpio
0000b272   _InitXintf32Gpio
00009451   _InverseOrder32
0000bbb7   _IsTimer1Up
0000bbbf   _IsTimer2Up
0000bbc7   _IsTimesUp
0000c659   _JointEncCnt
0000cbc4   _K
0000cc22   _LAMBDA
0000c968   _LED_ADD
0000aa23   _LUF_ISR
0000aa19   _LVF_ISR
0000c8c0   _MM
0000a91f   _MRINTA_ISR
0000a90b   _MRINTB_ISR
0000a929   _MXINTA_ISR
0000a915   _MXINTB_ISR
00008511   _MakeF
000081e5   _MatMultVec
00008000   _Matrix33Mult
00005000   _McbspaRegs
00005040   _McbspbRegs
0000c894   _MechPara
0000c6c0   _Motor
0000c64a   _MotorEncCnt
0000a75d   _NMI_ISR
00008350   _Normalization
0000aa3a   _PIE_RESERVED
00000ce0   _PieCtrlRegs
00000d00   _PieVectTable
0000ca74   _PieVectTableInit
00009af8   _QP
0000c680   _QxIIR
0000c6a4   _QyIIR
0000c692   _QzIIR
0000cbfc   _RR
0000a749   _RTOSINT_ISR
0000ad8c   _RcvMsg2DutyCycle
0000b859   _ReadAbsEncoder
0000b840   _ReadIncEncoder
0000b888   _ReadTension
0000a2c6   _ResetMotorPosCnt
0000a997   _SCIRXINTA_ISR
0000a9ab   _SCIRXINTB_ISR
0000a983   _SCIRXINTC_ISR
0000a9a1   _SCITXINTA_ISR
0000a9b5   _SCITXINTB_ISR
0000a98d   _SCITXINTC_ISR
0000a7e9   _SEQ1INT_ISR
0000a7f3   _SEQ2INT_ISR
0000a8f7   _SPIRXINTA_ISR
0000a901   _SPITXINTA_ISR
00007050   _SciaRegs
00007750   _ScibRegs
0000ade1   _ScicFifoInit
0000ad11   _ScicInit
0000c440   _ScicRcvBuf
0000c403   _ScicRcvBufIndex
0000c402   _ScicRcvBufNum
00007770   _ScicRegs
0000ad34   _ScicXmt
0000c540   _ScicXmtBuf
0000c401   _ScicXmtBufIndex
0000c400   _ScicXmtBufNum
0000ae1b   _ScicXmtStart
0000ac22   _ScicXmtStatus
0000acf5   _ScicXmtTransferStatus
0000b31c   _ServiceDog
0000a669   _SetEPwm
0000b87f   _SetLED
0000a1bc   _SetMotorSpeed
0000a2df   _SetMotorTorque
0000afff   _SetVelocity
000085c7   _SolveJacob
000083ab   _SolveP
000085a4   _SolveTmpVec
00007040   _SpiaRegs
00007010   _SysCtrlRegs
0000c96a   _TENSION_SENSOR
0000a81b   _TINT0_ISR
0000c651   _TensionCnt
0000c840   _TensionT
0000c970   _Timer1Flag
0000c96f   _Timer2Flag
0000bbcf   _TimerSetup
0000c96e   _TimesUpFlag
00008566   _TransformF
0000a7cb   _USER10_ISR
0000a7d5   _USER11_ISR
0000a7df   _USER12_ISR
0000a771   _USER1_ISR
0000a77b   _USER2_ISR
0000a785   _USER3_ISR
0000a78f   _USER4_ISR
0000a799   _USER5_ISR
0000a7a3   _USER6_ISR
0000a7ad   _USER7_ISR
0000a7b7   _USER8_ISR
0000a7c1   _USER9_ISR
0000a29b   _UpdateAllState
0000cc0c   _VLOOP_CONTROL_SP
000082c7   _VecAdd
000081cb   _VecAssigned
000082ed   _VecCross
0000832e   _VecDot
00008243   _VecMultMat
000082a1   _VecSub
0000a825   _WAKEINT_ISR
0000a7fd   _XINT1_ISR
0000a807   _XINT2_ISR
0000a9e7   _XINT3_ISR
0000a9f1   _XINT4_ISR
0000a9fb   _XINT5_ISR
0000aa05   _XINT6_ISR
0000aa0f   _XINT7_ISR
00007070   _XIntruptRegs
00000b20   _XintfRegs
0000cbd8   _ZeroDutyCycleArray
00000700   __STACK_END
00000300   __STACK_SIZE
00000001   __TI_args_main
ffffffff   ___binit__
ffffffff   ___c_args__
0000bf1b   ___cinit__
0000bf1b   ___etext__
0000bdc0   ___memcpy_ff
ffffffff   ___pinit__
00008000   ___text__
0000be76   __args_main
0000c7fc   __cleanup_ptr
0000c972   __ctypes_
0000c7fe   __dtors_ptr
0000c7fa   __lock
0000bad8   __log
0000bef5   __nop
0000916b   __printfi
0000bef1   __register_lock
0000beed   __register_unlock
00000400   __stack
0000c7f8   __unlock
0000be8f   _abort
0000c813   _absEncoder
0000bc25   _atoi
0000bb2c   _c_int00
0000b96e   _cos
0000c880   _duty
0000c971   _errno
0000be91   _exit
0000b8a1   _exp
0000bea8   _frexp
00009983   _fun2
0000c804   _incEncoder
0000bbf0   _ldexp
0000c960   _led
0000b90b   _log
0000bcb1   _ltoa
0000aa4e   _main
0000bee0   _memccpy
0000bf0f   _memset
0000c802   _msg
0000c640   _pQxIIR
0000c642   _pQyIIR
0000c646   _pQzIIR
0000b9cf   _pow
0000aa44   _rsvd_ISR
0000ad5d   _scic_msg
0000ad23   _scic_xmit
0000ba81   _sin
0000bc56   _sprintf
0000bd5a   _sqrt
0000bf16   _strcpy
0000bf07   _strlen
0000c80b   _tension
0000c662   _torqueOutIIR2
0000c800   _v
ffffffff   binit
0000bf1b   cinit
00000000   code_start
0000bf1b   etext
ffffffff   pinit


GLOBAL SYMBOLS: SORTED BY Symbol Address 

address    name
--------   ----
00000000   code_start
00000001   __TI_args_main
00000300   __STACK_SIZE
00000400   __stack
00000700   __STACK_END
00000880   _DevEmuRegs
00000a80   _FlashRegs
00000ae0   _CsmRegs
00000b00   _AdcMirror
00000b20   _XintfRegs
00000c00   _CpuTimer0Regs
00000c08   _CpuTimer1Regs
00000c10   _CpuTimer2Regs
00000ce0   _PieCtrlRegs
00000d00   _PieVectTable
00001000   _DmaRegs
00005000   _McbspaRegs
00005040   _McbspbRegs
00006000   _ECanaRegs
00006040   _ECanaLAMRegs
00006080   _ECanaMOTSRegs
000060c0   _ECanaMOTORegs
00006100   _ECanaMboxes
00006200   _ECanbRegs
00006240   _ECanbLAMRegs
00006280   _ECanbMOTSRegs
000062c0   _ECanbMOTORegs
00006300   _ECanbMboxes
00006800   _EPwm1Regs
00006840   _EPwm2Regs
00006880   _EPwm3Regs
000068c0   _EPwm4Regs
00006900   _EPwm5Regs
00006940   _EPwm6Regs
00006a00   _ECap1Regs
00006a20   _ECap2Regs
00006a40   _ECap3Regs
00006a60   _ECap4Regs
00006a80   _ECap5Regs
00006aa0   _ECap6Regs
00006b00   _EQep1Regs
00006b40   _EQep2Regs
00006f80   _GpioCtrlRegs
00006fc0   _GpioDataRegs
00006fe0   _GpioIntRegs
00007010   _SysCtrlRegs
00007040   _SpiaRegs
00007050   _SciaRegs
00007070   _XIntruptRegs
00007100   _AdcRegs
00007750   _ScibRegs
00007770   _ScicRegs
00007900   _I2caRegs
00008000   .text
00008000   _Matrix33Mult
00008000   ___text__
00008121   _EA2SO3
000081cb   _VecAssigned
000081e5   _MatMultVec
00008243   _VecMultMat
000082a1   _VecSub
000082c7   _VecAdd
000082ed   _VecCross
0000832e   _VecDot
00008350   _Normalization
000083ab   _SolveP
000083c6   _FootPoint
00008511   _MakeF
00008566   _TransformF
000085a4   _SolveTmpVec
000085c7   _SolveJacob
00008897   _ControlT
0000916b   __printfi
0000926e   _InitMyEcan
00009451   _InverseOrder32
00009474   _IMU_read_CANopen
00009496   _IMU1_GotoCmd
000094e9   _IMU2_GotoCmd
0000953d   _IMU3_GotoCmd
00009591   _IMU1_SetOffset
000095e4   _IMU2_SetOffset
00009638   _IMU3_SetOffset
0000968c   _IMU1_read_LpCan
00009774   _IMU2_read_LpCan
00009863   _IMU3_read_LpCan
00009955   _IMU_GotoStream
00009983   _fun2
00009af8   _QP
0000a038   _InitMVP
0000a04f   _ConstrainCmdVel
0000a0aa   _InitPID
0000a0cd   _InitIIR2
0000a0fc   _FilterIIR
0000a154   _InitMotor
0000a1bc   _SetMotorSpeed
0000a29b   _UpdateAllState
0000a2c6   _ResetMotorPosCnt
0000a2df   _SetMotorTorque
0000a3b6   _EPwm1Config
0000a424   _EPwm2Config
0000a492   _EPwm3Config
0000a500   _EPwm4Config
0000a56e   _EPwm5Config
0000a5dc   _EPwm6Config
0000a64a   _EPwmSetup
0000a669   _SetEPwm
0000a6e1   _GetDutyCycle
0000a72b   _INT13_ISR
0000a735   _INT14_ISR
0000a73f   _DATALOG_ISR
0000a749   _RTOSINT_ISR
0000a753   _EMUINT_ISR
0000a75d   _NMI_ISR
0000a767   _ILLEGAL_ISR
0000a771   _USER1_ISR
0000a77b   _USER2_ISR
0000a785   _USER3_ISR
0000a78f   _USER4_ISR
0000a799   _USER5_ISR
0000a7a3   _USER6_ISR
0000a7ad   _USER7_ISR
0000a7b7   _USER8_ISR
0000a7c1   _USER9_ISR
0000a7cb   _USER10_ISR
0000a7d5   _USER11_ISR
0000a7df   _USER12_ISR
0000a7e9   _SEQ1INT_ISR
0000a7f3   _SEQ2INT_ISR
0000a7fd   _XINT1_ISR
0000a807   _XINT2_ISR
0000a811   _ADCINT_ISR
0000a81b   _TINT0_ISR
0000a825   _WAKEINT_ISR
0000a82f   _EPWM1_TZINT_ISR
0000a839   _EPWM2_TZINT_ISR
0000a843   _EPWM3_TZINT_ISR
0000a84d   _EPWM4_TZINT_ISR
0000a857   _EPWM5_TZINT_ISR
0000a861   _EPWM6_TZINT_ISR
0000a86b   _EPWM1_INT_ISR
0000a875   _EPWM2_INT_ISR
0000a87f   _EPWM3_INT_ISR
0000a889   _EPWM4_INT_ISR
0000a893   _EPWM5_INT_ISR
0000a89d   _EPWM6_INT_ISR
0000a8a7   _ECAP1_INT_ISR
0000a8b1   _ECAP2_INT_ISR
0000a8bb   _ECAP3_INT_ISR
0000a8c5   _ECAP4_INT_ISR
0000a8cf   _ECAP5_INT_ISR
0000a8d9   _ECAP6_INT_ISR
0000a8e3   _EQEP1_INT_ISR
0000a8ed   _EQEP2_INT_ISR
0000a8f7   _SPIRXINTA_ISR
0000a901   _SPITXINTA_ISR
0000a90b   _MRINTB_ISR
0000a915   _MXINTB_ISR
0000a91f   _MRINTA_ISR
0000a929   _MXINTA_ISR
0000a933   _DINTCH1_ISR
0000a93d   _DINTCH2_ISR
0000a947   _DINTCH3_ISR
0000a951   _DINTCH4_ISR
0000a95b   _DINTCH5_ISR
0000a965   _DINTCH6_ISR
0000a96f   _I2CINT1A_ISR
0000a979   _I2CINT2A_ISR
0000a983   _SCIRXINTC_ISR
0000a98d   _SCITXINTC_ISR
0000a997   _SCIRXINTA_ISR
0000a9a1   _SCITXINTA_ISR
0000a9ab   _SCIRXINTB_ISR
0000a9b5   _SCITXINTB_ISR
0000a9bf   _ECAN0INTA_ISR
0000a9c9   _ECAN1INTA_ISR
0000a9d3   _ECAN0INTB_ISR
0000a9dd   _ECAN1INTB_ISR
0000a9e7   _XINT3_ISR
0000a9f1   _XINT4_ISR
0000a9fb   _XINT5_ISR
0000aa05   _XINT6_ISR
0000aa0f   _XINT7_ISR
0000aa19   _LVF_ISR
0000aa23   _LUF_ISR
0000aa2d   _EMPTY_ISR
0000aa3a   _PIE_RESERVED
0000aa44   _rsvd_ISR
0000aa4e   _main
0000ab90   _InitAllMotor
0000ac22   _ScicXmtStatus
0000acf5   _ScicXmtTransferStatus
0000ad11   _ScicInit
0000ad23   _scic_xmit
0000ad34   _ScicXmt
0000ad5d   _scic_msg
0000ad8c   _RcvMsg2DutyCycle
0000ade1   _ScicFifoInit
0000ae1b   _ScicXmtStart
0000ae20   _FindFrameHeader
0000aed3   _InitECan
0000aed8   _InitECana
0000af57   _InitECanb
0000afd6   _InitECanGpio
0000afdb   _InitECanaGpio
0000afeb   _InitECanbGpio
0000afff   _SetVelocity
0000b0c1   _InitMotorModel
0000b116   LL$$DIV
0000b152   LL$$MOD
0000b18c   ULL$$DIV
0000b1bb   ULL$$MOD
0000b21d   _InitXintf
0000b272   _InitXintf32Gpio
0000b2b9   _InitXintf16Gpio
0000b313   _InitSysCtrl
0000b31c   _ServiceDog
0000b326   _DisableDog
0000b32e   _InitPll
0000b37a   _InitPeripheralClocks
0000b3d5   _CsmUnlock
0000b406   _ISRScicRx
0000b471   _ISRScicTx
0000b4dc   _InitEPwm
0000b4dd   _InitEPwmGpio
0000b4ea   _InitEPwm1Gpio
0000b4fc   _InitEPwm2Gpio
0000b50e   _InitEPwm3Gpio
0000b522   _InitEPwm4Gpio
0000b536   _InitEPwm5Gpio
0000b548   _InitEPwm6Gpio
0000b55a   _InitEPwmSyncGpio
0000b56e   _InitTzGpio
0000b57d   FD$$ADD
0000b619   FD$$DIV
0000b6a4   FS$$DIV
0000b72c   FD$$MPY
0000b7af   _InitCpuTimers
0000b7f0   _ConfigCpuTimer
0000b82b   _EncoderRd
0000b840   _ReadIncEncoder
0000b859   _ReadAbsEncoder
0000b872   _BlinkLED
0000b87b   _GetLED
0000b87f   _SetLED
0000b888   _ReadTension
0000b8a1   _exp
0000b90b   _log
0000b96e   _cos
0000b9cf   _pow
0000ba29   _ISRTimer0
0000ba81   _sin
0000bad8   __log
0000bb2c   _c_int00
0000bb72   _InitSci
0000bb73   _InitSciGpio
0000bb76   _InitSciaGpio
0000bb8b   _InitScibGpio
0000bba1   _InitScicGpio
0000bbb7   _IsTimer1Up
0000bbbb   _ClrTimer1Flag
0000bbbf   _IsTimer2Up
0000bbc3   _ClrTimer2Flag
0000bbc7   _IsTimesUp
0000bbcb   _ClrTimesUpFlag
0000bbcf   _TimerSetup
0000bbf0   _ldexp
0000bc25   _atoi
0000bc56   _sprintf
0000bc85   _InitSpi
0000bc86   _InitSpiGpio
0000bc89   _InitSpiaGpio
0000bcb1   _ltoa
0000bcdd   FD$$CMP
0000bd07   L$$DIV
0000bd16   L$$MOD
0000bd24   UL$$DIV
0000bd2b   UL$$MOD
0000bd31   _InitPieCtrl
0000bd50   _EnableInterrupts
0000bd5a   _sqrt
0000bd7d   I$$DIV
0000bd8e   I$$MOD
0000bd9f   FD$$TOI
0000bdc0   ___memcpy_ff
0000bde1   _InitPieVectTable
0000be01   FD$$TOL
0000be20   LL$$CMP
0000be32   ULL$$CMP
0000be3e   FS$$TOFD
0000be5a   L$$TOFD
0000be76   __args_main
0000be8f   C$$EXIT
0000be8f   _abort
0000be91   _exit
0000bea8   _frexp
0000bebe   LL$$MPY
0000bed2   FD$$SUB
0000bee0   _memccpy
0000beed   __register_unlock
0000bef1   __register_lock
0000bef5   __nop
0000bef6   FD$$NEG
0000bf07   _strlen
0000bf0f   _memset
0000bf16   _strcpy
0000bf1b   ___cinit__
0000bf1b   ___etext__
0000bf1b   cinit
0000bf1b   etext
0000bfbb   _InitFlash
0000bfd6   _DSP28x_usDelay
0000c000   _COM_REG
0000c400   _ScicXmtBufNum
0000c401   _ScicXmtBufIndex
0000c402   _ScicRcvBufNum
0000c403   _ScicRcvBufIndex
0000c440   _ScicRcvBuf
0000c540   _ScicXmtBuf
0000c640   _pQxIIR
0000c642   _pQyIIR
0000c646   _pQzIIR
0000c64a   _MotorEncCnt
0000c651   _TensionCnt
0000c659   _JointEncCnt
0000c662   _torqueOutIIR2
0000c680   _QxIIR
0000c692   _QzIIR
0000c6a4   _QyIIR
0000c6c0   _Motor
0000c7e0   _CpuTimer1
0000c7e8   _CpuTimer2
0000c7f0   _CpuTimer0
0000c7f8   __unlock
0000c7fa   __lock
0000c7fc   __cleanup_ptr
0000c7fe   __dtors_ptr
0000c800   _v
0000c802   _msg
0000c804   _incEncoder
0000c80b   _tension
0000c813   _absEncoder
0000c81c   _AddrTrajCurrJointAngles
0000c82a   _AddrTrajJointAngles
0000c840   _TensionT
0000c850   _IMUhex
0000c862   _IMUdata
0000c880   _duty
0000c894   _MechPara
0000c8c0   _MM
0000c960   _led
0000c962   _ENCODER_RD
0000c964   _ExRamStart
0000c966   _INC_ENCODER
0000c968   _LED_ADD
0000c96a   _TENSION_SENSOR
0000c96c   _ABS_ENCODER
0000c96e   _TimesUpFlag
0000c96f   _Timer2Flag
0000c970   _Timer1Flag
0000c971   _errno
0000c972   __ctypes_
0000ca74   _PieVectTableInit
0000cbb0   _B
0000cbc4   _K
0000cbd8   _ZeroDutyCycleArray
0000cbfc   _RR
0000cc06   _CURRENT_TENSION_FACTOR
0000cc08   _C2R
0000cc0a   _FS
0000cc0c   _VLOOP_CONTROL_SP
0000cc20   _INV_MOTOR_RADIUS
0000cc22   _LAMBDA
0000cc24   _DUTY_CYCLE_ZERO
0000cc26   _COPLEY_MAX_VELOCITY
0000cc28   _CONTROL_FREQ
0033fff8   _CsmPwl
00380080   _ADC_cal
ffffffff   ___binit__
ffffffff   ___c_args__
ffffffff   ___pinit__
ffffffff   binit
ffffffff   pinit

[382 symbols]
