<?xml version="1.0"?>
<link_info>
   <banner>TMS320C2000 Linker PC v6.1.3</banner>
   <copyright>Copyright (c) 1996-2012 Texas Instruments Incorporated</copyright>
   <link_time>0x560016f1</link_time>
   <output_file>F:/studying/graduate/2014-9-22/lab/driveboard/mine/soft/15-7-16-7DOF/cdmcs_3dof/../Debug/cdmcs.out</output_file>
   <entry_point>
      <name>_c_int00</name>
      <address>0xbb09</address>
   </entry_point>
   <input_file_list>
      <input_file id="fl-4">
         <path>F:\studying\graduate\2014-9-22\lab\driveboard\mine\soft\15-7-16-7DOF\Debug\</path>
         <kind>object</kind>
         <file>DSP2833x_usDelay.obj</file>
         <name>DSP2833x_usDelay.obj</name>
      </input_file>
      <input_file id="fl-5">
         <path>F:\studying\graduate\2014-9-22\lab\driveboard\mine\soft\15-7-16-7DOF\Debug\</path>
         <kind>object</kind>
         <file>DSP2833x_Xintf.obj</file>
         <name>DSP2833x_Xintf.obj</name>
      </input_file>
      <input_file id="fl-6">
         <path>F:\studying\graduate\2014-9-22\lab\driveboard\mine\soft\15-7-16-7DOF\Debug\</path>
         <kind>object</kind>
         <file>DSP2833x_SysCtrl.obj</file>
         <name>DSP2833x_SysCtrl.obj</name>
      </input_file>
      <input_file id="fl-7">
         <path>F:\studying\graduate\2014-9-22\lab\driveboard\mine\soft\15-7-16-7DOF\Debug\</path>
         <kind>object</kind>
         <file>DSP2833x_Spi.obj</file>
         <name>DSP2833x_Spi.obj</name>
      </input_file>
      <input_file id="fl-8">
         <path>F:\studying\graduate\2014-9-22\lab\driveboard\mine\soft\15-7-16-7DOF\Debug\</path>
         <kind>object</kind>
         <file>DSP2833x_Sci.obj</file>
         <name>DSP2833x_Sci.obj</name>
      </input_file>
      <input_file id="fl-9">
         <path>F:\studying\graduate\2014-9-22\lab\driveboard\mine\soft\15-7-16-7DOF\Debug\</path>
         <kind>object</kind>
         <file>DSP2833x_PieVect.obj</file>
         <name>DSP2833x_PieVect.obj</name>
      </input_file>
      <input_file id="fl-a">
         <path>F:\studying\graduate\2014-9-22\lab\driveboard\mine\soft\15-7-16-7DOF\Debug\</path>
         <kind>object</kind>
         <file>DSP2833x_PieCtrl.obj</file>
         <name>DSP2833x_PieCtrl.obj</name>
      </input_file>
      <input_file id="fl-b">
         <path>F:\studying\graduate\2014-9-22\lab\driveboard\mine\soft\15-7-16-7DOF\Debug\</path>
         <kind>object</kind>
         <file>DSP2833x_GlobalVariableDefs.obj</file>
         <name>DSP2833x_GlobalVariableDefs.obj</name>
      </input_file>
      <input_file id="fl-c">
         <path>F:\studying\graduate\2014-9-22\lab\driveboard\mine\soft\15-7-16-7DOF\Debug\</path>
         <kind>object</kind>
         <file>DSP2833x_EPwm.obj</file>
         <name>DSP2833x_EPwm.obj</name>
      </input_file>
      <input_file id="fl-d">
         <path>F:\studying\graduate\2014-9-22\lab\driveboard\mine\soft\15-7-16-7DOF\Debug\</path>
         <kind>object</kind>
         <file>DSP2833x_ECan.obj</file>
         <name>DSP2833x_ECan.obj</name>
      </input_file>
      <input_file id="fl-e">
         <path>F:\studying\graduate\2014-9-22\lab\driveboard\mine\soft\15-7-16-7DOF\Debug\</path>
         <kind>object</kind>
         <file>DSP2833x_DefaultIsr.obj</file>
         <name>DSP2833x_DefaultIsr.obj</name>
      </input_file>
      <input_file id="fl-f">
         <path>F:\studying\graduate\2014-9-22\lab\driveboard\mine\soft\15-7-16-7DOF\Debug\</path>
         <kind>object</kind>
         <file>DSP2833x_CpuTimers.obj</file>
         <name>DSP2833x_CpuTimers.obj</name>
      </input_file>
      <input_file id="fl-10">
         <path>F:\studying\graduate\2014-9-22\lab\driveboard\mine\soft\15-7-16-7DOF\Debug\</path>
         <kind>object</kind>
         <file>DSP2833x_CodeStartBranch.obj</file>
         <name>DSP2833x_CodeStartBranch.obj</name>
      </input_file>
      <input_file id="fl-11">
         <path>F:\studying\graduate\2014-9-22\lab\driveboard\mine\soft\15-7-16-7DOF\Debug\</path>
         <kind>object</kind>
         <file>DSP2833x_ADC_cal.obj</file>
         <name>DSP2833x_ADC_cal.obj</name>
      </input_file>
      <input_file id="fl-12">
         <path>F:\studying\graduate\2014-9-22\lab\driveboard\mine\soft\15-7-16-7DOF\Debug\</path>
         <kind>object</kind>
         <file>main.obj</file>
         <name>main.obj</name>
      </input_file>
      <input_file id="fl-13">
         <path>F:\studying\graduate\2014-9-22\lab\driveboard\mine\soft\15-7-16-7DOF\Debug\</path>
         <kind>object</kind>
         <file>TimerSetup.obj</file>
         <name>TimerSetup.obj</name>
      </input_file>
      <input_file id="fl-14">
         <path>F:\studying\graduate\2014-9-22\lab\driveboard\mine\soft\15-7-16-7DOF\Debug\</path>
         <kind>object</kind>
         <file>SciSetup.obj</file>
         <name>SciSetup.obj</name>
      </input_file>
      <input_file id="fl-15">
         <path>F:\studying\graduate\2014-9-22\lab\driveboard\mine\soft\15-7-16-7DOF\Debug\</path>
         <kind>object</kind>
         <file>QP_1.obj</file>
         <name>QP_1.obj</name>
      </input_file>
      <input_file id="fl-16">
         <path>F:\studying\graduate\2014-9-22\lab\driveboard\mine\soft\15-7-16-7DOF\Debug\</path>
         <kind>object</kind>
         <file>MotorControl.obj</file>
         <name>MotorControl.obj</name>
      </input_file>
      <input_file id="fl-17">
         <path>F:\studying\graduate\2014-9-22\lab\driveboard\mine\soft\15-7-16-7DOF\Debug\</path>
         <kind>object</kind>
         <file>Fpga.obj</file>
         <name>Fpga.obj</name>
      </input_file>
      <input_file id="fl-18">
         <path>F:\studying\graduate\2014-9-22\lab\driveboard\mine\soft\15-7-16-7DOF\Debug\</path>
         <kind>object</kind>
         <file>Ecan.obj</file>
         <name>Ecan.obj</name>
      </input_file>
      <input_file id="fl-19">
         <path>F:\studying\graduate\2014-9-22\lab\driveboard\mine\soft\15-7-16-7DOF\Debug\</path>
         <kind>object</kind>
         <file>EPwmSetup.obj</file>
         <name>EPwmSetup.obj</name>
      </input_file>
      <input_file id="fl-1a">
         <path>F:\studying\graduate\2014-9-22\lab\driveboard\mine\soft\15-7-16-7DOF\Debug\</path>
         <kind>object</kind>
         <file>CopleyControl.obj</file>
         <name>CopleyControl.obj</name>
      </input_file>
      <input_file id="fl-1b">
         <path>F:\studying\graduate\2014-9-22\lab\driveboard\mine\soft\15-7-16-7DOF\Debug\</path>
         <kind>object</kind>
         <file>Algorithm.obj</file>
         <name>Algorithm.obj</name>
      </input_file>
      <input_file id="fl-1f">
         <path>E:\TI\ccsv5\tools\compiler\c2000_6.1.3\lib\</path>
         <kind>archive</kind>
         <file>rts2800_fpu32.lib</file>
         <name>boot.obj</name>
      </input_file>
      <input_file id="fl-20">
         <path>E:\TI\ccsv5\tools\compiler\c2000_6.1.3\lib\</path>
         <kind>archive</kind>
         <file>rts2800_fpu32.lib</file>
         <name>cos.obj</name>
      </input_file>
      <input_file id="fl-21">
         <path>E:\TI\ccsv5\tools\compiler\c2000_6.1.3\lib\</path>
         <kind>archive</kind>
         <file>rts2800_fpu32.lib</file>
         <name>exit.obj</name>
      </input_file>
      <input_file id="fl-22">
         <path>E:\TI\ccsv5\tools\compiler\c2000_6.1.3\lib\</path>
         <kind>archive</kind>
         <file>rts2800_fpu32.lib</file>
         <name>fs_div.obj</name>
      </input_file>
      <input_file id="fl-23">
         <path>E:\TI\ccsv5\tools\compiler\c2000_6.1.3\lib\</path>
         <kind>archive</kind>
         <file>rts2800_fpu32.lib</file>
         <name>log.obj</name>
      </input_file>
      <input_file id="fl-24">
         <path>E:\TI\ccsv5\tools\compiler\c2000_6.1.3\lib\</path>
         <kind>archive</kind>
         <file>rts2800_fpu32.lib</file>
         <name>memcpy_ff.obj</name>
      </input_file>
      <input_file id="fl-25">
         <path>E:\TI\ccsv5\tools\compiler\c2000_6.1.3\lib\</path>
         <kind>archive</kind>
         <file>rts2800_fpu32.lib</file>
         <name>pow.obj</name>
      </input_file>
      <input_file id="fl-26">
         <path>E:\TI\ccsv5\tools\compiler\c2000_6.1.3\lib\</path>
         <kind>archive</kind>
         <file>rts2800_fpu32.lib</file>
         <name>sin.obj</name>
      </input_file>
      <input_file id="fl-27">
         <path>E:\TI\ccsv5\tools\compiler\c2000_6.1.3\lib\</path>
         <kind>archive</kind>
         <file>rts2800_fpu32.lib</file>
         <name>sprintf.obj</name>
      </input_file>
      <input_file id="fl-28">
         <path>E:\TI\ccsv5\tools\compiler\c2000_6.1.3\lib\</path>
         <kind>archive</kind>
         <file>rts2800_fpu32.lib</file>
         <name>sqrt.obj</name>
      </input_file>
      <input_file id="fl-29">
         <path>E:\TI\ccsv5\tools\compiler\c2000_6.1.3\lib\</path>
         <kind>archive</kind>
         <file>rts2800_fpu32.lib</file>
         <name>_lock.obj</name>
      </input_file>
      <input_file id="fl-2a">
         <path>E:\TI\ccsv5\tools\compiler\c2000_6.1.3\lib\</path>
         <kind>archive</kind>
         <file>rts2800_fpu32.lib</file>
         <name>_log.obj</name>
      </input_file>
      <input_file id="fl-2b">
         <path>E:\TI\ccsv5\tools\compiler\c2000_6.1.3\lib\</path>
         <kind>archive</kind>
         <file>rts2800_fpu32.lib</file>
         <name>_printfi.obj</name>
      </input_file>
      <input_file id="fl-2c">
         <path>E:\TI\ccsv5\tools\compiler\c2000_6.1.3\lib\</path>
         <kind>archive</kind>
         <file>rts2800_fpu32.lib</file>
         <name>args_main.obj</name>
      </input_file>
      <input_file id="fl-2d">
         <path>E:\TI\ccsv5\tools\compiler\c2000_6.1.3\lib\</path>
         <kind>archive</kind>
         <file>rts2800_fpu32.lib</file>
         <name>atoi.obj</name>
      </input_file>
      <input_file id="fl-2e">
         <path>E:\TI\ccsv5\tools\compiler\c2000_6.1.3\lib\</path>
         <kind>archive</kind>
         <file>rts2800_fpu32.lib</file>
         <name>ctype.obj</name>
      </input_file>
      <input_file id="fl-2f">
         <path>E:\TI\ccsv5\tools\compiler\c2000_6.1.3\lib\</path>
         <kind>archive</kind>
         <file>rts2800_fpu32.lib</file>
         <name>errno.obj</name>
      </input_file>
      <input_file id="fl-30">
         <path>E:\TI\ccsv5\tools\compiler\c2000_6.1.3\lib\</path>
         <kind>archive</kind>
         <file>rts2800_fpu32.lib</file>
         <name>exp.obj</name>
      </input_file>
      <input_file id="fl-31">
         <path>E:\TI\ccsv5\tools\compiler\c2000_6.1.3\lib\</path>
         <kind>archive</kind>
         <file>rts2800_fpu32.lib</file>
         <name>fd_cmp.obj</name>
      </input_file>
      <input_file id="fl-32">
         <path>E:\TI\ccsv5\tools\compiler\c2000_6.1.3\lib\</path>
         <kind>archive</kind>
         <file>rts2800_fpu32.lib</file>
         <name>fd_div.obj</name>
      </input_file>
      <input_file id="fl-33">
         <path>E:\TI\ccsv5\tools\compiler\c2000_6.1.3\lib\</path>
         <kind>archive</kind>
         <file>rts2800_fpu32.lib</file>
         <name>fd_mpy.obj</name>
      </input_file>
      <input_file id="fl-34">
         <path>E:\TI\ccsv5\tools\compiler\c2000_6.1.3\lib\</path>
         <kind>archive</kind>
         <file>rts2800_fpu32.lib</file>
         <name>fd_neg.obj</name>
      </input_file>
      <input_file id="fl-35">
         <path>E:\TI\ccsv5\tools\compiler\c2000_6.1.3\lib\</path>
         <kind>archive</kind>
         <file>rts2800_fpu32.lib</file>
         <name>fd_sub.obj</name>
      </input_file>
      <input_file id="fl-36">
         <path>E:\TI\ccsv5\tools\compiler\c2000_6.1.3\lib\</path>
         <kind>archive</kind>
         <file>rts2800_fpu32.lib</file>
         <name>fd_toi.obj</name>
      </input_file>
      <input_file id="fl-37">
         <path>E:\TI\ccsv5\tools\compiler\c2000_6.1.3\lib\</path>
         <kind>archive</kind>
         <file>rts2800_fpu32.lib</file>
         <name>fd_tol.obj</name>
      </input_file>
      <input_file id="fl-38">
         <path>E:\TI\ccsv5\tools\compiler\c2000_6.1.3\lib\</path>
         <kind>archive</kind>
         <file>rts2800_fpu32.lib</file>
         <name>frexp.obj</name>
      </input_file>
      <input_file id="fl-39">
         <path>E:\TI\ccsv5\tools\compiler\c2000_6.1.3\lib\</path>
         <kind>archive</kind>
         <file>rts2800_fpu32.lib</file>
         <name>fs_tofd.obj</name>
      </input_file>
      <input_file id="fl-3a">
         <path>E:\TI\ccsv5\tools\compiler\c2000_6.1.3\lib\</path>
         <kind>archive</kind>
         <file>rts2800_fpu32.lib</file>
         <name>i_div.obj</name>
      </input_file>
      <input_file id="fl-3b">
         <path>E:\TI\ccsv5\tools\compiler\c2000_6.1.3\lib\</path>
         <kind>archive</kind>
         <file>rts2800_fpu32.lib</file>
         <name>l_tofd.obj</name>
      </input_file>
      <input_file id="fl-3c">
         <path>E:\TI\ccsv5\tools\compiler\c2000_6.1.3\lib\</path>
         <kind>archive</kind>
         <file>rts2800_fpu32.lib</file>
         <name>ldexp.obj</name>
      </input_file>
      <input_file id="fl-3d">
         <path>E:\TI\ccsv5\tools\compiler\c2000_6.1.3\lib\</path>
         <kind>archive</kind>
         <file>rts2800_fpu32.lib</file>
         <name>ll_cmp.obj</name>
      </input_file>
      <input_file id="fl-3e">
         <path>E:\TI\ccsv5\tools\compiler\c2000_6.1.3\lib\</path>
         <kind>archive</kind>
         <file>rts2800_fpu32.lib</file>
         <name>ll_div.obj</name>
      </input_file>
      <input_file id="fl-3f">
         <path>E:\TI\ccsv5\tools\compiler\c2000_6.1.3\lib\</path>
         <kind>archive</kind>
         <file>rts2800_fpu32.lib</file>
         <name>ll_mpy.obj</name>
      </input_file>
      <input_file id="fl-40">
         <path>E:\TI\ccsv5\tools\compiler\c2000_6.1.3\lib\</path>
         <kind>archive</kind>
         <file>rts2800_fpu32.lib</file>
         <name>ltoa.obj</name>
      </input_file>
      <input_file id="fl-41">
         <path>E:\TI\ccsv5\tools\compiler\c2000_6.1.3\lib\</path>
         <kind>archive</kind>
         <file>rts2800_fpu32.lib</file>
         <name>memccpy.obj</name>
      </input_file>
      <input_file id="fl-42">
         <path>E:\TI\ccsv5\tools\compiler\c2000_6.1.3\lib\</path>
         <kind>archive</kind>
         <file>rts2800_fpu32.lib</file>
         <name>memset.obj</name>
      </input_file>
      <input_file id="fl-43">
         <path>E:\TI\ccsv5\tools\compiler\c2000_6.1.3\lib\</path>
         <kind>archive</kind>
         <file>rts2800_fpu32.lib</file>
         <name>strcpy.obj</name>
      </input_file>
      <input_file id="fl-44">
         <path>E:\TI\ccsv5\tools\compiler\c2000_6.1.3\lib\</path>
         <kind>archive</kind>
         <file>rts2800_fpu32.lib</file>
         <name>strlen.obj</name>
      </input_file>
      <input_file id="fl-45">
         <path>E:\TI\ccsv5\tools\compiler\c2000_6.1.3\lib\</path>
         <kind>archive</kind>
         <file>rts2800_fpu32.lib</file>
         <name>fd_add.obj</name>
      </input_file>
      <input_file id="fl-46">
         <path>E:\TI\ccsv5\tools\compiler\c2000_6.1.3\lib\</path>
         <kind>archive</kind>
         <file>rts2800_fpu32.lib</file>
         <name>l_div.obj</name>
      </input_file>
   </input_file_list>
   <object_component_list>
      <object_component id="oc-b5">
         <name>codestart</name>
         <load_address>0x0</load_address>
         <run_address>0x0</run_address>
         <size>0x2</size>
         <input_file_ref idref="fl-10"/>
      </object_component>
      <object_component id="oc-53">
         <name>ramfuncs</name>
         <load_address>0xbfdc</load_address>
         <run_address>0xbfdc</run_address>
         <size>0x1b</size>
         <input_file_ref idref="fl-6"/>
      </object_component>
      <object_component id="oc-48">
         <name>ramfuncs</name>
         <load_address>0xbff7</load_address>
         <run_address>0xbff7</run_address>
         <size>0x4</size>
         <input_file_ref idref="fl-4"/>
      </object_component>
      <object_component id="oc-fb">
         <name>.text</name>
         <load_address>0x8000</load_address>
         <run_address>0x8000</run_address>
         <size>0x969</size>
         <input_file_ref idref="fl-1b"/>
      </object_component>
      <object_component id="oc-136">
         <name>.text</name>
         <load_address>0x8969</load_address>
         <run_address>0x8969</run_address>
         <size>0x908</size>
         <input_file_ref idref="fl-2b"/>
      </object_component>
      <object_component id="oc-eb">
         <name>.text</name>
         <load_address>0x9271</load_address>
         <run_address>0x9271</run_address>
         <size>0x715</size>
         <input_file_ref idref="fl-18"/>
      </object_component>
      <object_component id="oc-d7">
         <name>.text</name>
         <load_address>0x9986</load_address>
         <run_address>0x9986</run_address>
         <size>0x6b5</size>
         <input_file_ref idref="fl-15"/>
      </object_component>
      <object_component id="oc-dc">
         <name>.text</name>
         <load_address>0xa03b</load_address>
         <run_address>0xa03b</run_address>
         <size>0x37e</size>
         <input_file_ref idref="fl-16"/>
      </object_component>
      <object_component id="oc-f0">
         <name>.text</name>
         <load_address>0xa3b9</load_address>
         <run_address>0xa3b9</run_address>
         <size>0x375</size>
         <input_file_ref idref="fl-19"/>
      </object_component>
      <object_component id="oc-aa">
         <name>.text:retain</name>
         <load_address>0xa72e</load_address>
         <run_address>0xa72e</run_address>
         <size>0x323</size>
         <input_file_ref idref="fl-e"/>
      </object_component>
      <object_component id="oc-bd">
         <name>.text</name>
         <load_address>0xaa51</load_address>
         <run_address>0xaa51</run_address>
         <size>0x312</size>
         <input_file_ref idref="fl-12"/>
      </object_component>
      <object_component id="oc-ce">
         <name>.text</name>
         <load_address>0xad63</load_address>
         <run_address>0xad63</run_address>
         <size>0x1c4</size>
         <input_file_ref idref="fl-14"/>
      </object_component>
      <object_component id="oc-a4">
         <name>.text</name>
         <load_address>0xaf27</load_address>
         <run_address>0xaf27</run_address>
         <size>0x12c</size>
         <input_file_ref idref="fl-d"/>
      </object_component>
      <object_component id="oc-f5">
         <name>.text</name>
         <load_address>0xb053</load_address>
         <run_address>0xb053</run_address>
         <size>0x116</size>
         <input_file_ref idref="fl-1a"/>
      </object_component>
      <object_component id="oc-182">
         <name>.text</name>
         <load_address>0xb169</load_address>
         <run_address>0xb169</run_address>
         <size>0x107</size>
         <input_file_ref idref="fl-3e"/>
      </object_component>
      <object_component id="oc-4c">
         <name>.text</name>
         <load_address>0xb270</load_address>
         <run_address>0xb270</run_address>
         <size>0xf6</size>
         <input_file_ref idref="fl-5"/>
      </object_component>
      <object_component id="oc-51">
         <name>.text</name>
         <load_address>0xb366</load_address>
         <run_address>0xb366</run_address>
         <size>0xf3</size>
         <input_file_ref idref="fl-6"/>
      </object_component>
      <object_component id="oc-d3">
         <name>.text:retain</name>
         <load_address>0xb459</load_address>
         <run_address>0xb459</run_address>
         <size>0xd6</size>
         <input_file_ref idref="fl-14"/>
      </object_component>
      <object_component id="oc-9f">
         <name>.text</name>
         <load_address>0xb52f</load_address>
         <run_address>0xb52f</run_address>
         <size>0xa1</size>
         <input_file_ref idref="fl-c"/>
      </object_component>
      <object_component id="oc-19e">
         <name>.text</name>
         <load_address>0xb5d0</load_address>
         <run_address>0xb5d0</run_address>
         <size>0x9c</size>
         <input_file_ref idref="fl-45"/>
      </object_component>
      <object_component id="oc-152">
         <name>.text</name>
         <load_address>0xb66c</load_address>
         <run_address>0xb66c</run_address>
         <size>0x8b</size>
         <input_file_ref idref="fl-32"/>
      </object_component>
      <object_component id="oc-110">
         <name>.text</name>
         <load_address>0xb6f7</load_address>
         <run_address>0xb6f7</run_address>
         <size>0x88</size>
         <input_file_ref idref="fl-22"/>
      </object_component>
      <object_component id="oc-156">
         <name>.text</name>
         <load_address>0xb77f</load_address>
         <run_address>0xb77f</run_address>
         <size>0x83</size>
         <input_file_ref idref="fl-33"/>
      </object_component>
      <object_component id="oc-ae">
         <name>.text</name>
         <load_address>0xb802</load_address>
         <run_address>0xb802</run_address>
         <size>0x7c</size>
         <input_file_ref idref="fl-f"/>
      </object_component>
      <object_component id="oc-14a">
         <name>.text</name>
         <load_address>0xb87e</load_address>
         <run_address>0xb87e</run_address>
         <size>0x6a</size>
         <input_file_ref idref="fl-30"/>
      </object_component>
      <object_component id="oc-114">
         <name>.text</name>
         <load_address>0xb8e8</load_address>
         <run_address>0xb8e8</run_address>
         <size>0x63</size>
         <input_file_ref idref="fl-23"/>
      </object_component>
      <object_component id="oc-106">
         <name>.text</name>
         <load_address>0xb94b</load_address>
         <run_address>0xb94b</run_address>
         <size>0x61</size>
         <input_file_ref idref="fl-20"/>
      </object_component>
      <object_component id="oc-11c">
         <name>.text</name>
         <load_address>0xb9ac</load_address>
         <run_address>0xb9ac</run_address>
         <size>0x5a</size>
         <input_file_ref idref="fl-25"/>
      </object_component>
      <object_component id="oc-ca">
         <name>.text:retain</name>
         <load_address>0xba06</load_address>
         <run_address>0xba06</run_address>
         <size>0x58</size>
         <input_file_ref idref="fl-13"/>
      </object_component>
      <object_component id="oc-120">
         <name>.text</name>
         <load_address>0xba5e</load_address>
         <run_address>0xba5e</run_address>
         <size>0x57</size>
         <input_file_ref idref="fl-26"/>
      </object_component>
      <object_component id="oc-132">
         <name>.text</name>
         <load_address>0xbab5</load_address>
         <run_address>0xbab5</run_address>
         <size>0x54</size>
         <input_file_ref idref="fl-2a"/>
      </object_component>
      <object_component id="oc-47">
         <name>.text</name>
         <load_address>0xbb09</load_address>
         <run_address>0xbb09</run_address>
         <size>0x46</size>
         <input_file_ref idref="fl-1f"/>
      </object_component>
      <object_component id="oc-5c">
         <name>.text</name>
         <load_address>0xbb4f</load_address>
         <run_address>0xbb4f</run_address>
         <size>0x45</size>
         <input_file_ref idref="fl-8"/>
      </object_component>
      <object_component id="oc-e4">
         <name>.text</name>
         <load_address>0xbb94</load_address>
         <run_address>0xbb94</run_address>
         <size>0x44</size>
         <input_file_ref idref="fl-17"/>
      </object_component>
      <object_component id="oc-c6">
         <name>.text</name>
         <load_address>0xbbd8</load_address>
         <run_address>0xbbd8</run_address>
         <size>0x39</size>
         <input_file_ref idref="fl-13"/>
      </object_component>
      <object_component id="oc-17a">
         <name>.text</name>
         <load_address>0xbc11</load_address>
         <run_address>0xbc11</run_address>
         <size>0x35</size>
         <input_file_ref idref="fl-3c"/>
      </object_component>
      <object_component id="oc-140">
         <name>.text</name>
         <load_address>0xbc46</load_address>
         <run_address>0xbc46</run_address>
         <size>0x31</size>
         <input_file_ref idref="fl-2d"/>
      </object_component>
      <object_component id="oc-124">
         <name>.text</name>
         <load_address>0xbc77</load_address>
         <run_address>0xbc77</run_address>
         <size>0x2f</size>
         <input_file_ref idref="fl-27"/>
      </object_component>
      <object_component id="oc-57">
         <name>.text</name>
         <load_address>0xbca6</load_address>
         <run_address>0xbca6</run_address>
         <size>0x2c</size>
         <input_file_ref idref="fl-7"/>
      </object_component>
      <object_component id="oc-18a">
         <name>.text</name>
         <load_address>0xbcd2</load_address>
         <run_address>0xbcd2</run_address>
         <size>0x2c</size>
         <input_file_ref idref="fl-40"/>
      </object_component>
      <object_component id="oc-14e">
         <name>.text</name>
         <load_address>0xbcfe</load_address>
         <run_address>0xbcfe</run_address>
         <size>0x2a</size>
         <input_file_ref idref="fl-31"/>
      </object_component>
      <object_component id="oc-1a2">
         <name>.text</name>
         <load_address>0xbd28</load_address>
         <run_address>0xbd28</run_address>
         <size>0x2a</size>
         <input_file_ref idref="fl-46"/>
      </object_component>
      <object_component id="oc-67">
         <name>.text</name>
         <load_address>0xbd52</load_address>
         <run_address>0xbd52</run_address>
         <size>0x28</size>
         <input_file_ref idref="fl-a"/>
      </object_component>
      <object_component id="oc-128">
         <name>.text</name>
         <load_address>0xbd7a</load_address>
         <run_address>0xbd7a</run_address>
         <size>0x23</size>
         <input_file_ref idref="fl-28"/>
      </object_component>
      <object_component id="oc-172">
         <name>.text</name>
         <load_address>0xbd9d</load_address>
         <run_address>0xbd9d</run_address>
         <size>0x22</size>
         <input_file_ref idref="fl-3a"/>
      </object_component>
      <object_component id="oc-162">
         <name>.text</name>
         <load_address>0xbdbf</load_address>
         <run_address>0xbdbf</run_address>
         <size>0x21</size>
         <input_file_ref idref="fl-36"/>
      </object_component>
      <object_component id="oc-118">
         <name>.text</name>
         <load_address>0xbde0</load_address>
         <run_address>0xbde0</run_address>
         <size>0x21</size>
         <input_file_ref idref="fl-24"/>
      </object_component>
      <object_component id="oc-61">
         <name>.text</name>
         <load_address>0xbe01</load_address>
         <run_address>0xbe01</run_address>
         <size>0x20</size>
         <input_file_ref idref="fl-9"/>
      </object_component>
      <object_component id="oc-166">
         <name>.text</name>
         <load_address>0xbe21</load_address>
         <run_address>0xbe21</run_address>
         <size>0x1f</size>
         <input_file_ref idref="fl-37"/>
      </object_component>
      <object_component id="oc-17e">
         <name>.text</name>
         <load_address>0xbe40</load_address>
         <run_address>0xbe40</run_address>
         <size>0x1e</size>
         <input_file_ref idref="fl-3d"/>
      </object_component>
      <object_component id="oc-16e">
         <name>.text</name>
         <load_address>0xbe5e</load_address>
         <run_address>0xbe5e</run_address>
         <size>0x1c</size>
         <input_file_ref idref="fl-39"/>
      </object_component>
      <object_component id="oc-176">
         <name>.text</name>
         <load_address>0xbe7a</load_address>
         <run_address>0xbe7a</run_address>
         <size>0x1c</size>
         <input_file_ref idref="fl-3b"/>
      </object_component>
      <object_component id="oc-13c">
         <name>.text</name>
         <load_address>0xbe96</load_address>
         <run_address>0xbe96</run_address>
         <size>0x19</size>
         <input_file_ref idref="fl-2c"/>
      </object_component>
      <object_component id="oc-10a">
         <name>.text</name>
         <load_address>0xbeaf</load_address>
         <run_address>0xbeaf</run_address>
         <size>0x19</size>
         <input_file_ref idref="fl-21"/>
      </object_component>
      <object_component id="oc-16a">
         <name>.text</name>
         <load_address>0xbec8</load_address>
         <run_address>0xbec8</run_address>
         <size>0x16</size>
         <input_file_ref idref="fl-38"/>
      </object_component>
      <object_component id="oc-186">
         <name>.text</name>
         <load_address>0xbede</load_address>
         <run_address>0xbede</run_address>
         <size>0x14</size>
         <input_file_ref idref="fl-3f"/>
      </object_component>
      <object_component id="oc-15e">
         <name>.text</name>
         <load_address>0xbef2</load_address>
         <run_address>0xbef2</run_address>
         <size>0xe</size>
         <input_file_ref idref="fl-35"/>
      </object_component>
      <object_component id="oc-18e">
         <name>.text</name>
         <load_address>0xbf00</load_address>
         <run_address>0xbf00</run_address>
         <size>0xd</size>
         <input_file_ref idref="fl-41"/>
      </object_component>
      <object_component id="oc-12c">
         <name>.text</name>
         <load_address>0xbf0d</load_address>
         <run_address>0xbf0d</run_address>
         <size>0x9</size>
         <input_file_ref idref="fl-29"/>
      </object_component>
      <object_component id="oc-15a">
         <name>.text</name>
         <load_address>0xbf16</load_address>
         <run_address>0xbf16</run_address>
         <size>0x9</size>
         <input_file_ref idref="fl-34"/>
      </object_component>
      <object_component id="oc-b4">
         <name>.text</name>
         <load_address>0xbf1f</load_address>
         <run_address>0xbf1f</run_address>
         <size>0x8</size>
         <input_file_ref idref="fl-10"/>
      </object_component>
      <object_component id="oc-19a">
         <name>.text</name>
         <load_address>0xbf27</load_address>
         <run_address>0xbf27</run_address>
         <size>0x8</size>
         <input_file_ref idref="fl-44"/>
      </object_component>
      <object_component id="oc-192">
         <name>.text</name>
         <load_address>0xbf2f</load_address>
         <run_address>0xbf2f</run_address>
         <size>0x7</size>
         <input_file_ref idref="fl-42"/>
      </object_component>
      <object_component id="oc-196">
         <name>.text</name>
         <load_address>0xbf36</load_address>
         <run_address>0xbf36</run_address>
         <size>0x5</size>
         <input_file_ref idref="fl-43"/>
      </object_component>
      <object_component id="oc-bf">
         <name>.cinit</name>
         <load_address>0xbf3b</load_address>
         <run_address>0xbf3b</run_address>
         <size>0x2c</size>
         <input_file_ref idref="fl-12"/>
      </object_component>
      <object_component id="oc-e6">
         <name>.cinit</name>
         <load_address>0xbf67</load_address>
         <run_address>0xbf67</run_address>
         <size>0x22</size>
         <input_file_ref idref="fl-17"/>
      </object_component>
      <object_component id="oc-de">
         <name>.cinit</name>
         <load_address>0xbf89</load_address>
         <run_address>0xbf89</run_address>
         <size>0x19</size>
         <input_file_ref idref="fl-16"/>
      </object_component>
      <object_component id="oc-d0">
         <name>.cinit</name>
         <load_address>0xbfa2</load_address>
         <run_address>0xbfa2</run_address>
         <size>0x14</size>
         <input_file_ref idref="fl-14"/>
      </object_component>
      <object_component id="oc-c8">
         <name>.cinit</name>
         <load_address>0xbfb6</load_address>
         <run_address>0xbfb6</run_address>
         <size>0xc</size>
         <input_file_ref idref="fl-13"/>
      </object_component>
      <object_component id="oc-12e">
         <name>.cinit</name>
         <load_address>0xbfc2</load_address>
         <run_address>0xbfc2</run_address>
         <size>0xa</size>
         <input_file_ref idref="fl-29"/>
      </object_component>
      <object_component id="oc-10c">
         <name>.cinit</name>
         <load_address>0xbfcc</load_address>
         <run_address>0xbfcc</run_address>
         <size>0xa</size>
         <input_file_ref idref="fl-21"/>
      </object_component>
      <object_component id="oc-147">
         <name>.cinit</name>
         <load_address>0xbfd6</load_address>
         <run_address>0xbfd6</run_address>
         <size>0x4</size>
         <input_file_ref idref="fl-2f"/>
      </object_component>
      <object_component id="oc-101">
         <name>.stack</name>
         <uninitialized>true</uninitialized>
         <run_address>0x400</run_address>
         <size>0x0</size>
         <input_file_ref idref="fl-1f"/>
      </object_component>
      <object_component id="oc-202">
         <name>.stack</name>
         <uninitialized>true</uninitialized>
         <run_address>0x400</run_address>
         <size>0x0</size>
      </object_component>
      <object_component id="oc-b0">
         <name>.ebss</name>
         <uninitialized>true</uninitialized>
         <run_address>0xc7e0</run_address>
         <size>0x18</size>
         <input_file_ref idref="fl-f"/>
      </object_component>
      <object_component id="oc-c0">
         <name>.ebss</name>
         <uninitialized>true</uninitialized>
         <run_address>0xc800</run_address>
         <size>0x160</size>
         <input_file_ref idref="fl-12"/>
      </object_component>
      <object_component id="oc-c9">
         <name>.ebss</name>
         <uninitialized>true</uninitialized>
         <run_address>0xc96e</run_address>
         <size>0x3</size>
         <input_file_ref idref="fl-13"/>
      </object_component>
      <object_component id="oc-d1">
         <name>.ebss</name>
         <uninitialized>true</uninitialized>
         <run_address>0xc400</run_address>
         <size>0x240</size>
         <input_file_ref idref="fl-14"/>
      </object_component>
      <object_component id="oc-df">
         <name>.ebss</name>
         <uninitialized>true</uninitialized>
         <run_address>0xc640</run_address>
         <size>0x1a0</size>
         <input_file_ref idref="fl-16"/>
      </object_component>
      <object_component id="oc-e7">
         <name>.ebss</name>
         <uninitialized>true</uninitialized>
         <run_address>0xc960</run_address>
         <size>0xe</size>
         <input_file_ref idref="fl-17"/>
      </object_component>
      <object_component id="oc-10d">
         <name>.ebss</name>
         <uninitialized>true</uninitialized>
         <run_address>0xc7fc</run_address>
         <size>0x4</size>
         <input_file_ref idref="fl-21"/>
      </object_component>
      <object_component id="oc-12f">
         <name>.ebss</name>
         <uninitialized>true</uninitialized>
         <run_address>0xc7f8</run_address>
         <size>0x4</size>
         <input_file_ref idref="fl-29"/>
      </object_component>
      <object_component id="oc-148">
         <name>.ebss</name>
         <uninitialized>true</uninitialized>
         <run_address>0xc971</run_address>
         <size>0x1</size>
         <input_file_ref idref="fl-2f"/>
      </object_component>
      <object_component id="oc-1b1">
         <name>.econst:.string:__ctypes_</name>
         <load_address>0xc972</load_address>
         <run_address>0xc972</run_address>
         <size>0x101</size>
         <input_file_ref idref="fl-2e"/>
      </object_component>
      <object_component id="oc-63">
         <name>.econst</name>
         <load_address>0xca74</load_address>
         <run_address>0xca74</run_address>
         <size>0x100</size>
         <input_file_ref idref="fl-9"/>
      </object_component>
      <object_component id="oc-139">
         <name>.econst:.string</name>
         <load_address>0xcb74</load_address>
         <run_address>0xcb74</run_address>
         <size>0x24</size>
         <input_file_ref idref="fl-2b"/>
      </object_component>
      <object_component id="oc-1a6">
         <name>.econst:_$P$T0$1</name>
         <load_address>0xcb98</load_address>
         <run_address>0xcb98</run_address>
         <size>0x18</size>
         <input_file_ref idref="fl-12"/>
      </object_component>
      <object_component id="oc-138">
         <name>.econst</name>
         <load_address>0xcbb0</load_address>
         <run_address>0xcbb0</run_address>
         <size>0x18</size>
         <input_file_ref idref="fl-2b"/>
      </object_component>
      <object_component id="oc-1ac">
         <name>.econst:_B</name>
         <load_address>0xcbc8</load_address>
         <run_address>0xcbc8</run_address>
         <size>0x14</size>
         <input_file_ref idref="fl-19"/>
      </object_component>
      <object_component id="oc-1ad">
         <name>.econst:_K</name>
         <load_address>0xcbdc</load_address>
         <run_address>0xcbdc</run_address>
         <size>0x14</size>
         <input_file_ref idref="fl-19"/>
      </object_component>
      <object_component id="oc-1aa">
         <name>.econst:_ZeroDutyCycleArray</name>
         <load_address>0xcbf0</load_address>
         <run_address>0xcbf0</run_address>
         <size>0x14</size>
         <input_file_ref idref="fl-12"/>
      </object_component>
      <object_component id="oc-c2">
         <name>.econst:.string</name>
         <load_address>0xcc04</load_address>
         <run_address>0xcc04</run_address>
         <size>0x10</size>
         <input_file_ref idref="fl-12"/>
      </object_component>
      <object_component id="oc-1ab">
         <name>.econst:_RR</name>
         <load_address>0xcc14</load_address>
         <run_address>0xcc14</run_address>
         <size>0xa</size>
         <input_file_ref idref="fl-19"/>
      </object_component>
      <object_component id="oc-e0">
         <name>.econst</name>
         <load_address>0xcc1e</load_address>
         <run_address>0xcc1e</run_address>
         <size>0x8</size>
         <input_file_ref idref="fl-16"/>
      </object_component>
      <object_component id="oc-1ae">
         <name>.econst:_$P$T0$1</name>
         <load_address>0xcc26</load_address>
         <run_address>0xcc26</run_address>
         <size>0x6</size>
         <input_file_ref idref="fl-1b"/>
      </object_component>
      <object_component id="oc-1af">
         <name>.econst:_$P$T1$2</name>
         <load_address>0xcc2c</load_address>
         <run_address>0xcc2c</run_address>
         <size>0x6</size>
         <input_file_ref idref="fl-1b"/>
      </object_component>
      <object_component id="oc-1a7">
         <name>.econst:_$P$T1$2</name>
         <load_address>0xcc32</load_address>
         <run_address>0xcc32</run_address>
         <size>0x6</size>
         <input_file_ref idref="fl-12"/>
      </object_component>
      <object_component id="oc-1b0">
         <name>.econst:_$P$T2$3</name>
         <load_address>0xcc38</load_address>
         <run_address>0xcc38</run_address>
         <size>0x6</size>
         <input_file_ref idref="fl-1b"/>
      </object_component>
      <object_component id="oc-1a8">
         <name>.econst:_$P$T2$3</name>
         <load_address>0xcc3e</load_address>
         <run_address>0xcc3e</run_address>
         <size>0x6</size>
         <input_file_ref idref="fl-12"/>
      </object_component>
      <object_component id="oc-1a9">
         <name>.econst:_$P$T3$4</name>
         <load_address>0xcc44</load_address>
         <run_address>0xcc44</run_address>
         <size>0x6</size>
         <input_file_ref idref="fl-12"/>
      </object_component>
      <object_component id="oc-fd">
         <name>.econst</name>
         <load_address>0xcc4a</load_address>
         <run_address>0xcc4a</run_address>
         <size>0x4</size>
         <input_file_ref idref="fl-1b"/>
      </object_component>
      <object_component id="oc-f7">
         <name>.econst</name>
         <load_address>0xcc4e</load_address>
         <run_address>0xcc4e</run_address>
         <size>0x4</size>
         <input_file_ref idref="fl-1a"/>
      </object_component>
      <object_component id="oc-c1">
         <name>.econst</name>
         <load_address>0xcc52</load_address>
         <run_address>0xcc52</run_address>
         <size>0x2</size>
         <input_file_ref idref="fl-12"/>
      </object_component>
      <object_component id="oc-102">
         <name>.reset</name>
         <load_address>0x3fffc0</load_address>
         <run_address>0x3fffc0</run_address>
         <size>0x2</size>
         <input_file_ref idref="fl-1f"/>
      </object_component>
      <object_component id="oc-b9">
         <name>.adc_cal</name>
         <load_address>0x380080</load_address>
         <run_address>0x380080</run_address>
         <size>0x7</size>
         <input_file_ref idref="fl-11"/>
      </object_component>
      <object_component id="oc-9d">
         <name>PieVectTableFile</name>
         <uninitialized>true</uninitialized>
         <run_address>0xd00</run_address>
         <size>0x100</size>
         <input_file_ref idref="fl-b"/>
      </object_component>
      <object_component id="oc-99">
         <name>DevEmuRegsFile</name>
         <uninitialized>true</uninitialized>
         <run_address>0x880</run_address>
         <size>0xd0</size>
         <input_file_ref idref="fl-b"/>
      </object_component>
      <object_component id="oc-6f">
         <name>FlashRegsFile</name>
         <uninitialized>true</uninitialized>
         <run_address>0xa80</run_address>
         <size>0x8</size>
         <input_file_ref idref="fl-b"/>
      </object_component>
      <object_component id="oc-79">
         <name>CsmRegsFile</name>
         <uninitialized>true</uninitialized>
         <run_address>0xae0</run_address>
         <size>0x10</size>
         <input_file_ref idref="fl-b"/>
      </object_component>
      <object_component id="oc-78">
         <name>AdcMirrorFile</name>
         <uninitialized>true</uninitialized>
         <run_address>0xb00</run_address>
         <size>0x10</size>
         <input_file_ref idref="fl-b"/>
      </object_component>
      <object_component id="oc-7c">
         <name>XintfRegsFile</name>
         <uninitialized>true</uninitialized>
         <run_address>0xb20</run_address>
         <size>0x1e</size>
         <input_file_ref idref="fl-b"/>
      </object_component>
      <object_component id="oc-70">
         <name>CpuTimer0RegsFile</name>
         <uninitialized>true</uninitialized>
         <run_address>0xc00</run_address>
         <size>0x8</size>
         <input_file_ref idref="fl-b"/>
      </object_component>
      <object_component id="oc-6e">
         <name>CpuTimer1RegsFile</name>
         <uninitialized>true</uninitialized>
         <run_address>0xc08</run_address>
         <size>0x8</size>
         <input_file_ref idref="fl-b"/>
      </object_component>
      <object_component id="oc-6d">
         <name>CpuTimer2RegsFile</name>
         <uninitialized>true</uninitialized>
         <run_address>0xc10</run_address>
         <size>0x8</size>
         <input_file_ref idref="fl-b"/>
      </object_component>
      <object_component id="oc-7a">
         <name>PieCtrlRegsFile</name>
         <uninitialized>true</uninitialized>
         <run_address>0xce0</run_address>
         <size>0x1a</size>
         <input_file_ref idref="fl-b"/>
      </object_component>
      <object_component id="oc-9a">
         <name>DmaRegsFile</name>
         <uninitialized>true</uninitialized>
         <run_address>0x1000</run_address>
         <size>0xe0</size>
         <input_file_ref idref="fl-b"/>
      </object_component>
      <object_component id="oc-8c">
         <name>McbspaRegsFile</name>
         <uninitialized>true</uninitialized>
         <run_address>0x5000</run_address>
         <size>0x25</size>
         <input_file_ref idref="fl-b"/>
      </object_component>
      <object_component id="oc-8d">
         <name>McbspbRegsFile</name>
         <uninitialized>true</uninitialized>
         <run_address>0x5040</run_address>
         <size>0x25</size>
         <input_file_ref idref="fl-b"/>
      </object_component>
      <object_component id="oc-90">
         <name>ECanaRegsFile</name>
         <uninitialized>true</uninitialized>
         <run_address>0x6000</run_address>
         <size>0x34</size>
         <input_file_ref idref="fl-b"/>
      </object_component>
      <object_component id="oc-93">
         <name>ECanaLAMRegsFile</name>
         <uninitialized>true</uninitialized>
         <run_address>0x6040</run_address>
         <size>0x40</size>
         <input_file_ref idref="fl-b"/>
      </object_component>
      <object_component id="oc-9c">
         <name>ECanaMboxesFile</name>
         <uninitialized>true</uninitialized>
         <run_address>0x6100</run_address>
         <size>0x100</size>
         <input_file_ref idref="fl-b"/>
      </object_component>
      <object_component id="oc-94">
         <name>ECanaMOTSRegsFile</name>
         <uninitialized>true</uninitialized>
         <run_address>0x6080</run_address>
         <size>0x40</size>
         <input_file_ref idref="fl-b"/>
      </object_component>
      <object_component id="oc-91">
         <name>ECanaMOTORegsFile</name>
         <uninitialized>true</uninitialized>
         <run_address>0x60c0</run_address>
         <size>0x40</size>
         <input_file_ref idref="fl-b"/>
      </object_component>
      <object_component id="oc-8f">
         <name>ECanbRegsFile</name>
         <uninitialized>true</uninitialized>
         <run_address>0x6200</run_address>
         <size>0x34</size>
         <input_file_ref idref="fl-b"/>
      </object_component>
      <object_component id="oc-97">
         <name>ECanbLAMRegsFile</name>
         <uninitialized>true</uninitialized>
         <run_address>0x6240</run_address>
         <size>0x40</size>
         <input_file_ref idref="fl-b"/>
      </object_component>
      <object_component id="oc-9b">
         <name>ECanbMboxesFile</name>
         <uninitialized>true</uninitialized>
         <run_address>0x6300</run_address>
         <size>0x100</size>
         <input_file_ref idref="fl-b"/>
      </object_component>
      <object_component id="oc-92">
         <name>ECanbMOTSRegsFile</name>
         <uninitialized>true</uninitialized>
         <run_address>0x6280</run_address>
         <size>0x40</size>
         <input_file_ref idref="fl-b"/>
      </object_component>
      <object_component id="oc-95">
         <name>ECanbMOTORegsFile</name>
         <uninitialized>true</uninitialized>
         <run_address>0x62c0</run_address>
         <size>0x40</size>
         <input_file_ref idref="fl-b"/>
      </object_component>
      <object_component id="oc-87">
         <name>EPwm1RegsFile</name>
         <uninitialized>true</uninitialized>
         <run_address>0x6800</run_address>
         <size>0x22</size>
         <input_file_ref idref="fl-b"/>
      </object_component>
      <object_component id="oc-86">
         <name>EPwm2RegsFile</name>
         <uninitialized>true</uninitialized>
         <run_address>0x6840</run_address>
         <size>0x22</size>
         <input_file_ref idref="fl-b"/>
      </object_component>
      <object_component id="oc-88">
         <name>EPwm3RegsFile</name>
         <uninitialized>true</uninitialized>
         <run_address>0x6880</run_address>
         <size>0x22</size>
         <input_file_ref idref="fl-b"/>
      </object_component>
      <object_component id="oc-8a">
         <name>EPwm4RegsFile</name>
         <uninitialized>true</uninitialized>
         <run_address>0x68c0</run_address>
         <size>0x22</size>
         <input_file_ref idref="fl-b"/>
      </object_component>
      <object_component id="oc-89">
         <name>EPwm5RegsFile</name>
         <uninitialized>true</uninitialized>
         <run_address>0x6900</run_address>
         <size>0x22</size>
         <input_file_ref idref="fl-b"/>
      </object_component>
      <object_component id="oc-8b">
         <name>EPwm6RegsFile</name>
         <uninitialized>true</uninitialized>
         <run_address>0x6940</run_address>
         <size>0x22</size>
         <input_file_ref idref="fl-b"/>
      </object_component>
      <object_component id="oc-83">
         <name>ECap1RegsFile</name>
         <uninitialized>true</uninitialized>
         <run_address>0x6a00</run_address>
         <size>0x20</size>
         <input_file_ref idref="fl-b"/>
      </object_component>
      <object_component id="oc-7f">
         <name>ECap2RegsFile</name>
         <uninitialized>true</uninitialized>
         <run_address>0x6a20</run_address>
         <size>0x20</size>
         <input_file_ref idref="fl-b"/>
      </object_component>
      <object_component id="oc-80">
         <name>ECap3RegsFile</name>
         <uninitialized>true</uninitialized>
         <run_address>0x6a40</run_address>
         <size>0x20</size>
         <input_file_ref idref="fl-b"/>
      </object_component>
      <object_component id="oc-7d">
         <name>ECap4RegsFile</name>
         <uninitialized>true</uninitialized>
         <run_address>0x6a60</run_address>
         <size>0x20</size>
         <input_file_ref idref="fl-b"/>
      </object_component>
      <object_component id="oc-7e">
         <name>ECap5RegsFile</name>
         <uninitialized>true</uninitialized>
         <run_address>0x6a80</run_address>
         <size>0x20</size>
         <input_file_ref idref="fl-b"/>
      </object_component>
      <object_component id="oc-84">
         <name>ECap6RegsFile</name>
         <uninitialized>true</uninitialized>
         <run_address>0x6aa0</run_address>
         <size>0x20</size>
         <input_file_ref idref="fl-b"/>
      </object_component>
      <object_component id="oc-98">
         <name>EQep1RegsFile</name>
         <uninitialized>true</uninitialized>
         <run_address>0x6b00</run_address>
         <size>0x40</size>
         <input_file_ref idref="fl-b"/>
      </object_component>
      <object_component id="oc-96">
         <name>EQep2RegsFile</name>
         <uninitialized>true</uninitialized>
         <run_address>0x6b40</run_address>
         <size>0x40</size>
         <input_file_ref idref="fl-b"/>
      </object_component>
      <object_component id="oc-8e">
         <name>GpioCtrlRegsFile</name>
         <uninitialized>true</uninitialized>
         <run_address>0x6f80</run_address>
         <size>0x2e</size>
         <input_file_ref idref="fl-b"/>
      </object_component>
      <object_component id="oc-81">
         <name>GpioDataRegsFile</name>
         <uninitialized>true</uninitialized>
         <run_address>0x6fc0</run_address>
         <size>0x20</size>
         <input_file_ref idref="fl-b"/>
      </object_component>
      <object_component id="oc-72">
         <name>GpioIntRegsFile</name>
         <uninitialized>true</uninitialized>
         <run_address>0x6fe0</run_address>
         <size>0xa</size>
         <input_file_ref idref="fl-b"/>
      </object_component>
      <object_component id="oc-82">
         <name>SysCtrlRegsFile</name>
         <uninitialized>true</uninitialized>
         <run_address>0x7010</run_address>
         <size>0x20</size>
         <input_file_ref idref="fl-b"/>
      </object_component>
      <object_component id="oc-75">
         <name>SpiaRegsFile</name>
         <uninitialized>true</uninitialized>
         <run_address>0x7040</run_address>
         <size>0x10</size>
         <input_file_ref idref="fl-b"/>
      </object_component>
      <object_component id="oc-76">
         <name>SciaRegsFile</name>
         <uninitialized>true</uninitialized>
         <run_address>0x7050</run_address>
         <size>0x10</size>
         <input_file_ref idref="fl-b"/>
      </object_component>
      <object_component id="oc-77">
         <name>XIntruptRegsFile</name>
         <uninitialized>true</uninitialized>
         <run_address>0x7070</run_address>
         <size>0x10</size>
         <input_file_ref idref="fl-b"/>
      </object_component>
      <object_component id="oc-7b">
         <name>AdcRegsFile</name>
         <uninitialized>true</uninitialized>
         <run_address>0x7100</run_address>
         <size>0x1e</size>
         <input_file_ref idref="fl-b"/>
      </object_component>
      <object_component id="oc-74">
         <name>ScibRegsFile</name>
         <uninitialized>true</uninitialized>
         <run_address>0x7750</run_address>
         <size>0x10</size>
         <input_file_ref idref="fl-b"/>
      </object_component>
      <object_component id="oc-73">
         <name>ScicRegsFile</name>
         <uninitialized>true</uninitialized>
         <run_address>0x7770</run_address>
         <size>0x10</size>
         <input_file_ref idref="fl-b"/>
      </object_component>
      <object_component id="oc-85">
         <name>I2caRegsFile</name>
         <uninitialized>true</uninitialized>
         <run_address>0x7900</run_address>
         <size>0x22</size>
         <input_file_ref idref="fl-b"/>
      </object_component>
      <object_component id="oc-71">
         <name>CsmPwlFile</name>
         <uninitialized>true</uninitialized>
         <run_address>0x33fff8</run_address>
         <size>0x8</size>
         <input_file_ref idref="fl-b"/>
      </object_component>
      <object_component id="oc-49">
         <name>.debug_info</name>
         <load_address>0x0</load_address>
         <run_address>0x0</run_address>
         <size>0x196</size>
         <input_file_ref idref="fl-4"/>
      </object_component>
      <object_component id="oc-4d">
         <name>.debug_info</name>
         <load_address>0x196</load_address>
         <run_address>0x196</run_address>
         <size>0x23c2</size>
         <input_file_ref idref="fl-5"/>
      </object_component>
      <object_component id="oc-52">
         <name>.debug_info</name>
         <load_address>0x2558</load_address>
         <run_address>0x2558</run_address>
         <size>0x23b4</size>
         <input_file_ref idref="fl-6"/>
      </object_component>
      <object_component id="oc-58">
         <name>.debug_info</name>
         <load_address>0x490c</load_address>
         <run_address>0x490c</run_address>
         <size>0x1e4b</size>
         <input_file_ref idref="fl-7"/>
      </object_component>
      <object_component id="oc-5d">
         <name>.debug_info</name>
         <load_address>0x6757</load_address>
         <run_address>0x6757</run_address>
         <size>0x200d</size>
         <input_file_ref idref="fl-8"/>
      </object_component>
      <object_component id="oc-62">
         <name>.debug_info</name>
         <load_address>0x8764</load_address>
         <run_address>0x8764</run_address>
         <size>0x242c</size>
         <input_file_ref idref="fl-9"/>
      </object_component>
      <object_component id="oc-68">
         <name>.debug_info</name>
         <load_address>0xab90</load_address>
         <run_address>0xab90</run_address>
         <size>0xc97</size>
         <input_file_ref idref="fl-a"/>
      </object_component>
      <object_component id="oc-6c">
         <name>.debug_info</name>
         <load_address>0xb827</load_address>
         <run_address>0xb827</run_address>
         <size>0x12df7</size>
         <input_file_ref idref="fl-b"/>
      </object_component>
      <object_component id="oc-a0">
         <name>.debug_info</name>
         <load_address>0x1e61e</load_address>
         <run_address>0x1e61e</run_address>
         <size>0x2507</size>
         <input_file_ref idref="fl-c"/>
      </object_component>
      <object_component id="oc-a5">
         <name>.debug_info</name>
         <load_address>0x20b25</load_address>
         <run_address>0x20b25</run_address>
         <size>0x60be</size>
         <input_file_ref idref="fl-d"/>
      </object_component>
      <object_component id="oc-a9">
         <name>.debug_info</name>
         <load_address>0x26be3</load_address>
         <run_address>0x26be3</run_address>
         <size>0x8487</size>
         <input_file_ref idref="fl-e"/>
      </object_component>
      <object_component id="oc-af">
         <name>.debug_info</name>
         <load_address>0x2f06a</load_address>
         <run_address>0x2f06a</run_address>
         <size>0xae3</size>
         <input_file_ref idref="fl-f"/>
      </object_component>
      <object_component id="oc-b6">
         <name>.debug_info</name>
         <load_address>0x2fb4d</load_address>
         <run_address>0x2fb4d</run_address>
         <size>0x219</size>
         <input_file_ref idref="fl-10"/>
      </object_component>
      <object_component id="oc-ba">
         <name>.debug_info</name>
         <load_address>0x2fd66</load_address>
         <run_address>0x2fd66</run_address>
         <size>0x196</size>
         <input_file_ref idref="fl-11"/>
      </object_component>
      <object_component id="oc-be">
         <name>.debug_info</name>
         <load_address>0x2fefc</load_address>
         <run_address>0x2fefc</run_address>
         <size>0x18a5</size>
         <input_file_ref idref="fl-12"/>
      </object_component>
      <object_component id="oc-c7">
         <name>.debug_info</name>
         <load_address>0x317a1</load_address>
         <run_address>0x317a1</run_address>
         <size>0x2145</size>
         <input_file_ref idref="fl-13"/>
      </object_component>
      <object_component id="oc-cf">
         <name>.debug_info</name>
         <load_address>0x338e6</load_address>
         <run_address>0x338e6</run_address>
         <size>0x2f21</size>
         <input_file_ref idref="fl-14"/>
      </object_component>
      <object_component id="oc-d8">
         <name>.debug_info</name>
         <load_address>0x36807</load_address>
         <run_address>0x36807</run_address>
         <size>0xaaa</size>
         <input_file_ref idref="fl-15"/>
      </object_component>
      <object_component id="oc-dd">
         <name>.debug_info</name>
         <load_address>0x372b1</load_address>
         <run_address>0x372b1</run_address>
         <size>0x1438</size>
         <input_file_ref idref="fl-16"/>
      </object_component>
      <object_component id="oc-e5">
         <name>.debug_info</name>
         <load_address>0x386e9</load_address>
         <run_address>0x386e9</run_address>
         <size>0x73d</size>
         <input_file_ref idref="fl-17"/>
      </object_component>
      <object_component id="oc-ec">
         <name>.debug_info</name>
         <load_address>0x38e26</load_address>
         <run_address>0x38e26</run_address>
         <size>0x5ef5</size>
         <input_file_ref idref="fl-18"/>
      </object_component>
      <object_component id="oc-f1">
         <name>.debug_info</name>
         <load_address>0x3ed1b</load_address>
         <run_address>0x3ed1b</run_address>
         <size>0x20d2</size>
         <input_file_ref idref="fl-19"/>
      </object_component>
      <object_component id="oc-f6">
         <name>.debug_info</name>
         <load_address>0x40ded</load_address>
         <run_address>0x40ded</run_address>
         <size>0x78f</size>
         <input_file_ref idref="fl-1a"/>
      </object_component>
      <object_component id="oc-fc">
         <name>.debug_info</name>
         <load_address>0x4157c</load_address>
         <run_address>0x4157c</run_address>
         <size>0x1f23</size>
         <input_file_ref idref="fl-1b"/>
      </object_component>
      <object_component id="oc-103">
         <name>.debug_info</name>
         <load_address>0x4349f</load_address>
         <run_address>0x4349f</run_address>
         <size>0xdf</size>
         <input_file_ref idref="fl-1f"/>
      </object_component>
      <object_component id="oc-107">
         <name>.debug_info</name>
         <load_address>0x4357e</load_address>
         <run_address>0x4357e</run_address>
         <size>0x390</size>
         <input_file_ref idref="fl-20"/>
      </object_component>
      <object_component id="oc-10b">
         <name>.debug_info</name>
         <load_address>0x4390e</load_address>
         <run_address>0x4390e</run_address>
         <size>0x4a2</size>
         <input_file_ref idref="fl-21"/>
      </object_component>
      <object_component id="oc-111">
         <name>.debug_info</name>
         <load_address>0x43db0</load_address>
         <run_address>0x43db0</run_address>
         <size>0xc1</size>
         <input_file_ref idref="fl-22"/>
      </object_component>
      <object_component id="oc-115">
         <name>.debug_info</name>
         <load_address>0x43e71</load_address>
         <run_address>0x43e71</run_address>
         <size>0x3da</size>
         <input_file_ref idref="fl-23"/>
      </object_component>
      <object_component id="oc-119">
         <name>.debug_info</name>
         <load_address>0x4424b</load_address>
         <run_address>0x4424b</run_address>
         <size>0x4e7</size>
         <input_file_ref idref="fl-24"/>
      </object_component>
      <object_component id="oc-11d">
         <name>.debug_info</name>
         <load_address>0x44732</load_address>
         <run_address>0x44732</run_address>
         <size>0x3eb</size>
         <input_file_ref idref="fl-25"/>
      </object_component>
      <object_component id="oc-121">
         <name>.debug_info</name>
         <load_address>0x44b1d</load_address>
         <run_address>0x44b1d</run_address>
         <size>0x390</size>
         <input_file_ref idref="fl-26"/>
      </object_component>
      <object_component id="oc-125">
         <name>.debug_info</name>
         <load_address>0x44ead</load_address>
         <run_address>0x44ead</run_address>
         <size>0x582</size>
         <input_file_ref idref="fl-27"/>
      </object_component>
      <object_component id="oc-129">
         <name>.debug_info</name>
         <load_address>0x4542f</load_address>
         <run_address>0x4542f</run_address>
         <size>0x3ff</size>
         <input_file_ref idref="fl-28"/>
      </object_component>
      <object_component id="oc-12d">
         <name>.debug_info</name>
         <load_address>0x4582e</load_address>
         <run_address>0x4582e</run_address>
         <size>0x481</size>
         <input_file_ref idref="fl-29"/>
      </object_component>
      <object_component id="oc-133">
         <name>.debug_info</name>
         <load_address>0x45caf</load_address>
         <run_address>0x45caf</run_address>
         <size>0x3cb</size>
         <input_file_ref idref="fl-2a"/>
      </object_component>
      <object_component id="oc-137">
         <name>.debug_info</name>
         <load_address>0x4607a</load_address>
         <run_address>0x4607a</run_address>
         <size>0x1ff6</size>
         <input_file_ref idref="fl-2b"/>
      </object_component>
      <object_component id="oc-13d">
         <name>.debug_info</name>
         <load_address>0x48070</load_address>
         <run_address>0x48070</run_address>
         <size>0x44d</size>
         <input_file_ref idref="fl-2c"/>
      </object_component>
      <object_component id="oc-141">
         <name>.debug_info</name>
         <load_address>0x484bd</load_address>
         <run_address>0x484bd</run_address>
         <size>0x46b</size>
         <input_file_ref idref="fl-2d"/>
      </object_component>
      <object_component id="oc-144">
         <name>.debug_info</name>
         <load_address>0x48928</load_address>
         <run_address>0x48928</run_address>
         <size>0x36b</size>
         <input_file_ref idref="fl-2e"/>
      </object_component>
      <object_component id="oc-146">
         <name>.debug_info</name>
         <load_address>0x48c93</load_address>
         <run_address>0x48c93</run_address>
         <size>0x34e</size>
         <input_file_ref idref="fl-2f"/>
      </object_component>
      <object_component id="oc-14b">
         <name>.debug_info</name>
         <load_address>0x48fe1</load_address>
         <run_address>0x48fe1</run_address>
         <size>0x3c6</size>
         <input_file_ref idref="fl-30"/>
      </object_component>
      <object_component id="oc-14f">
         <name>.debug_info</name>
         <load_address>0x493a7</load_address>
         <run_address>0x493a7</run_address>
         <size>0xcd</size>
         <input_file_ref idref="fl-31"/>
      </object_component>
      <object_component id="oc-153">
         <name>.debug_info</name>
         <load_address>0x49474</load_address>
         <run_address>0x49474</run_address>
         <size>0xc1</size>
         <input_file_ref idref="fl-32"/>
      </object_component>
      <object_component id="oc-157">
         <name>.debug_info</name>
         <load_address>0x49535</load_address>
         <run_address>0x49535</run_address>
         <size>0xc1</size>
         <input_file_ref idref="fl-33"/>
      </object_component>
      <object_component id="oc-15b">
         <name>.debug_info</name>
         <load_address>0x495f6</load_address>
         <run_address>0x495f6</run_address>
         <size>0xc1</size>
         <input_file_ref idref="fl-34"/>
      </object_component>
      <object_component id="oc-15f">
         <name>.debug_info</name>
         <load_address>0x496b7</load_address>
         <run_address>0x496b7</run_address>
         <size>0xcf</size>
         <input_file_ref idref="fl-35"/>
      </object_component>
      <object_component id="oc-163">
         <name>.debug_info</name>
         <load_address>0x49786</load_address>
         <run_address>0x49786</run_address>
         <size>0xc1</size>
         <input_file_ref idref="fl-36"/>
      </object_component>
      <object_component id="oc-167">
         <name>.debug_info</name>
         <load_address>0x49847</load_address>
         <run_address>0x49847</run_address>
         <size>0xc1</size>
         <input_file_ref idref="fl-37"/>
      </object_component>
      <object_component id="oc-16b">
         <name>.debug_info</name>
         <load_address>0x49908</load_address>
         <run_address>0x49908</run_address>
         <size>0x3a0</size>
         <input_file_ref idref="fl-38"/>
      </object_component>
      <object_component id="oc-16f">
         <name>.debug_info</name>
         <load_address>0x49ca8</load_address>
         <run_address>0x49ca8</run_address>
         <size>0xc7</size>
         <input_file_ref idref="fl-39"/>
      </object_component>
      <object_component id="oc-173">
         <name>.debug_info</name>
         <load_address>0x49d6f</load_address>
         <run_address>0x49d6f</run_address>
         <size>0xed</size>
         <input_file_ref idref="fl-3a"/>
      </object_component>
      <object_component id="oc-177">
         <name>.debug_info</name>
         <load_address>0x49e5c</load_address>
         <run_address>0x49e5c</run_address>
         <size>0xc1</size>
         <input_file_ref idref="fl-3b"/>
      </object_component>
      <object_component id="oc-17b">
         <name>.debug_info</name>
         <load_address>0x49f1d</load_address>
         <run_address>0x49f1d</run_address>
         <size>0x3a6</size>
         <input_file_ref idref="fl-3c"/>
      </object_component>
      <object_component id="oc-17f">
         <name>.debug_info</name>
         <load_address>0x4a2c3</load_address>
         <run_address>0x4a2c3</run_address>
         <size>0xfa</size>
         <input_file_ref idref="fl-3d"/>
      </object_component>
      <object_component id="oc-183">
         <name>.debug_info</name>
         <load_address>0x4a3bd</load_address>
         <run_address>0x4a3bd</run_address>
         <size>0x1c6</size>
         <input_file_ref idref="fl-3e"/>
      </object_component>
      <object_component id="oc-187">
         <name>.debug_info</name>
         <load_address>0x4a583</load_address>
         <run_address>0x4a583</run_address>
         <size>0xc1</size>
         <input_file_ref idref="fl-3f"/>
      </object_component>
      <object_component id="oc-18b">
         <name>.debug_info</name>
         <load_address>0x4a644</load_address>
         <run_address>0x4a644</run_address>
         <size>0x46a</size>
         <input_file_ref idref="fl-40"/>
      </object_component>
      <object_component id="oc-18f">
         <name>.debug_info</name>
         <load_address>0x4aaae</load_address>
         <run_address>0x4aaae</run_address>
         <size>0x43b</size>
         <input_file_ref idref="fl-41"/>
      </object_component>
      <object_component id="oc-193">
         <name>.debug_info</name>
         <load_address>0x4aee9</load_address>
         <run_address>0x4aee9</run_address>
         <size>0x464</size>
         <input_file_ref idref="fl-42"/>
      </object_component>
      <object_component id="oc-197">
         <name>.debug_info</name>
         <load_address>0x4b34d</load_address>
         <run_address>0x4b34d</run_address>
         <size>0x455</size>
         <input_file_ref idref="fl-43"/>
      </object_component>
      <object_component id="oc-19b">
         <name>.debug_info</name>
         <load_address>0x4b7a2</load_address>
         <run_address>0x4b7a2</run_address>
         <size>0x450</size>
         <input_file_ref idref="fl-44"/>
      </object_component>
      <object_component id="oc-19f">
         <name>.debug_info</name>
         <load_address>0x4bbf2</load_address>
         <run_address>0x4bbf2</run_address>
         <size>0xc1</size>
         <input_file_ref idref="fl-45"/>
      </object_component>
      <object_component id="oc-1a3">
         <name>.debug_info</name>
         <load_address>0x4bcb3</load_address>
         <run_address>0x4bcb3</run_address>
         <size>0x14f</size>
         <input_file_ref idref="fl-46"/>
      </object_component>
      <object_component id="oc-203">
         <name>.debug_info</name>
         <load_address>0x4be02</load_address>
         <run_address>0x4be02</run_address>
         <size>0x6f</size>
      </object_component>
      <object_component id="oc-4a">
         <name>.debug_line</name>
         <load_address>0x0</load_address>
         <run_address>0x0</run_address>
         <size>0x8b</size>
         <input_file_ref idref="fl-4"/>
      </object_component>
      <object_component id="oc-4f">
         <name>.debug_line</name>
         <load_address>0x8b</load_address>
         <run_address>0x8b</run_address>
         <size>0x138</size>
         <input_file_ref idref="fl-5"/>
      </object_component>
      <object_component id="oc-55">
         <name>.debug_line</name>
         <load_address>0x1c3</load_address>
         <run_address>0x1c3</run_address>
         <size>0x1a8</size>
         <input_file_ref idref="fl-6"/>
      </object_component>
      <object_component id="oc-5a">
         <name>.debug_line</name>
         <load_address>0x36b</load_address>
         <run_address>0x36b</run_address>
         <size>0xc5</size>
         <input_file_ref idref="fl-7"/>
      </object_component>
      <object_component id="oc-5f">
         <name>.debug_line</name>
         <load_address>0x430</load_address>
         <run_address>0x430</run_address>
         <size>0x104</size>
         <input_file_ref idref="fl-8"/>
      </object_component>
      <object_component id="oc-65">
         <name>.debug_line</name>
         <load_address>0x534</load_address>
         <run_address>0x534</run_address>
         <size>0xa9</size>
         <input_file_ref idref="fl-9"/>
      </object_component>
      <object_component id="oc-6a">
         <name>.debug_line</name>
         <load_address>0x5dd</load_address>
         <run_address>0x5dd</run_address>
         <size>0xc9</size>
         <input_file_ref idref="fl-a"/>
      </object_component>
      <object_component id="oc-a2">
         <name>.debug_line</name>
         <load_address>0x6a6</load_address>
         <run_address>0x6a6</run_address>
         <size>0x19c</size>
         <input_file_ref idref="fl-c"/>
      </object_component>
      <object_component id="oc-a7">
         <name>.debug_line</name>
         <load_address>0x842</load_address>
         <run_address>0x842</run_address>
         <size>0x19e</size>
         <input_file_ref idref="fl-d"/>
      </object_component>
      <object_component id="oc-ac">
         <name>.debug_line</name>
         <load_address>0x9e0</load_address>
         <run_address>0x9e0</run_address>
         <size>0x7a5</size>
         <input_file_ref idref="fl-e"/>
      </object_component>
      <object_component id="oc-b2">
         <name>.debug_line</name>
         <load_address>0x1185</load_address>
         <run_address>0x1185</run_address>
         <size>0xcb</size>
         <input_file_ref idref="fl-f"/>
      </object_component>
      <object_component id="oc-b7">
         <name>.debug_line</name>
         <load_address>0x1250</load_address>
         <run_address>0x1250</run_address>
         <size>0xa4</size>
         <input_file_ref idref="fl-10"/>
      </object_component>
      <object_component id="oc-bb">
         <name>.debug_line</name>
         <load_address>0x12f4</load_address>
         <run_address>0x12f4</run_address>
         <size>0x8c</size>
         <input_file_ref idref="fl-11"/>
      </object_component>
      <object_component id="oc-c4">
         <name>.debug_line</name>
         <load_address>0x1380</load_address>
         <run_address>0x1380</run_address>
         <size>0x220</size>
         <input_file_ref idref="fl-12"/>
      </object_component>
      <object_component id="oc-cc">
         <name>.debug_line</name>
         <load_address>0x15a0</load_address>
         <run_address>0x15a0</run_address>
         <size>0x107</size>
         <input_file_ref idref="fl-13"/>
      </object_component>
      <object_component id="oc-d5">
         <name>.debug_line</name>
         <load_address>0x16a7</load_address>
         <run_address>0x16a7</run_address>
         <size>0x296</size>
         <input_file_ref idref="fl-14"/>
      </object_component>
      <object_component id="oc-da">
         <name>.debug_line</name>
         <load_address>0x193d</load_address>
         <run_address>0x193d</run_address>
         <size>0x118</size>
         <input_file_ref idref="fl-15"/>
      </object_component>
      <object_component id="oc-e2">
         <name>.debug_line</name>
         <load_address>0x1a55</load_address>
         <run_address>0x1a55</run_address>
         <size>0x1f1</size>
         <input_file_ref idref="fl-16"/>
      </object_component>
      <object_component id="oc-e9">
         <name>.debug_line</name>
         <load_address>0x1c46</load_address>
         <run_address>0x1c46</run_address>
         <size>0xb8</size>
         <input_file_ref idref="fl-17"/>
      </object_component>
      <object_component id="oc-ee">
         <name>.debug_line</name>
         <load_address>0x1cfe</load_address>
         <run_address>0x1cfe</run_address>
         <size>0x4dd</size>
         <input_file_ref idref="fl-18"/>
      </object_component>
      <object_component id="oc-f3">
         <name>.debug_line</name>
         <load_address>0x21db</load_address>
         <run_address>0x21db</run_address>
         <size>0x265</size>
         <input_file_ref idref="fl-19"/>
      </object_component>
      <object_component id="oc-f9">
         <name>.debug_line</name>
         <load_address>0x2440</load_address>
         <run_address>0x2440</run_address>
         <size>0xb5</size>
         <input_file_ref idref="fl-1a"/>
      </object_component>
      <object_component id="oc-ff">
         <name>.debug_line</name>
         <load_address>0x24f5</load_address>
         <run_address>0x24f5</run_address>
         <size>0x314</size>
         <input_file_ref idref="fl-1b"/>
      </object_component>
      <object_component id="oc-104">
         <name>.debug_line</name>
         <load_address>0x2809</load_address>
         <run_address>0x2809</run_address>
         <size>0x71</size>
         <input_file_ref idref="fl-1f"/>
      </object_component>
      <object_component id="oc-108">
         <name>.debug_line</name>
         <load_address>0x287a</load_address>
         <run_address>0x287a</run_address>
         <size>0x3a</size>
         <input_file_ref idref="fl-20"/>
      </object_component>
      <object_component id="oc-10e">
         <name>.debug_line</name>
         <load_address>0x28b4</load_address>
         <run_address>0x28b4</run_address>
         <size>0x4f</size>
         <input_file_ref idref="fl-21"/>
      </object_component>
      <object_component id="oc-112">
         <name>.debug_line</name>
         <load_address>0x2903</load_address>
         <run_address>0x2903</run_address>
         <size>0xaa</size>
         <input_file_ref idref="fl-22"/>
      </object_component>
      <object_component id="oc-116">
         <name>.debug_line</name>
         <load_address>0x29ad</load_address>
         <run_address>0x29ad</run_address>
         <size>0x3a</size>
         <input_file_ref idref="fl-23"/>
      </object_component>
      <object_component id="oc-11a">
         <name>.debug_line</name>
         <load_address>0x29e7</load_address>
         <run_address>0x29e7</run_address>
         <size>0x46</size>
         <input_file_ref idref="fl-24"/>
      </object_component>
      <object_component id="oc-11e">
         <name>.debug_line</name>
         <load_address>0x2a2d</load_address>
         <run_address>0x2a2d</run_address>
         <size>0x3a</size>
         <input_file_ref idref="fl-25"/>
      </object_component>
      <object_component id="oc-122">
         <name>.debug_line</name>
         <load_address>0x2a67</load_address>
         <run_address>0x2a67</run_address>
         <size>0x3a</size>
         <input_file_ref idref="fl-26"/>
      </object_component>
      <object_component id="oc-126">
         <name>.debug_line</name>
         <load_address>0x2aa1</load_address>
         <run_address>0x2aa1</run_address>
         <size>0x66</size>
         <input_file_ref idref="fl-27"/>
      </object_component>
      <object_component id="oc-12a">
         <name>.debug_line</name>
         <load_address>0x2b07</load_address>
         <run_address>0x2b07</run_address>
         <size>0x43</size>
         <input_file_ref idref="fl-28"/>
      </object_component>
      <object_component id="oc-130">
         <name>.debug_line</name>
         <load_address>0x2b4a</load_address>
         <run_address>0x2b4a</run_address>
         <size>0x57</size>
         <input_file_ref idref="fl-29"/>
      </object_component>
      <object_component id="oc-134">
         <name>.debug_line</name>
         <load_address>0x2ba1</load_address>
         <run_address>0x2ba1</run_address>
         <size>0x3b</size>
         <input_file_ref idref="fl-2a"/>
      </object_component>
      <object_component id="oc-13a">
         <name>.debug_line</name>
         <load_address>0x2bdc</load_address>
         <run_address>0x2bdc</run_address>
         <size>0x23d</size>
         <input_file_ref idref="fl-2b"/>
      </object_component>
      <object_component id="oc-13e">
         <name>.debug_line</name>
         <load_address>0x2e19</load_address>
         <run_address>0x2e19</run_address>
         <size>0x41</size>
         <input_file_ref idref="fl-2c"/>
      </object_component>
      <object_component id="oc-142">
         <name>.debug_line</name>
         <load_address>0x2e5a</load_address>
         <run_address>0x2e5a</run_address>
         <size>0x44</size>
         <input_file_ref idref="fl-2d"/>
      </object_component>
      <object_component id="oc-14c">
[...]
      <symbol id="sm-4f0">
         <name>_C2R</name>
         <value>0xcc20</value>
         <object_component_ref idref="oc-e0"/>
      </symbol>
      <symbol id="sm-4f1">
         <name>_JointEncCnt</name>
         <value>0xc659</value>
         <object_component_ref idref="oc-df"/>
      </symbol>
      <symbol id="sm-4f2">
         <name>_ResetMotorPosCnt</name>
         <value>0xa2c9</value>
         <object_component_ref idref="oc-dc"/>
      </symbol>
      <symbol id="sm-4f3">
         <name>_pQxIIR</name>
         <value>0xc640</value>
         <object_component_ref idref="oc-df"/>
      </symbol>
      <symbol id="sm-4f4">
         <name>_CURRENT_TENSION_FACTOR</name>
         <value>0xcc1e</value>
         <object_component_ref idref="oc-e0"/>
      </symbol>
      <symbol id="sm-4f5">
         <name>_InitPID</name>
         <value>0xa0ad</value>
         <object_component_ref idref="oc-dc"/>
      </symbol>
      <symbol id="sm-4f6">
         <name>_UpdateAllState</name>
         <value>0xa29e</value>
         <object_component_ref idref="oc-dc"/>
      </symbol>
      <symbol id="sm-4f7">
         <name>_QyIIR</name>
         <value>0xc6a4</value>
         <object_component_ref idref="oc-df"/>
      </symbol>
      <symbol id="sm-4f8">
         <name>_SetMotorTorque</name>
         <value>0xa2e2</value>
         <object_component_ref idref="oc-dc"/>
      </symbol>
      <symbol id="sm-4f9">
         <name>_torqueOutIIR2</name>
         <value>0xc662</value>
         <object_component_ref idref="oc-df"/>
      </symbol>
      <symbol id="sm-4fa">
         <name>_InitMVP</name>
         <value>0xa03b</value>
         <object_component_ref idref="oc-dc"/>
      </symbol>
      <symbol id="sm-4fb">
         <name>_QxIIR</name>
         <value>0xc680</value>
         <object_component_ref idref="oc-df"/>
      </symbol>
      <symbol id="sm-50d">
         <name>_ENCODER_RD</name>
         <value>0xc962</value>
         <object_component_ref idref="oc-e7"/>
      </symbol>
      <symbol id="sm-50e">
         <name>_LED_ADD</name>
         <value>0xc968</value>
         <object_component_ref idref="oc-e7"/>
      </symbol>
      <symbol id="sm-50f">
         <name>_led</name>
         <value>0xc960</value>
         <object_component_ref idref="oc-e7"/>
      </symbol>
      <symbol id="sm-510">
         <name>_TENSION_SENSOR</name>
         <value>0xc96a</value>
         <object_component_ref idref="oc-e7"/>
      </symbol>
      <symbol id="sm-511">
         <name>_GetLED</name>
         <value>0xbbb2</value>
         <object_component_ref idref="oc-e4"/>
      </symbol>
      <symbol id="sm-512">
         <name>_SetLED</name>
         <value>0xbbb6</value>
         <object_component_ref idref="oc-e4"/>
      </symbol>
      <symbol id="sm-513">
         <name>_EncoderRd</name>
         <value>0xbb94</value>
         <object_component_ref idref="oc-e4"/>
      </symbol>
      <symbol id="sm-514">
         <name>_BlinkLED</name>
         <value>0xbba9</value>
         <object_component_ref idref="oc-e4"/>
      </symbol>
      <symbol id="sm-515">
         <name>_ABS_ENCODER</name>
         <value>0xc96c</value>
         <object_component_ref idref="oc-e7"/>
      </symbol>
      <symbol id="sm-516">
         <name>_INC_ENCODER</name>
         <value>0xc966</value>
         <object_component_ref idref="oc-e7"/>
      </symbol>
      <symbol id="sm-517">
         <name>_ReadTension</name>
         <value>0xbbbf</value>
         <object_component_ref idref="oc-e4"/>
      </symbol>
      <symbol id="sm-518">
         <name>_ExRamStart</name>
         <value>0xc964</value>
         <object_component_ref idref="oc-e7"/>
      </symbol>
      <symbol id="sm-5fe">
         <name>_IMU2_SetOffset</name>
         <value>0x95e7</value>
         <object_component_ref idref="oc-eb"/>
      </symbol>
      <symbol id="sm-5ff">
         <name>_IMU3_SetOffset</name>
         <value>0x963b</value>
         <object_component_ref idref="oc-eb"/>
      </symbol>
      <symbol id="sm-600">
         <name>_IMU3_read_LpCan</name>
         <value>0x9866</value>
         <object_component_ref idref="oc-eb"/>
      </symbol>
      <symbol id="sm-601">
         <name>_InitMyEcan</name>
         <value>0x9271</value>
         <object_component_ref idref="oc-eb"/>
      </symbol>
      <symbol id="sm-602">
         <name>_IMU2_GotoCmd</name>
         <value>0x94ec</value>
         <object_component_ref idref="oc-eb"/>
      </symbol>
      <symbol id="sm-603">
         <name>_IMU_GotoStream</name>
         <value>0x9958</value>
         <object_component_ref idref="oc-eb"/>
      </symbol>
      <symbol id="sm-604">
         <name>_IMU_read_CANopen</name>
         <value>0x9477</value>
         <object_component_ref idref="oc-eb"/>
      </symbol>
      <symbol id="sm-605">
         <name>_IMU2_read_LpCan</name>
         <value>0x9777</value>
         <object_component_ref idref="oc-eb"/>
      </symbol>
      <symbol id="sm-606">
         <name>_IMU1_GotoCmd</name>
         <value>0x9499</value>
         <object_component_ref idref="oc-eb"/>
      </symbol>
      <symbol id="sm-607">
         <name>_IMU1_read_LpCan</name>
         <value>0x968f</value>
         <object_component_ref idref="oc-eb"/>
      </symbol>
      <symbol id="sm-608">
         <name>_IMU3_GotoCmd</name>
         <value>0x9540</value>
         <object_component_ref idref="oc-eb"/>
      </symbol>
      <symbol id="sm-609">
         <name>_IMU1_SetOffset</name>
         <value>0x9594</value>
         <object_component_ref idref="oc-eb"/>
      </symbol>
      <symbol id="sm-60a">
         <name>_InverseOrder32</name>
         <value>0x9454</value>
         <object_component_ref idref="oc-eb"/>
      </symbol>
      <symbol id="sm-634">
         <name>_RR</name>
         <value>0xcc14</value>
         <object_component_ref idref="oc-1ab"/>
      </symbol>
      <symbol id="sm-635">
         <name>_SetEPwm</name>
         <value>0xa66c</value>
         <object_component_ref idref="oc-f0"/>
      </symbol>
      <symbol id="sm-636">
         <name>_EPwm4Config</name>
         <value>0xa503</value>
         <object_component_ref idref="oc-f0"/>
      </symbol>
      <symbol id="sm-637">
         <name>_EPwm1Config</name>
         <value>0xa3b9</value>
         <object_component_ref idref="oc-f0"/>
      </symbol>
      <symbol id="sm-638">
         <name>_GetDutyCycle</name>
         <value>0xa6e4</value>
         <object_component_ref idref="oc-f0"/>
      </symbol>
      <symbol id="sm-639">
         <name>_EPwmSetup</name>
         <value>0xa64d</value>
         <object_component_ref idref="oc-f0"/>
      </symbol>
      <symbol id="sm-63a">
         <name>_EPwm5Config</name>
         <value>0xa571</value>
         <object_component_ref idref="oc-f0"/>
      </symbol>
      <symbol id="sm-63b">
         <name>_EPwm2Config</name>
         <value>0xa427</value>
         <object_component_ref idref="oc-f0"/>
      </symbol>
      <symbol id="sm-63c">
         <name>_EPwm6Config</name>
         <value>0xa5df</value>
         <object_component_ref idref="oc-f0"/>
      </symbol>
      <symbol id="sm-63d">
         <name>_K</name>
         <value>0xcbdc</value>
         <object_component_ref idref="oc-1ad"/>
      </symbol>
      <symbol id="sm-63e">
         <name>_B</name>
         <value>0xcbc8</value>
         <object_component_ref idref="oc-1ac"/>
      </symbol>
      <symbol id="sm-63f">
         <name>_EPwm3Config</name>
         <value>0xa495</value>
         <object_component_ref idref="oc-f0"/>
      </symbol>
      <symbol id="sm-65a">
         <name>_DUTY_CYCLE_ZERO</name>
         <value>0xcc4e</value>
         <object_component_ref idref="oc-f7"/>
      </symbol>
      <symbol id="sm-65b">
         <name>_COPLEY_MAX_VELOCITY</name>
         <value>0xcc50</value>
         <object_component_ref idref="oc-f7"/>
      </symbol>
      <symbol id="sm-65c">
         <name>_InitMotorModel</name>
         <value>0xb114</value>
         <object_component_ref idref="oc-f5"/>
      </symbol>
      <symbol id="sm-65d">
         <name>_SetVelocity</name>
         <value>0xb053</value>
         <object_component_ref idref="oc-f5"/>
      </symbol>
      <symbol id="sm-685">
         <name>_SolveJacob</name>
         <value>0x85c9</value>
         <object_component_ref idref="oc-fb"/>
      </symbol>
      <symbol id="sm-686">
         <name>_VecMultMat</name>
         <value>0x8243</value>
         <object_component_ref idref="oc-fb"/>
      </symbol>
      <symbol id="sm-687">
         <name>_VecAssigned</name>
         <value>0x81cb</value>
         <object_component_ref idref="oc-fb"/>
      </symbol>
      <symbol id="sm-688">
         <name>_MatMultVec</name>
         <value>0x81e5</value>
         <object_component_ref idref="oc-fb"/>
      </symbol>
      <symbol id="sm-689">
         <name>_Matrix33Mult</name>
         <value>0x8000</value>
         <object_component_ref idref="oc-fb"/>
      </symbol>
      <symbol id="sm-68a">
         <name>_VecSub</name>
         <value>0x82a1</value>
         <object_component_ref idref="oc-fb"/>
      </symbol>
      <symbol id="sm-68b">
         <name>_SolveP</name>
         <value>0x83ab</value>
         <object_component_ref idref="oc-fb"/>
      </symbol>
      <symbol id="sm-68c">
         <name>_TransformF</name>
         <value>0x8568</value>
         <object_component_ref idref="oc-fb"/>
      </symbol>
      <symbol id="sm-68d">
         <name>_VecCross</name>
         <value>0x82ed</value>
         <object_component_ref idref="oc-fb"/>
      </symbol>
      <symbol id="sm-68e">
         <name>_ControlT</name>
         <value>0x889a</value>
         <object_component_ref idref="oc-fb"/>
      </symbol>
      <symbol id="sm-68f">
         <name>_MakeF</name>
         <value>0x8511</value>
         <object_component_ref idref="oc-fb"/>
      </symbol>
      <symbol id="sm-690">
         <name>_Normalization</name>
         <value>0x8350</value>
         <object_component_ref idref="oc-fb"/>
      </symbol>
      <symbol id="sm-691">
         <name>_EA2SO3</name>
         <value>0x8121</value>
         <object_component_ref idref="oc-fb"/>
      </symbol>
      <symbol id="sm-692">
         <name>_LAMBDA</name>
         <value>0xcc4c</value>
         <object_component_ref idref="oc-fd"/>
      </symbol>
      <symbol id="sm-693">
         <name>_VecAdd</name>
         <value>0x82c7</value>
         <object_component_ref idref="oc-fb"/>
      </symbol>
      <symbol id="sm-694">
         <name>_VecDot</name>
         <value>0x832e</value>
         <object_component_ref idref="oc-fb"/>
      </symbol>
      <symbol id="sm-695">
         <name>_INV_MOTOR_RADIUS</name>
         <value>0xcc4a</value>
         <object_component_ref idref="oc-fd"/>
      </symbol>
      <symbol id="sm-696">
         <name>_FootPoint</name>
         <value>0x83c6</value>
         <object_component_ref idref="oc-fb"/>
      </symbol>
      <symbol id="sm-697">
         <name>_SolveTmpVec</name>
         <value>0x85a6</value>
         <object_component_ref idref="oc-fb"/>
      </symbol>
      <symbol id="sm-6a3">
         <name>_c_int00</name>
         <value>0xbb09</value>
         <object_component_ref idref="oc-47"/>
      </symbol>
      <symbol id="sm-6a4">
         <name>__stack</name>
         <value>0x400</value>
         <object_component_ref idref="oc-101"/>
      </symbol>
      <symbol id="sm-6ae">
         <name>_cos</name>
         <value>0xb94b</value>
         <object_component_ref idref="oc-106"/>
      </symbol>
      <symbol id="sm-6bc">
         <name>C$$EXIT</name>
         <value>0xbeaf</value>
         <object_component_ref idref="oc-10a"/>
      </symbol>
      <symbol id="sm-6bd">
         <name>_exit</name>
         <value>0xbeb1</value>
         <object_component_ref idref="oc-10a"/>
      </symbol>
      <symbol id="sm-6be">
         <name>_abort</name>
         <value>0xbeaf</value>
         <object_component_ref idref="oc-10a"/>
      </symbol>
      <symbol id="sm-6bf">
         <name>__cleanup_ptr</name>
         <value>0xc7fc</value>
         <object_component_ref idref="oc-10d"/>
      </symbol>
      <symbol id="sm-6c0">
         <name>__dtors_ptr</name>
         <value>0xc7fe</value>
         <object_component_ref idref="oc-10d"/>
      </symbol>
      <symbol id="sm-6c8">
         <name>FS$$DIV</name>
         <value>0xb6f7</value>
         <object_component_ref idref="oc-110"/>
      </symbol>
      <symbol id="sm-6d2">
         <name>_log</name>
         <value>0xb8e8</value>
         <object_component_ref idref="oc-114"/>
      </symbol>
      <symbol id="sm-6dc">
         <name>___memcpy_ff</name>
         <value>0xbde0</value>
         <object_component_ref idref="oc-118"/>
      </symbol>
      <symbol id="sm-6e6">
         <name>_pow</name>
         <value>0xb9ac</value>
         <object_component_ref idref="oc-11c"/>
      </symbol>
      <symbol id="sm-6f0">
         <name>_sin</name>
         <value>0xba5e</value>
         <object_component_ref idref="oc-120"/>
      </symbol>
      <symbol id="sm-6fa">
         <name>_sprintf</name>
         <value>0xbc77</value>
         <object_component_ref idref="oc-124"/>
      </symbol>
      <symbol id="sm-704">
         <name>_sqrt</name>
         <value>0xbd7a</value>
         <object_component_ref idref="oc-128"/>
      </symbol>
      <symbol id="sm-712">
         <name>__unlock</name>
         <value>0xc7f8</value>
         <object_component_ref idref="oc-12f"/>
      </symbol>
      <symbol id="sm-713">
         <name>__lock</name>
         <value>0xc7fa</value>
         <object_component_ref idref="oc-12f"/>
      </symbol>
      <symbol id="sm-714">
         <name>__register_lock</name>
         <value>0xbf11</value>
         <object_component_ref idref="oc-12c"/>
      </symbol>
      <symbol id="sm-715">
         <name>__nop</name>
         <value>0xbf15</value>
         <object_component_ref idref="oc-12c"/>
      </symbol>
      <symbol id="sm-716">
         <name>__register_unlock</name>
         <value>0xbf0d</value>
         <object_component_ref idref="oc-12c"/>
      </symbol>
      <symbol id="sm-720">
         <name>__log</name>
         <value>0xbab5</value>
         <object_component_ref idref="oc-132"/>
      </symbol>
      <symbol id="sm-72e">
         <name>__printfi</name>
         <value>0x916e</value>
         <object_component_ref idref="oc-136"/>
      </symbol>
      <symbol id="sm-738">
         <name>__args_main</name>
         <value>0xbe96</value>
         <object_component_ref idref="oc-13c"/>
      </symbol>
      <symbol id="sm-739">
         <name>__TI_args_main</name>
         <value>0x1</value>
      </symbol>
      <symbol id="sm-743">
         <name>_atoi</name>
         <value>0xbc46</value>
         <object_component_ref idref="oc-140"/>
      </symbol>
      <symbol id="sm-74b">
         <name>__ctypes_</name>
         <value>0xc972</value>
         <object_component_ref idref="oc-1b1"/>
      </symbol>
      <symbol id="sm-755">
         <name>_errno</name>
         <value>0xc971</value>
         <object_component_ref idref="oc-148"/>
      </symbol>
      <symbol id="sm-75f">
         <name>_exp</name>
         <value>0xb87e</value>
         <object_component_ref idref="oc-14a"/>
      </symbol>
      <symbol id="sm-767">
         <name>FD$$CMP</name>
         <value>0xbcfe</value>
         <object_component_ref idref="oc-14e"/>
      </symbol>
      <symbol id="sm-76f">
         <name>FD$$DIV</name>
         <value>0xb66c</value>
         <object_component_ref idref="oc-152"/>
      </symbol>
      <symbol id="sm-777">
         <name>FD$$MPY</name>
         <value>0xb77f</value>
         <object_component_ref idref="oc-156"/>
      </symbol>
      <symbol id="sm-77f">
         <name>FD$$NEG</name>
         <value>0xbf16</value>
         <object_component_ref idref="oc-15a"/>
      </symbol>
      <symbol id="sm-787">
         <name>FD$$SUB</name>
         <value>0xbef2</value>
         <object_component_ref idref="oc-15e"/>
      </symbol>
      <symbol id="sm-78f">
         <name>FD$$TOI</name>
         <value>0xbdbf</value>
         <object_component_ref idref="oc-162"/>
      </symbol>
      <symbol id="sm-797">
         <name>FD$$TOL</name>
         <value>0xbe21</value>
         <object_component_ref idref="oc-166"/>
      </symbol>
      <symbol id="sm-7a1">
         <name>_frexp</name>
         <value>0xbec8</value>
         <object_component_ref idref="oc-16a"/>
      </symbol>
      <symbol id="sm-7a9">
         <name>FS$$TOFD</name>
         <value>0xbe5e</value>
         <object_component_ref idref="oc-16e"/>
      </symbol>
      <symbol id="sm-7b1">
         <name>I$$MOD</name>
         <value>0xbdae</value>
         <object_component_ref idref="oc-172"/>
      </symbol>
      <symbol id="sm-7b2">
         <name>I$$DIV</name>
         <value>0xbd9d</value>
         <object_component_ref idref="oc-172"/>
      </symbol>
      <symbol id="sm-7ba">
         <name>L$$TOFD</name>
         <value>0xbe7a</value>
         <object_component_ref idref="oc-176"/>
      </symbol>
      <symbol id="sm-7c4">
         <name>_ldexp</name>
         <value>0xbc11</value>
         <object_component_ref idref="oc-17a"/>
      </symbol>
      <symbol id="sm-7cc">
         <name>ULL$$CMP</name>
         <value>0xbe52</value>
         <object_component_ref idref="oc-17e"/>
      </symbol>
      <symbol id="sm-7cd">
         <name>LL$$CMP</name>
         <value>0xbe40</value>
         <object_component_ref idref="oc-17e"/>
      </symbol>
      <symbol id="sm-7d5">
         <name>ULL$$MOD</name>
         <value>0xb20e</value>
         <object_component_ref idref="oc-182"/>
      </symbol>
      <symbol id="sm-7d6">
         <name>ULL$$DIV</name>
         <value>0xb1df</value>
         <object_component_ref idref="oc-182"/>
      </symbol>
      <symbol id="sm-7d7">
         <name>LL$$MOD</name>
         <value>0xb1a5</value>
         <object_component_ref idref="oc-182"/>
      </symbol>
      <symbol id="sm-7d8">
         <name>LL$$DIV</name>
         <value>0xb169</value>
         <object_component_ref idref="oc-182"/>
      </symbol>
      <symbol id="sm-7e0">
         <name>LL$$MPY</name>
         <value>0xbede</value>
         <object_component_ref idref="oc-186"/>
      </symbol>
      <symbol id="sm-7ea">
         <name>_ltoa</name>
         <value>0xbcd2</value>
         <object_component_ref idref="oc-18a"/>
      </symbol>
      <symbol id="sm-7f4">
         <name>_memccpy</name>
         <value>0xbf00</value>
         <object_component_ref idref="oc-18e"/>
      </symbol>
      <symbol id="sm-7fe">
         <name>_memset</name>
         <value>0xbf2f</value>
         <object_component_ref idref="oc-192"/>
      </symbol>
      <symbol id="sm-808">
         <name>_strcpy</name>
         <value>0xbf36</value>
         <object_component_ref idref="oc-196"/>
      </symbol>
      <symbol id="sm-812">
         <name>_strlen</name>
         <value>0xbf27</value>
         <object_component_ref idref="oc-19a"/>
      </symbol>
      <symbol id="sm-81a">
         <name>FD$$ADD</name>
         <value>0xb5d0</value>
         <object_component_ref idref="oc-19e"/>
      </symbol>
      <symbol id="sm-822">
         <name>UL$$MOD</name>
         <value>0xbd4c</value>
         <object_component_ref idref="oc-1a2"/>
      </symbol>
      <symbol id="sm-823">
         <name>L$$MOD</name>
         <value>0xbd37</value>
         <object_component_ref idref="oc-1a2"/>
      </symbol>
      <symbol id="sm-824">
         <name>L$$DIV</name>
         <value>0xbd28</value>
         <object_component_ref idref="oc-1a2"/>
      </symbol>
      <symbol id="sm-825">
         <name>UL$$DIV</name>
         <value>0xbd45</value>
         <object_component_ref idref="oc-1a2"/>
      </symbol>
   </symbol_table>
</link_info>
