******************************************************************************
             TMS320C2000 Linker PC v6.1.3                      
******************************************************************************
>> Linked Thu Dec 03 08:13:36 2015

OUTPUT FILE NAME:   <F:/cableDrive/dsp_7DOF0/cdmcs_3dof/../Debug/cdmcs.out>
ENTRY POINT SYMBOL: "code_start"  address: 00000000


MEMORY CONFIGURATION

         name            origin    length      used     unused   attr    fill
----------------------  --------  ---------  --------  --------  ----  --------
PAGE 0:
  BEGIN                 00000000   00000002  00000002  00000000  RWIX
  BOOT_RSVD             00000002   0000004e  00000000  0000004e  RWIX
  RAMM0                 00000050   000003b0  00000000  000003b0  RWIX
  RAML                  00008000   00004000  00002a4c  000015b4  RWIX
  ZONE7A                00200000   0000fc00  00000000  0000fc00  RWIX
  CSM_RSVD              0033ff80   00000076  00000000  00000076  RWIX
  CSM_PWL               0033fff8   00000008  00000000  00000008  RWIX
  ADC_CAL               00380080   00000009  00000007  00000002  RWIX
  IQTABLES              003fe000   00000b50  00000000  00000b50  RWIX
  IQTABLES2             003feb50   0000008c  00000000  0000008c  RWIX
  FPUTABLES             003febdc   000006a0  00000000  000006a0  RWIX
  BOOTROM               003ff27c   00000d44  00000000  00000d44  RWIX
  RESET                 003fffc0   00000002  00000000  00000002  RWIX

PAGE 1:
  RAMM                  00000400   00000400  00000300  00000100  RWIX
  DEV_EMU               00000880   00000180  000000d0  000000b0  RWIX
  FLASH_REGS            00000a80   00000060  00000008  00000058  RWIX
  CSM                   00000ae0   00000010  00000010  00000000  RWIX
  ADC_MIRROR            00000b00   00000010  00000010  00000000  RWIX
  XINTF                 00000b20   00000020  0000001e  00000002  RWIX
  CPU_TIMER0            00000c00   00000008  00000008  00000000  RWIX
  CPU_TIMER1            00000c08   00000008  00000008  00000000  RWIX
  CPU_TIMER2            00000c10   00000008  00000008  00000000  RWIX
  PIE_CTRL              00000ce0   00000020  0000001a  00000006  RWIX
  PIE_VECT              00000d00   00000100  00000100  00000000  RWIX
  DMA                   00001000   00000200  000000e0  00000120  RWIX
  MCBSPA                00005000   00000040  00000025  0000001b  RWIX
  MCBSPB                00005040   00000040  00000025  0000001b  RWIX
  ECANA                 00006000   00000040  00000034  0000000c  RWIX
  ECANA_LAM             00006040   00000040  00000040  00000000  RWIX
  ECANA_MOTS            00006080   00000040  00000040  00000000  RWIX
  ECANA_MOTO            000060c0   00000040  00000040  00000000  RWIX
  ECANA_MBOX            00006100   00000100  00000100  00000000  RWIX
  ECANB                 00006200   00000040  00000034  0000000c  RWIX
  ECANB_LAM             00006240   00000040  00000040  00000000  RWIX
  ECANB_MOTS            00006280   00000040  00000040  00000000  RWIX
  ECANB_MOTO            000062c0   00000040  00000040  00000000  RWIX
  ECANB_MBOX            00006300   00000100  00000100  00000000  RWIX
  EPWM1                 00006800   00000022  00000022  00000000  RWIX
  EPWM2                 00006840   00000022  00000022  00000000  RWIX
  EPWM3                 00006880   00000022  00000022  00000000  RWIX
  EPWM4                 000068c0   00000022  00000022  00000000  RWIX
  EPWM5                 00006900   00000022  00000022  00000000  RWIX
  EPWM6                 00006940   00000022  00000022  00000000  RWIX
  ECAP1                 00006a00   00000020  00000020  00000000  RWIX
  ECAP2                 00006a20   00000020  00000020  00000000  RWIX
  ECAP3                 00006a40   00000020  00000020  00000000  RWIX
  ECAP4                 00006a60   00000020  00000020  00000000  RWIX
  ECAP5                 00006a80   00000020  00000020  00000000  RWIX
  ECAP6                 00006aa0   00000020  00000020  00000000  RWIX
  EQEP1                 00006b00   00000040  00000040  00000000  RWIX
  EQEP2                 00006b40   00000040  00000040  00000000  RWIX
  GPIOCTRL              00006f80   00000040  0000002e  00000012  RWIX
  GPIODAT               00006fc0   00000020  00000020  00000000  RWIX
  GPIOINT               00006fe0   00000020  0000000a  00000016  RWIX
  SYSTEM                00007010   00000020  00000020  00000000  RWIX
  SPIA                  00007040   00000010  00000010  00000000  RWIX
  SCIA                  00007050   00000010  00000010  00000000  RWIX
  XINTRUPT              00007070   00000010  00000010  00000000  RWIX
  ADC                   00007100   00000020  0000001e  00000002  RWIX
  SCIB                  00007750   00000010  00000010  00000000  RWIX
  SCIC                  00007770   00000010  00000010  00000000  RWIX
  I2CA                  00007900   00000040  00000022  0000001e  RWIX
  COM_REG               0000c000   00000400  00000400  00000000  RWIX
  RAMH                  0000c400   00003c00  000006d1  0000352f  RWIX
  ZONE7B                0020fc00   00000400  00000000  00000400  RWIX
  CSM_PWL               0033fff8   00000008  00000008  00000000  RWIX


SECTION ALLOCATION MAP

 output                                  attributes/
section   page    origin      length       input sections
--------  ----  ----------  ----------   ----------------
codestart 
*          0    00000000    00000002     
                  00000000    00000002     DSP2833x_CodeStartBranch.obj (codestart)

.pinit     0    00008000    00000000     UNINITIALIZED

.text      0    00008000    00002943     
                  00008000    00000908     rts2800_fpu32.lib : _printfi.obj (.text)
                  00008908    000006ad     Algorithm.obj (.text)
                  00008fb5    000003ae     main.obj (.text)
                  00009363    00000375     EPwmSetup.obj (.text)
                  000096d8    00000323     DSP2833x_DefaultIsr.obj (.text:retain)
                  000099fb    000001c2     SciSetup.obj (.text)
                  00009bbd    00000116     CopleyControl.obj (.text)
                  00009cd3    00000107     rts2800_fpu32.lib : ll_div.obj (.text)
                  00009dda    000000f6     DSP2833x_Xintf.obj (.text)
                  00009ed0    000000f3     DSP2833x_SysCtrl.obj (.text)
                  00009fc3    000000d6     SciSetup.obj (.text:retain)
                  0000a099    000000ca     Fpga.obj (.text)
                  0000a163    000000a1     DSP2833x_EPwm.obj (.text)
                  0000a204    0000009c     rts2800_fpu32.lib : fd_add.obj (.text)
                  0000a2a0    0000008b                       : fd_div.obj (.text)
                  0000a32b    00000088                       : fs_div.obj (.text)
                  0000a3b3    00000083                       : fd_mpy.obj (.text)
                  0000a436    0000007c     DSP2833x_CpuTimers.obj (.text)
                  0000a4b2    00000061     rts2800_fpu32.lib : cos.obj (.text)
                  0000a513    00000058     TimerSetup.obj (.text:retain)
                  0000a56b    00000057     rts2800_fpu32.lib : sin.obj (.text)
                  0000a5c2    00000046                       : boot.obj (.text)
                  0000a608    00000045     DSP2833x_Sci.obj (.text)
                  0000a64d    00000039     TimerSetup.obj (.text)
                  0000a686    00000031     rts2800_fpu32.lib : atoi.obj (.text)
                  0000a6b7    0000002f                       : sprintf.obj (.text)
                  0000a6e6    0000002c     DSP2833x_Spi.obj (.text)
                  0000a712    0000002c     rts2800_fpu32.lib : ltoa.obj (.text)
                  0000a73e    0000002a                       : fd_cmp.obj (.text)
                  0000a768    0000002a                       : l_div.obj (.text)
                  0000a792    00000028     DSP2833x_PieCtrl.obj (.text)
                  0000a7ba    00000023     rts2800_fpu32.lib : sqrt.obj (.text)
                  0000a7dd    00000021                       : fd_toi.obj (.text)
                  0000a7fe    00000021                       : memcpy_ff.obj (.text)
                  0000a81f    00000020     DSP2833x_PieVect.obj (.text)
                  0000a83f    0000001f     rts2800_fpu32.lib : fd_tol.obj (.text)
                  0000a85e    0000001e                       : ll_cmp.obj (.text)
                  0000a87c    0000001c                       : fs_tofd.obj (.text)
                  0000a898    0000001c                       : l_tofd.obj (.text)
                  0000a8b4    00000019                       : args_main.obj (.text)
                  0000a8cd    00000019                       : exit.obj (.text)
                  0000a8e6    00000014                       : ll_mpy.obj (.text)
                  0000a8fa    0000000e                       : fd_sub.obj (.text)
                  0000a908    0000000d                       : memccpy.obj (.text)
                  0000a915    00000009                       : _lock.obj (.text)
                  0000a91e    00000009                       : fd_neg.obj (.text)
                  0000a927    00000008     DSP2833x_CodeStartBranch.obj (.text)
                  0000a92f    00000008     rts2800_fpu32.lib : strlen.obj (.text)
                  0000a937    00000007                       : memset.obj (.text)
                  0000a93e    00000005                       : strcpy.obj (.text)

.cinit     0    0000a943    000000ea     
                  0000a943    00000048     Algorithm.obj (.cinit)
                  0000a98b    00000046     main.obj (.cinit)
                  0000a9d1    00000022     Fpga.obj (.cinit)
                  0000a9f3    00000014     SciSetup.obj (.cinit)
                  0000aa07    0000000c     TimerSetup.obj (.cinit)
                  0000aa13    0000000a     rts2800_fpu32.lib : _lock.obj (.cinit)
                  0000aa1d    0000000a                       : exit.obj (.cinit)
                  0000aa27    00000004                       : errno.obj (.cinit)
                  0000aa2b    00000002     --HOLE-- [fill = 0]

ramfuncs   0    0000aa2d    0000001f     
                  0000aa2d    0000001b     DSP2833x_SysCtrl.obj (ramfuncs)
                  0000aa48    00000004     DSP2833x_usDelay.obj (ramfuncs)

csm_rsvd   0    0033ff80    00000000     DSECT

csmpasswds 
*          0    0033fff8    00000000     DSECT

.adc_cal   0    00380080    00000007     NOLOAD SECTION
                  00380080    00000007     DSP2833x_ADC_cal.obj (.adc_cal)

.reset     0    003fffc0    00000002     DSECT
                  003fffc0    00000002     rts2800_fpu32.lib : boot.obj (.reset)

.stack     1    00000400    00000300     UNINITIALIZED
                  00000400    00000300     --HOLE--

DevEmuRegsFile 
*          1    00000880    000000d0     UNINITIALIZED
                  00000880    000000d0     DSP2833x_GlobalVariableDefs.obj (DevEmuRegsFile)

FlashRegsFile 
*          1    00000a80    00000008     UNINITIALIZED
                  00000a80    00000008     DSP2833x_GlobalVariableDefs.obj (FlashRegsFile)

CsmRegsFile 
*          1    00000ae0    00000010     UNINITIALIZED
                  00000ae0    00000010     DSP2833x_GlobalVariableDefs.obj (CsmRegsFile)

AdcMirrorFile 
*          1    00000b00    00000010     UNINITIALIZED
                  00000b00    00000010     DSP2833x_GlobalVariableDefs.obj (AdcMirrorFile)

XintfRegsFile 
*          1    00000b20    0000001e     UNINITIALIZED
                  00000b20    0000001e     DSP2833x_GlobalVariableDefs.obj (XintfRegsFile)

CpuTimer0RegsFile 
*          1    00000c00    00000008     UNINITIALIZED
                  00000c00    00000008     DSP2833x_GlobalVariableDefs.obj (CpuTimer0RegsFile)

CpuTimer1RegsFile 
*          1    00000c08    00000008     UNINITIALIZED
                  00000c08    00000008     DSP2833x_GlobalVariableDefs.obj (CpuTimer1RegsFile)

CpuTimer2RegsFile 
*          1    00000c10    00000008     UNINITIALIZED
                  00000c10    00000008     DSP2833x_GlobalVariableDefs.obj (CpuTimer2RegsFile)

PieCtrlRegsFile 
*          1    00000ce0    0000001a     UNINITIALIZED
                  00000ce0    0000001a     DSP2833x_GlobalVariableDefs.obj (PieCtrlRegsFile)

PieVectTableFile 
*          1    00000d00    00000100     UNINITIALIZED
                  00000d00    00000100     DSP2833x_GlobalVariableDefs.obj (PieVectTableFile)

DmaRegsFile 
*          1    00001000    000000e0     UNINITIALIZED
                  00001000    000000e0     DSP2833x_GlobalVariableDefs.obj (DmaRegsFile)

McbspaRegsFile 
*          1    00005000    00000025     UNINITIALIZED
                  00005000    00000025     DSP2833x_GlobalVariableDefs.obj (McbspaRegsFile)

McbspbRegsFile 
*          1    00005040    00000025     UNINITIALIZED
                  00005040    00000025     DSP2833x_GlobalVariableDefs.obj (McbspbRegsFile)

ECanaRegsFile 
*          1    00006000    00000034     UNINITIALIZED
                  00006000    00000034     DSP2833x_GlobalVariableDefs.obj (ECanaRegsFile)

ECanaLAMRegsFile 
*          1    00006040    00000040     UNINITIALIZED
                  00006040    00000040     DSP2833x_GlobalVariableDefs.obj (ECanaLAMRegsFile)

ECanaMOTSRegsFile 
*          1    00006080    00000040     UNINITIALIZED
                  00006080    00000040     DSP2833x_GlobalVariableDefs.obj (ECanaMOTSRegsFile)

ECanaMOTORegsFile 
*          1    000060c0    00000040     UNINITIALIZED
                  000060c0    00000040     DSP2833x_GlobalVariableDefs.obj (ECanaMOTORegsFile)

ECanaMboxesFile 
*          1    00006100    00000100     UNINITIALIZED
                  00006100    00000100     DSP2833x_GlobalVariableDefs.obj (ECanaMboxesFile)

ECanbRegsFile 
*          1    00006200    00000034     UNINITIALIZED
                  00006200    00000034     DSP2833x_GlobalVariableDefs.obj (ECanbRegsFile)

ECanbLAMRegsFile 
*          1    00006240    00000040     UNINITIALIZED
                  00006240    00000040     DSP2833x_GlobalVariableDefs.obj (ECanbLAMRegsFile)

ECanbMOTSRegsFile 
*          1    00006280    00000040     UNINITIALIZED
                  00006280    00000040     DSP2833x_GlobalVariableDefs.obj (ECanbMOTSRegsFile)

ECanbMOTORegsFile 
*          1    000062c0    00000040     UNINITIALIZED
                  000062c0    00000040     DSP2833x_GlobalVariableDefs.obj (ECanbMOTORegsFile)

ECanbMboxesFile 
*          1    00006300    00000100     UNINITIALIZED
                  00006300    00000100     DSP2833x_GlobalVariableDefs.obj (ECanbMboxesFile)

EPwm1RegsFile 
*          1    00006800    00000022     UNINITIALIZED
                  00006800    00000022     DSP2833x_GlobalVariableDefs.obj (EPwm1RegsFile)

EPwm2RegsFile 
*          1    00006840    00000022     UNINITIALIZED
                  00006840    00000022     DSP2833x_GlobalVariableDefs.obj (EPwm2RegsFile)

EPwm3RegsFile 
*          1    00006880    00000022     UNINITIALIZED
                  00006880    00000022     DSP2833x_GlobalVariableDefs.obj (EPwm3RegsFile)

EPwm4RegsFile 
*          1    000068c0    00000022     UNINITIALIZED
                  000068c0    00000022     DSP2833x_GlobalVariableDefs.obj (EPwm4RegsFile)

EPwm5RegsFile 
*          1    00006900    00000022     UNINITIALIZED
                  00006900    00000022     DSP2833x_GlobalVariableDefs.obj (EPwm5RegsFile)

EPwm6RegsFile 
*          1    00006940    00000022     UNINITIALIZED
                  00006940    00000022     DSP2833x_GlobalVariableDefs.obj (EPwm6RegsFile)

ECap1RegsFile 
*          1    00006a00    00000020     UNINITIALIZED
                  00006a00    00000020     DSP2833x_GlobalVariableDefs.obj (ECap1RegsFile)

ECap2RegsFile 
*          1    00006a20    00000020     UNINITIALIZED
                  00006a20    00000020     DSP2833x_GlobalVariableDefs.obj (ECap2RegsFile)

ECap3RegsFile 
*          1    00006a40    00000020     UNINITIALIZED
                  00006a40    00000020     DSP2833x_GlobalVariableDefs.obj (ECap3RegsFile)

ECap4RegsFile 
*          1    00006a60    00000020     UNINITIALIZED
                  00006a60    00000020     DSP2833x_GlobalVariableDefs.obj (ECap4RegsFile)

ECap5RegsFile 
*          1    00006a80    00000020     UNINITIALIZED
                  00006a80    00000020     DSP2833x_GlobalVariableDefs.obj (ECap5RegsFile)

ECap6RegsFile 
*          1    00006aa0    00000020     UNINITIALIZED
                  00006aa0    00000020     DSP2833x_GlobalVariableDefs.obj (ECap6RegsFile)

EQep1RegsFile 
*          1    00006b00    00000040     UNINITIALIZED
                  00006b00    00000040     DSP2833x_GlobalVariableDefs.obj (EQep1RegsFile)

EQep2RegsFile 
*          1    00006b40    00000040     UNINITIALIZED
                  00006b40    00000040     DSP2833x_GlobalVariableDefs.obj (EQep2RegsFile)

GpioCtrlRegsFile 
*          1    00006f80    0000002e     UNINITIALIZED
                  00006f80    0000002e     DSP2833x_GlobalVariableDefs.obj (GpioCtrlRegsFile)

GpioDataRegsFile 
*          1    00006fc0    00000020     UNINITIALIZED
                  00006fc0    00000020     DSP2833x_GlobalVariableDefs.obj (GpioDataRegsFile)

GpioIntRegsFile 
*          1    00006fe0    0000000a     UNINITIALIZED
                  00006fe0    0000000a     DSP2833x_GlobalVariableDefs.obj (GpioIntRegsFile)

SysCtrlRegsFile 
*          1    00007010    00000020     UNINITIALIZED
                  00007010    00000020     DSP2833x_GlobalVariableDefs.obj (SysCtrlRegsFile)

SpiaRegsFile 
*          1    00007040    00000010     UNINITIALIZED
                  00007040    00000010     DSP2833x_GlobalVariableDefs.obj (SpiaRegsFile)

SciaRegsFile 
*          1    00007050    00000010     UNINITIALIZED
                  00007050    00000010     DSP2833x_GlobalVariableDefs.obj (SciaRegsFile)

XIntruptRegsFile 
*          1    00007070    00000010     UNINITIALIZED
                  00007070    00000010     DSP2833x_GlobalVariableDefs.obj (XIntruptRegsFile)

AdcRegsFile 
*          1    00007100    0000001e     UNINITIALIZED
                  00007100    0000001e     DSP2833x_GlobalVariableDefs.obj (AdcRegsFile)

ScibRegsFile 
*          1    00007750    00000010     UNINITIALIZED
                  00007750    00000010     DSP2833x_GlobalVariableDefs.obj (ScibRegsFile)

ScicRegsFile 
*          1    00007770    00000010     UNINITIALIZED
                  00007770    00000010     DSP2833x_GlobalVariableDefs.obj (ScicRegsFile)

I2caRegsFile 
*          1    00007900    00000022     UNINITIALIZED
                  00007900    00000022     DSP2833x_GlobalVariableDefs.obj (I2caRegsFile)

com_reg    1    0000c000    00000400     UNINITIALIZED
                  0000c000    00000400     SciSetup.obj (com_reg)

.ebss      1    0000c400    00000403     UNINITIALIZED
                  0000c400    00000240     SciSetup.obj (.ebss)
                  0000c640    00000160     main.obj (.ebss)
                  0000c7a0    00000018     DSP2833x_CpuTimers.obj (.ebss)
                  0000c7b8    00000004     rts2800_fpu32.lib : _lock.obj (.ebss)
                  0000c7bc    00000004                       : exit.obj (.ebss)
                  0000c7c0    00000030     Algorithm.obj (.ebss)
                  0000c7f0    0000000e     Fpga.obj (.ebss)
                  0000c7fe    00000001     rts2800_fpu32.lib : errno.obj (.ebss)
                  0000c7ff    00000001     --HOLE--
                  0000c800    00000003     TimerSetup.obj (.ebss)

.econst    1    0000c804    000002ce     
                  0000c804    00000101     rts2800_fpu32.lib : ctype.obj (.econst:.string:__ctypes_)
                  0000c905    00000001     --HOLE-- [fill = 0]
                  0000c906    00000100     DSP2833x_PieVect.obj (.econst)
                  0000ca06    00000024     rts2800_fpu32.lib : _printfi.obj (.econst:.string)
                  0000ca2a    00000018                       : _printfi.obj (.econst)
                  0000ca42    00000014     EPwmSetup.obj (.econst:_B)
                  0000ca56    00000014     EPwmSetup.obj (.econst:_K)
                  0000ca6a    00000014     main.obj (.econst:_ZeroDutyCycleArray)
                  0000ca7e    00000010     main.obj (.econst:.string)
                  0000ca8e    0000000a     EPwmSetup.obj (.econst:_RR)
                  0000ca98    00000006     Algorithm.obj (.econst:_WRIST_B1)
                  0000ca9e    00000006     Algorithm.obj (.econst:_WRIST_B2)
                  0000caa4    00000006     Algorithm.obj (.econst:_WRIST_B3)
                  0000caaa    00000006     Algorithm.obj (.econst:_WRIST_B4)
                  0000cab0    00000006     Algorithm.obj (.econst:_WRIST_P1)
                  0000cab6    00000006     Algorithm.obj (.econst:_WRIST_P2)
                  0000cabc    00000006     Algorithm.obj (.econst:_WRIST_P3)
                  0000cac2    00000006     Algorithm.obj (.econst:_WRIST_P4)
                  0000cac8    00000004     Algorithm.obj (.econst)
                  0000cacc    00000004     CopleyControl.obj (.econst)
                  0000cad0    00000002     main.obj (.econst)

CsmPwlFile 
*          1    0033fff8    00000008     UNINITIALIZED
                  0033fff8    00000008     DSP2833x_GlobalVariableDefs.obj (CsmPwlFile)


GLOBAL SYMBOLS: SORTED ALPHABETICALLY BY Name 

address    name
--------   ----
00008000   .text
0000a8cd   C$$EXIT
0000a204   FD$$ADD
0000a73e   FD$$CMP
0000a2a0   FD$$DIV
0000a3b3   FD$$MPY
0000a91e   FD$$NEG
0000a8fa   FD$$SUB
0000a7dd   FD$$TOI
0000a83f   FD$$TOL
0000a32b   FS$$DIV
0000a87c   FS$$TOFD
0000a768   L$$DIV
0000a777   L$$MOD
0000a898   L$$TOFD
0000a85e   LL$$CMP
00009cd3   LL$$DIV
00009d0f   LL$$MOD
0000a8e6   LL$$MPY
0000a785   UL$$DIV
0000a78c   UL$$MOD
0000a870   ULL$$CMP
00009d49   ULL$$DIV
00009d78   ULL$$MOD
0000c7fc   _ABS_ENCODER
000097be   _ADCINT_ISR
00380080   _ADC_cal
00000b00   _AdcMirror
00007100   _AdcRegs
0000c680   _AddrTrajCurrJointAngles
0000c69c   _AddrTrajJointAngles
0000ca42   _B
0000a0e0   _BlinkLED
0000c000   _COM_REG
0000cad0   _CONTROL_FREQ
0000cace   _COPLEY_MAX_VELOCITY
0000a651   _ClrTimer1Flag
0000a659   _ClrTimer2Flag
0000a661   _ClrTimesUpFlag
0000a477   _ConfigCpuTimer
00008f33   _ControlElbow
00008db9   _ControlShoulder
00008e76   _ControlWrist
0000c7b0   _CpuTimer0
00000c00   _CpuTimer0Regs
0000c7a0   _CpuTimer1
00000c08   _CpuTimer1Regs
0000c7a8   _CpuTimer2
00000c10   _CpuTimer2Regs
0033fff8   _CsmPwl
00000ae0   _CsmRegs
00009f92   _CsmUnlock
000096ec   _DATALOG_ISR
000098e0   _DINTCH1_ISR
000098ea   _DINTCH2_ISR
000098f4   _DINTCH3_ISR
000098fe   _DINTCH4_ISR
00009908   _DINTCH5_ISR
00009912   _DINTCH6_ISR
0000aa48   _DSP28x_usDelay
0000cacc   _DUTY_CYCLE_ZERO
00000880   _DevEmuRegs
00009ee3   _DisableDog
00001000   _DmaRegs
00008a29   _EA2SO3
0000996c   _ECAN0INTA_ISR
00009980   _ECAN0INTB_ISR
00009976   _ECAN1INTA_ISR
0000998a   _ECAN1INTB_ISR
00009854   _ECAP1_INT_ISR
0000985e   _ECAP2_INT_ISR
00009868   _ECAP3_INT_ISR
00009872   _ECAP4_INT_ISR
0000987c   _ECAP5_INT_ISR
00009886   _ECAP6_INT_ISR
00006040   _ECanaLAMRegs
000060c0   _ECanaMOTORegs
00006080   _ECanaMOTSRegs
00006100   _ECanaMboxes
00006000   _ECanaRegs
00006240   _ECanbLAMRegs
000062c0   _ECanbMOTORegs
00006280   _ECanbMOTSRegs
00006300   _ECanbMboxes
00006200   _ECanbRegs
00006a00   _ECap1Regs
00006a20   _ECap2Regs
00006a40   _ECap3Regs
00006a60   _ECap4Regs
00006a80   _ECap5Regs
00006aa0   _ECap6Regs
000099da   _EMPTY_ISR
00009700   _EMUINT_ISR
0000c7f2   _ENCODER_RD
00009818   _EPWM1_INT_ISR
000097dc   _EPWM1_TZINT_ISR
00009822   _EPWM2_INT_ISR
000097e6   _EPWM2_TZINT_ISR
0000982c   _EPWM3_INT_ISR
000097f0   _EPWM3_TZINT_ISR
00009836   _EPWM4_INT_ISR
000097fa   _EPWM4_TZINT_ISR
00009840   _EPWM5_INT_ISR
00009804   _EPWM5_TZINT_ISR
0000984a   _EPWM6_INT_ISR
0000980e   _EPWM6_TZINT_ISR
00009363   _EPwm1Config
00006800   _EPwm1Regs
000093d1   _EPwm2Config
00006840   _EPwm2Regs
0000943f   _EPwm3Config
00006880   _EPwm3Regs
000094ad   _EPwm4Config
000068c0   _EPwm4Regs
0000951b   _EPwm5Config
00006900   _EPwm5Regs
00009589   _EPwm6Config
00006940   _EPwm6Regs
000095f7   _EPwmSetup
00009890   _EQEP1_INT_ISR
0000989a   _EQEP2_INT_ISR
00006b00   _EQep1Regs
00006b40   _EQep2Regs
0000a7b1   _EnableInterrupts
0000a099   _EncoderRd
0000c7f4   _ExRamStart
00009b0a   _FindFrameHeader
00000a80   _FlashRegs
00008f4c   _GenerateSineWave
00008f84   _GenerateSquareWave
0000968e   _GetDutyCycle
0000a0e9   _GetLED
00006f80   _GpioCtrlRegs
00006fc0   _GpioDataRegs
00006fe0   _GpioIntRegs
0000991c   _I2CINT1A_ISR
00009926   _I2CINT2A_ISR
00007900   _I2caRegs
00009714   _ILLEGAL_ISR
0000c7f6   _INC_ENCODER
000096d8   _INT13_ISR
000096e2   _INT14_ISR
0000cac8   _INV_MOTOR_RADIUS
00009fc3   _ISRScicRx
0000a02e   _ISRScicTx
0000a513   _ISRTimer0
00009263   _InitAllMotor
0000a436   _InitCpuTimers
0000a163   _InitEPwm
0000a171   _InitEPwm1Gpio
0000a183   _InitEPwm2Gpio
0000a195   _InitEPwm3Gpio
0000a1a9   _InitEPwm4Gpio
0000a1bd   _InitEPwm5Gpio
0000a1cf   _InitEPwm6Gpio
0000a164   _InitEPwmGpio
0000a1e1   _InitEPwmSyncGpio
0000aa2d   _InitFlash
00009c7e   _InitMotorModel
00009f37   _InitPeripheralClocks
0000a792   _InitPieCtrl
0000a81f   _InitPieVectTable
00009eeb   _InitPll
0000a608   _InitSci
0000a609   _InitSciGpio
0000a60c   _InitSciaGpio
0000a621   _InitScibGpio
0000a637   _InitScicGpio
0000a6e6   _InitSpi
0000a6e7   _InitSpiGpio
0000a6ea   _InitSpiaGpio
00009ed0   _InitSysCtrl
0000a1f5   _InitTzGpio
00009dda   _InitXintf
00009e76   _InitXintf16Gpio
00009e2f   _InitXintf32Gpio
0000a64d   _IsTimer1Up
0000a655   _IsTimer2Up
0000a65d   _IsTimesUp
0000c65c   _JointAngles
0000c644   _JointEncCnts
0000ca56   _K
0000caca   _LAMBDA
0000c7f8   _LED_ADD
000099d0   _LUF_ISR
000099c6   _LVF_ISR
0000c700   _MM
000098cc   _MRINTA_ISR
000098b8   _MRINTB_ISR
000098d6   _MXINTA_ISR
000098c2   _MXINTB_ISR
00008ad3   _MatMultVec
00008908   _Matrix33Mult
00005000   _McbspaRegs
00005040   _McbspbRegs
0000970a   _NMI_ISR
00008d5b   _Normliazation
000099e7   _PIE_RESERVED
00000ce0   _PieCtrlRegs
00000d00   _PieVectTable
0000c906   _PieVectTableInit
0000ca8e   _RR
000096f6   _RTOSINT_ISR
00009a76   _RcvMsg2DutyCycle
0000a0c7   _ReadAbsEncoder
0000a123   _ReadAllSensor
0000a0f6   _ReadEncoder
0000a0ae   _ReadIncEncoder
00009944   _SCIRXINTA_ISR
00009958   _SCIRXINTB_ISR
00009930   _SCIRXINTC_ISR
0000994e   _SCITXINTA_ISR
00009962   _SCITXINTB_ISR
0000993a   _SCITXINTC_ISR
00009796   _SEQ1INT_ISR
000097a0   _SEQ2INT_ISR
0000c7c6   _SHOULDER_B1
0000c7de   _SHOULDER_B2
0000c7e4   _SHOULDER_B3
0000c7d8   _SHOULDER_B4
0000c7ea   _SHOULDER_P1
0000c7cc   _SHOULDER_P2
0000c7d2   _SHOULDER_P3
0000c7c0   _SHOULDER_P4
000098a4   _SPIRXINTA_ISR
000098ae   _SPITXINTA_ISR
00007050   _SciaRegs
00007750   _ScibRegs
00009acb   _ScicFifoInit
000099fb   _ScicInit
0000c440   _ScicRcvBuf
0000c403   _ScicRcvBufIndex
0000c402   _ScicRcvBufNum
00007770   _ScicRegs
00009a1e   _ScicXmt
0000c540   _ScicXmtBuf
0000c401   _ScicXmtBufIndex
0000c400   _ScicXmtBufNum
00009b05   _ScicXmtStart
000092f5   _ScicXmtStatus
00009347   _ScicXmtTransferStatus
00009ed9   _ServiceDog
00009616   _SetEPwm
0000a0ed   _SetLED
00009bbd   _SetVelocity
00008bf6   _SolveD
00008d04   _SolveH
00007040   _SpiaRegs
00007010   _SysCtrlRegs
0000c7fa   _TENSION_SENSOR
000097c8   _TINT0_ISR
0000c66a   _TargetJointAngles
0000c64b   _Tension
0000c653   _TensionBackup
0000c6aa   _TensionReal
0000c802   _Timer1Flag
0000c801   _Timer2Flag
0000a665   _TimerSetup
0000c800   _TimesUpFlag
0000c640   _TrajCounter
00009778   _USER10_ISR
00009782   _USER11_ISR
0000978c   _USER12_ISR
0000971e   _USER1_ISR
00009728   _USER2_ISR
00009732   _USER3_ISR
0000973c   _USER4_ISR
00009746   _USER5_ISR
00009750   _USER6_ISR
0000975a   _USER7_ISR
00009764   _USER8_ISR
0000976e   _USER9_ISR
00008bb5   _VecCross
00008b31   _VecMultMat
00008b8f   _VecSub
000097d2   _WAKEINT_ISR
0000ca98   _WRIST_B1
0000ca9e   _WRIST_B2
0000caa4   _WRIST_B3
0000caaa   _WRIST_B4
0000cab0   _WRIST_P1
0000cab6   _WRIST_P2
0000cabc   _WRIST_P3
0000cac2   _WRIST_P4
000097aa   _XINT1_ISR
000097b4   _XINT2_ISR
00009994   _XINT3_ISR
0000999e   _XINT4_ISR
000099a8   _XINT5_ISR
000099b2   _XINT6_ISR
000099bc   _XINT7_ISR
00007070   _XIntruptRegs
00000b20   _XintfRegs
0000ca6a   _ZeroDutyCycleArray
00000700   __STACK_END
00000300   __STACK_SIZE
00000001   __TI_args_main
ffffffff   ___binit__
ffffffff   ___c_args__
0000a943   ___cinit__
0000a943   ___etext__
0000a7fe   ___memcpy_ff
ffffffff   ___pinit__
00008000   ___text__
0000a8b4   __args_main
0000c7bc   __cleanup_ptr
0000c804   __ctypes_
0000c7be   __dtors_ptr
0000c7ba   __lock
0000a91d   __nop
00008805   __printfi
0000a919   __register_lock
0000a915   __register_unlock
00000400   __stack
0000c7b8   __unlock
0000a8cd   _abort
0000a686   _atoi
0000a5c2   _c_int00
0000a4b2   _cos
0000c7fe   _errno
0000a8cf   _exit
0000c7f0   _led
0000a712   _ltoa
00008fb5   _main
0000a908   _memccpy
0000a937   _memset
0000c6c0   _motorVelForFeedback
0000c642   _msg
0000c68e   _ourv
000099f1   _rsvd_ISR
00009a47   _scic_msg
00009a0d   _scic_xmit
0000a56b   _sin
0000a6b7   _sprintf
0000a7ba   _sqrt
0000a93e   _strcpy
0000a92f   _strlen
0000c641   _v
ffffffff   binit
0000a943   cinit
00000000   code_start
0000a943   etext
ffffffff   pinit


GLOBAL SYMBOLS: SORTED BY Symbol Address 

address    name
--------   ----
00000000   code_start
00000001   __TI_args_main
00000300   __STACK_SIZE
00000400   __stack
00000700   __STACK_END
00000880   _DevEmuRegs
00000a80   _FlashRegs
00000ae0   _CsmRegs
00000b00   _AdcMirror
00000b20   _XintfRegs
00000c00   _CpuTimer0Regs
00000c08   _CpuTimer1Regs
00000c10   _CpuTimer2Regs
00000ce0   _PieCtrlRegs
00000d00   _PieVectTable
00001000   _DmaRegs
00005000   _McbspaRegs
00005040   _McbspbRegs
00006000   _ECanaRegs
00006040   _ECanaLAMRegs
00006080   _ECanaMOTSRegs
000060c0   _ECanaMOTORegs
00006100   _ECanaMboxes
00006200   _ECanbRegs
00006240   _ECanbLAMRegs
00006280   _ECanbMOTSRegs
000062c0   _ECanbMOTORegs
00006300   _ECanbMboxes
00006800   _EPwm1Regs
00006840   _EPwm2Regs
00006880   _EPwm3Regs
000068c0   _EPwm4Regs
00006900   _EPwm5Regs
00006940   _EPwm6Regs
00006a00   _ECap1Regs
00006a20   _ECap2Regs
00006a40   _ECap3Regs
00006a60   _ECap4Regs
00006a80   _ECap5Regs
00006aa0   _ECap6Regs
00006b00   _EQep1Regs
00006b40   _EQep2Regs
00006f80   _GpioCtrlRegs
00006fc0   _GpioDataRegs
00006fe0   _GpioIntRegs
00007010   _SysCtrlRegs
00007040   _SpiaRegs
00007050   _SciaRegs
00007070   _XIntruptRegs
00007100   _AdcRegs
00007750   _ScibRegs
00007770   _ScicRegs
00007900   _I2caRegs
00008000   .text
00008000   ___text__
00008805   __printfi
00008908   _Matrix33Mult
00008a29   _EA2SO3
00008ad3   _MatMultVec
00008b31   _VecMultMat
00008b8f   _VecSub
00008bb5   _VecCross
00008bf6   _SolveD
00008d04   _SolveH
00008d5b   _Normliazation
00008db9   _ControlShoulder
00008e76   _ControlWrist
00008f33   _ControlElbow
00008f4c   _GenerateSineWave
00008f84   _GenerateSquareWave
00008fb5   _main
00009263   _InitAllMotor
000092f5   _ScicXmtStatus
00009347   _ScicXmtTransferStatus
00009363   _EPwm1Config
000093d1   _EPwm2Config
0000943f   _EPwm3Config
000094ad   _EPwm4Config
0000951b   _EPwm5Config
00009589   _EPwm6Config
000095f7   _EPwmSetup
00009616   _SetEPwm
0000968e   _GetDutyCycle
000096d8   _INT13_ISR
000096e2   _INT14_ISR
000096ec   _DATALOG_ISR
000096f6   _RTOSINT_ISR
00009700   _EMUINT_ISR
0000970a   _NMI_ISR
00009714   _ILLEGAL_ISR
0000971e   _USER1_ISR
00009728   _USER2_ISR
00009732   _USER3_ISR
0000973c   _USER4_ISR
00009746   _USER5_ISR
00009750   _USER6_ISR
0000975a   _USER7_ISR
00009764   _USER8_ISR
0000976e   _USER9_ISR
00009778   _USER10_ISR
00009782   _USER11_ISR
0000978c   _USER12_ISR
00009796   _SEQ1INT_ISR
000097a0   _SEQ2INT_ISR
000097aa   _XINT1_ISR
000097b4   _XINT2_ISR
000097be   _ADCINT_ISR
000097c8   _TINT0_ISR
000097d2   _WAKEINT_ISR
000097dc   _EPWM1_TZINT_ISR
000097e6   _EPWM2_TZINT_ISR
000097f0   _EPWM3_TZINT_ISR
000097fa   _EPWM4_TZINT_ISR
00009804   _EPWM5_TZINT_ISR
0000980e   _EPWM6_TZINT_ISR
00009818   _EPWM1_INT_ISR
00009822   _EPWM2_INT_ISR
0000982c   _EPWM3_INT_ISR
00009836   _EPWM4_INT_ISR
00009840   _EPWM5_INT_ISR
0000984a   _EPWM6_INT_ISR
00009854   _ECAP1_INT_ISR
0000985e   _ECAP2_INT_ISR
00009868   _ECAP3_INT_ISR
00009872   _ECAP4_INT_ISR
0000987c   _ECAP5_INT_ISR
00009886   _ECAP6_INT_ISR
00009890   _EQEP1_INT_ISR
0000989a   _EQEP2_INT_ISR
000098a4   _SPIRXINTA_ISR
000098ae   _SPITXINTA_ISR
000098b8   _MRINTB_ISR
000098c2   _MXINTB_ISR
000098cc   _MRINTA_ISR
000098d6   _MXINTA_ISR
000098e0   _DINTCH1_ISR
000098ea   _DINTCH2_ISR
000098f4   _DINTCH3_ISR
000098fe   _DINTCH4_ISR
00009908   _DINTCH5_ISR
00009912   _DINTCH6_ISR
0000991c   _I2CINT1A_ISR
00009926   _I2CINT2A_ISR
00009930   _SCIRXINTC_ISR
0000993a   _SCITXINTC_ISR
00009944   _SCIRXINTA_ISR
0000994e   _SCITXINTA_ISR
00009958   _SCIRXINTB_ISR
00009962   _SCITXINTB_ISR
0000996c   _ECAN0INTA_ISR
00009976   _ECAN1INTA_ISR
00009980   _ECAN0INTB_ISR
0000998a   _ECAN1INTB_ISR
00009994   _XINT3_ISR
0000999e   _XINT4_ISR
000099a8   _XINT5_ISR
000099b2   _XINT6_ISR
000099bc   _XINT7_ISR
000099c6   _LVF_ISR
000099d0   _LUF_ISR
000099da   _EMPTY_ISR
000099e7   _PIE_RESERVED
000099f1   _rsvd_ISR
000099fb   _ScicInit
00009a0d   _scic_xmit
00009a1e   _ScicXmt
00009a47   _scic_msg
00009a76   _RcvMsg2DutyCycle
00009acb   _ScicFifoInit
00009b05   _ScicXmtStart
00009b0a   _FindFrameHeader
00009bbd   _SetVelocity
00009c7e   _InitMotorModel
00009cd3   LL$$DIV
00009d0f   LL$$MOD
00009d49   ULL$$DIV
00009d78   ULL$$MOD
00009dda   _InitXintf
00009e2f   _InitXintf32Gpio
00009e76   _InitXintf16Gpio
00009ed0   _InitSysCtrl
00009ed9   _ServiceDog
00009ee3   _DisableDog
00009eeb   _InitPll
00009f37   _InitPeripheralClocks
00009f92   _CsmUnlock
00009fc3   _ISRScicRx
0000a02e   _ISRScicTx
0000a099   _EncoderRd
0000a0ae   _ReadIncEncoder
0000a0c7   _ReadAbsEncoder
0000a0e0   _BlinkLED
0000a0e9   _GetLED
0000a0ed   _SetLED
0000a0f6   _ReadEncoder
0000a123   _ReadAllSensor
0000a163   _InitEPwm
0000a164   _InitEPwmGpio
0000a171   _InitEPwm1Gpio
0000a183   _InitEPwm2Gpio
0000a195   _InitEPwm3Gpio
0000a1a9   _InitEPwm4Gpio
0000a1bd   _InitEPwm5Gpio
0000a1cf   _InitEPwm6Gpio
0000a1e1   _InitEPwmSyncGpio
0000a1f5   _InitTzGpio
0000a204   FD$$ADD
0000a2a0   FD$$DIV
0000a32b   FS$$DIV
0000a3b3   FD$$MPY
0000a436   _InitCpuTimers
0000a477   _ConfigCpuTimer
0000a4b2   _cos
0000a513   _ISRTimer0
0000a56b   _sin
0000a5c2   _c_int00
0000a608   _InitSci
0000a609   _InitSciGpio
0000a60c   _InitSciaGpio
0000a621   _InitScibGpio
0000a637   _InitScicGpio
0000a64d   _IsTimer1Up
0000a651   _ClrTimer1Flag
0000a655   _IsTimer2Up
0000a659   _ClrTimer2Flag
0000a65d   _IsTimesUp
0000a661   _ClrTimesUpFlag
0000a665   _TimerSetup
0000a686   _atoi
0000a6b7   _sprintf
0000a6e6   _InitSpi
0000a6e7   _InitSpiGpio
0000a6ea   _InitSpiaGpio
0000a712   _ltoa
0000a73e   FD$$CMP
0000a768   L$$DIV
0000a777   L$$MOD
0000a785   UL$$DIV
0000a78c   UL$$MOD
0000a792   _InitPieCtrl
0000a7b1   _EnableInterrupts
0000a7ba   _sqrt
0000a7dd   FD$$TOI
0000a7fe   ___memcpy_ff
0000a81f   _InitPieVectTable
0000a83f   FD$$TOL
0000a85e   LL$$CMP
0000a870   ULL$$CMP
0000a87c   FS$$TOFD
0000a898   L$$TOFD
0000a8b4   __args_main
0000a8cd   C$$EXIT
0000a8cd   _abort
0000a8cf   _exit
0000a8e6   LL$$MPY
0000a8fa   FD$$SUB
0000a908   _memccpy
0000a915   __register_unlock
0000a919   __register_lock
0000a91d   __nop
0000a91e   FD$$NEG
0000a92f   _strlen
0000a937   _memset
0000a93e   _strcpy
0000a943   ___cinit__
0000a943   ___etext__
0000a943   cinit
0000a943   etext
0000aa2d   _InitFlash
0000aa48   _DSP28x_usDelay
0000c000   _COM_REG
0000c400   _ScicXmtBufNum
0000c401   _ScicXmtBufIndex
0000c402   _ScicRcvBufNum
0000c403   _ScicRcvBufIndex
0000c440   _ScicRcvBuf
0000c540   _ScicXmtBuf
0000c640   _TrajCounter
0000c641   _v
0000c642   _msg
0000c644   _JointEncCnts
0000c64b   _Tension
0000c653   _TensionBackup
0000c65c   _JointAngles
0000c66a   _TargetJointAngles
0000c680   _AddrTrajCurrJointAngles
0000c68e   _ourv
0000c69c   _AddrTrajJointAngles
0000c6aa   _TensionReal
0000c6c0   _motorVelForFeedback
0000c700   _MM
0000c7a0   _CpuTimer1
0000c7a8   _CpuTimer2
0000c7b0   _CpuTimer0
0000c7b8   __unlock
0000c7ba   __lock
0000c7bc   __cleanup_ptr
0000c7be   __dtors_ptr
0000c7c0   _SHOULDER_P4
0000c7c6   _SHOULDER_B1
0000c7cc   _SHOULDER_P2
0000c7d2   _SHOULDER_P3
0000c7d8   _SHOULDER_B4
0000c7de   _SHOULDER_B2
0000c7e4   _SHOULDER_B3
0000c7ea   _SHOULDER_P1
0000c7f0   _led
0000c7f2   _ENCODER_RD
0000c7f4   _ExRamStart
0000c7f6   _INC_ENCODER
0000c7f8   _LED_ADD
0000c7fa   _TENSION_SENSOR
0000c7fc   _ABS_ENCODER
0000c7fe   _errno
0000c800   _TimesUpFlag
0000c801   _Timer2Flag
0000c802   _Timer1Flag
0000c804   __ctypes_
0000c906   _PieVectTableInit
0000ca42   _B
0000ca56   _K
0000ca6a   _ZeroDutyCycleArray
0000ca8e   _RR
0000ca98   _WRIST_B1
0000ca9e   _WRIST_B2
0000caa4   _WRIST_B3
0000caaa   _WRIST_B4
0000cab0   _WRIST_P1
0000cab6   _WRIST_P2
0000cabc   _WRIST_P3
0000cac2   _WRIST_P4
0000cac8   _INV_MOTOR_RADIUS
0000caca   _LAMBDA
0000cacc   _DUTY_CYCLE_ZERO
0000cace   _COPLEY_MAX_VELOCITY
0000cad0   _CONTROL_FREQ
0033fff8   _CsmPwl
00380080   _ADC_cal
ffffffff   ___binit__
ffffffff   ___c_args__
ffffffff   ___pinit__
ffffffff   binit
ffffffff   pinit

[343 symbols]
