******************************************************************************
             TMS320C2000 Linker PC v6.1.3                      
******************************************************************************
>> Linked Wed Dec 02 22:20:08 2015

OUTPUT FILE NAME:   <F:/cableDrive/dsp_7DOF0/cdmcs_3dof/../Debug/cdmcs.out>
ENTRY POINT SYMBOL: "code_start"  address: 00000000


MEMORY CONFIGURATION

         name            origin    length      used     unused   attr    fill
----------------------  --------  ---------  --------  --------  ----  --------
PAGE 0:
  BEGIN                 00000000   00000002  00000002  00000000  RWIX
  BOOT_RSVD             00000002   0000004e  00000000  0000004e  RWIX
  RAMM0                 00000050   000003b0  00000000  000003b0  RWIX
  RAML                  00008000   00004000  00002a40  000015c0  RWIX
  ZONE7A                00200000   0000fc00  00000000  0000fc00  RWIX
  CSM_RSVD              0033ff80   00000076  00000000  00000076  RWIX
  CSM_PWL               0033fff8   00000008  00000000  00000008  RWIX
  ADC_CAL               00380080   00000009  00000007  00000002  RWIX
  IQTABLES              003fe000   00000b50  00000000  00000b50  RWIX
  IQTABLES2             003feb50   0000008c  00000000  0000008c  RWIX
  FPUTABLES             003febdc   000006a0  00000000  000006a0  RWIX
  BOOTROM               003ff27c   00000d44  00000000  00000d44  RWIX
  RESET                 003fffc0   00000002  00000000  00000002  RWIX

PAGE 1:
  RAMM                  00000400   00000400  00000300  00000100  RWIX
  DEV_EMU               00000880   00000180  000000d0  000000b0  RWIX
  FLASH_REGS            00000a80   00000060  00000008  00000058  RWIX
  CSM                   00000ae0   00000010  00000010  00000000  RWIX
  ADC_MIRROR            00000b00   00000010  00000010  00000000  RWIX
  XINTF                 00000b20   00000020  0000001e  00000002  RWIX
  CPU_TIMER0            00000c00   00000008  00000008  00000000  RWIX
  CPU_TIMER1            00000c08   00000008  00000008  00000000  RWIX
  CPU_TIMER2            00000c10   00000008  00000008  00000000  RWIX
  PIE_CTRL              00000ce0   00000020  0000001a  00000006  RWIX
  PIE_VECT              00000d00   00000100  00000100  00000000  RWIX
  DMA                   00001000   00000200  000000e0  00000120  RWIX
  MCBSPA                00005000   00000040  00000025  0000001b  RWIX
  MCBSPB                00005040   00000040  00000025  0000001b  RWIX
  ECANA                 00006000   00000040  00000034  0000000c  RWIX
  ECANA_LAM             00006040   00000040  00000040  00000000  RWIX
  ECANA_MOTS            00006080   00000040  00000040  00000000  RWIX
  ECANA_MOTO            000060c0   00000040  00000040  00000000  RWIX
  ECANA_MBOX            00006100   00000100  00000100  00000000  RWIX
  ECANB                 00006200   00000040  00000034  0000000c  RWIX
  ECANB_LAM             00006240   00000040  00000040  00000000  RWIX
  ECANB_MOTS            00006280   00000040  00000040  00000000  RWIX
  ECANB_MOTO            000062c0   00000040  00000040  00000000  RWIX
  ECANB_MBOX            00006300   00000100  00000100  00000000  RWIX
  EPWM1                 00006800   00000022  00000022  00000000  RWIX
  EPWM2                 00006840   00000022  00000022  00000000  RWIX
  EPWM3                 00006880   00000022  00000022  00000000  RWIX
  EPWM4                 000068c0   00000022  00000022  00000000  RWIX
  EPWM5                 00006900   00000022  00000022  00000000  RWIX
  EPWM6                 00006940   00000022  00000022  00000000  RWIX
  ECAP1                 00006a00   00000020  00000020  00000000  RWIX
  ECAP2                 00006a20   00000020  00000020  00000000  RWIX
  ECAP3                 00006a40   00000020  00000020  00000000  RWIX
  ECAP4                 00006a60   00000020  00000020  00000000  RWIX
  ECAP5                 00006a80   00000020  00000020  00000000  RWIX
  ECAP6                 00006aa0   00000020  00000020  00000000  RWIX
  EQEP1                 00006b00   00000040  00000040  00000000  RWIX
  EQEP2                 00006b40   00000040  00000040  00000000  RWIX
  GPIOCTRL              00006f80   00000040  0000002e  00000012  RWIX
  GPIODAT               00006fc0   00000020  00000020  00000000  RWIX
  GPIOINT               00006fe0   00000020  0000000a  00000016  RWIX
  SYSTEM                00007010   00000020  00000020  00000000  RWIX
  SPIA                  00007040   00000010  00000010  00000000  RWIX
  SCIA                  00007050   00000010  00000010  00000000  RWIX
  XINTRUPT              00007070   00000010  00000010  00000000  RWIX
  ADC                   00007100   00000020  0000001e  00000002  RWIX
  SCIB                  00007750   00000010  00000010  00000000  RWIX
  SCIC                  00007770   00000010  00000010  00000000  RWIX
  I2CA                  00007900   00000040  00000022  0000001e  RWIX
  COM_REG               0000c000   00000400  00000400  00000000  RWIX
  RAMH                  0000c400   00003c00  000006d1  0000352f  RWIX
  ZONE7B                0020fc00   00000400  00000000  00000400  RWIX
  CSM_PWL               0033fff8   00000008  00000008  00000000  RWIX


SECTION ALLOCATION MAP

 output                                  attributes/
section   page    origin      length       input sections
--------  ----  ----------  ----------   ----------------
codestart 
*          0    00000000    00000002     
                  00000000    00000002     DSP2833x_CodeStartBranch.obj (codestart)

.pinit     0    00008000    00000000     UNINITIALIZED

.text      0    00008000    00002937     
                  00008000    00000908     rts2800_fpu32.lib : _printfi.obj (.text)
                  00008908    000006ad     Algorithm.obj (.text)
                  00008fb5    000003a2     main.obj (.text)
                  00009357    00000375     EPwmSetup.obj (.text)
                  000096cc    00000323     DSP2833x_DefaultIsr.obj (.text:retain)
                  000099ef    000001c2     SciSetup.obj (.text)
                  00009bb1    00000116     CopleyControl.obj (.text)
                  00009cc7    00000107     rts2800_fpu32.lib : ll_div.obj (.text)
                  00009dce    000000f6     DSP2833x_Xintf.obj (.text)
                  00009ec4    000000f3     DSP2833x_SysCtrl.obj (.text)
                  00009fb7    000000d6     SciSetup.obj (.text:retain)
                  0000a08d    000000ca     Fpga.obj (.text)
                  0000a157    000000a1     DSP2833x_EPwm.obj (.text)
                  0000a1f8    0000009c     rts2800_fpu32.lib : fd_add.obj (.text)
                  0000a294    0000008b                       : fd_div.obj (.text)
                  0000a31f    00000088                       : fs_div.obj (.text)
                  0000a3a7    00000083                       : fd_mpy.obj (.text)
                  0000a42a    0000007c     DSP2833x_CpuTimers.obj (.text)
                  0000a4a6    00000061     rts2800_fpu32.lib : cos.obj (.text)
                  0000a507    00000058     TimerSetup.obj (.text:retain)
                  0000a55f    00000057     rts2800_fpu32.lib : sin.obj (.text)
                  0000a5b6    00000046                       : boot.obj (.text)
                  0000a5fc    00000045     DSP2833x_Sci.obj (.text)
                  0000a641    00000039     TimerSetup.obj (.text)
                  0000a67a    00000031     rts2800_fpu32.lib : atoi.obj (.text)
                  0000a6ab    0000002f                       : sprintf.obj (.text)
                  0000a6da    0000002c     DSP2833x_Spi.obj (.text)
                  0000a706    0000002c     rts2800_fpu32.lib : ltoa.obj (.text)
                  0000a732    0000002a                       : fd_cmp.obj (.text)
                  0000a75c    0000002a                       : l_div.obj (.text)
                  0000a786    00000028     DSP2833x_PieCtrl.obj (.text)
                  0000a7ae    00000023     rts2800_fpu32.lib : sqrt.obj (.text)
                  0000a7d1    00000021                       : fd_toi.obj (.text)
                  0000a7f2    00000021                       : memcpy_ff.obj (.text)
                  0000a813    00000020     DSP2833x_PieVect.obj (.text)
                  0000a833    0000001f     rts2800_fpu32.lib : fd_tol.obj (.text)
                  0000a852    0000001e                       : ll_cmp.obj (.text)
                  0000a870    0000001c                       : fs_tofd.obj (.text)
                  0000a88c    0000001c                       : l_tofd.obj (.text)
                  0000a8a8    00000019                       : args_main.obj (.text)
                  0000a8c1    00000019                       : exit.obj (.text)
                  0000a8da    00000014                       : ll_mpy.obj (.text)
                  0000a8ee    0000000e                       : fd_sub.obj (.text)
                  0000a8fc    0000000d                       : memccpy.obj (.text)
                  0000a909    00000009                       : _lock.obj (.text)
                  0000a912    00000009                       : fd_neg.obj (.text)
                  0000a91b    00000008     DSP2833x_CodeStartBranch.obj (.text)
                  0000a923    00000008     rts2800_fpu32.lib : strlen.obj (.text)
                  0000a92b    00000007                       : memset.obj (.text)
                  0000a932    00000005                       : strcpy.obj (.text)

.cinit     0    0000a937    000000ea     
                  0000a937    00000048     Algorithm.obj (.cinit)
                  0000a97f    00000046     main.obj (.cinit)
                  0000a9c5    00000022     Fpga.obj (.cinit)
                  0000a9e7    00000014     SciSetup.obj (.cinit)
                  0000a9fb    0000000c     TimerSetup.obj (.cinit)
                  0000aa07    0000000a     rts2800_fpu32.lib : _lock.obj (.cinit)
                  0000aa11    0000000a                       : exit.obj (.cinit)
                  0000aa1b    00000004                       : errno.obj (.cinit)
                  0000aa1f    00000002     --HOLE-- [fill = 0]

ramfuncs   0    0000aa21    0000001f     
                  0000aa21    0000001b     DSP2833x_SysCtrl.obj (ramfuncs)
                  0000aa3c    00000004     DSP2833x_usDelay.obj (ramfuncs)

csm_rsvd   0    0033ff80    00000000     DSECT

csmpasswds 
*          0    0033fff8    00000000     DSECT

.adc_cal   0    00380080    00000007     NOLOAD SECTION
                  00380080    00000007     DSP2833x_ADC_cal.obj (.adc_cal)

.reset     0    003fffc0    00000002     DSECT
                  003fffc0    00000002     rts2800_fpu32.lib : boot.obj (.reset)

.stack     1    00000400    00000300     UNINITIALIZED
                  00000400    00000300     --HOLE--

DevEmuRegsFile 
*          1    00000880    000000d0     UNINITIALIZED
                  00000880    000000d0     DSP2833x_GlobalVariableDefs.obj (DevEmuRegsFile)

FlashRegsFile 
*          1    00000a80    00000008     UNINITIALIZED
                  00000a80    00000008     DSP2833x_GlobalVariableDefs.obj (FlashRegsFile)

CsmRegsFile 
*          1    00000ae0    00000010     UNINITIALIZED
                  00000ae0    00000010     DSP2833x_GlobalVariableDefs.obj (CsmRegsFile)

AdcMirrorFile 
*          1    00000b00    00000010     UNINITIALIZED
                  00000b00    00000010     DSP2833x_GlobalVariableDefs.obj (AdcMirrorFile)

XintfRegsFile 
*          1    00000b20    0000001e     UNINITIALIZED
                  00000b20    0000001e     DSP2833x_GlobalVariableDefs.obj (XintfRegsFile)

CpuTimer0RegsFile 
*          1    00000c00    00000008     UNINITIALIZED
                  00000c00    00000008     DSP2833x_GlobalVariableDefs.obj (CpuTimer0RegsFile)

CpuTimer1RegsFile 
*          1    00000c08    00000008     UNINITIALIZED
                  00000c08    00000008     DSP2833x_GlobalVariableDefs.obj (CpuTimer1RegsFile)

CpuTimer2RegsFile 
*          1    00000c10    00000008     UNINITIALIZED
                  00000c10    00000008     DSP2833x_GlobalVariableDefs.obj (CpuTimer2RegsFile)

PieCtrlRegsFile 
*          1    00000ce0    0000001a     UNINITIALIZED
                  00000ce0    0000001a     DSP2833x_GlobalVariableDefs.obj (PieCtrlRegsFile)

PieVectTableFile 
*          1    00000d00    00000100     UNINITIALIZED
                  00000d00    00000100     DSP2833x_GlobalVariableDefs.obj (PieVectTableFile)

DmaRegsFile 
*          1    00001000    000000e0     UNINITIALIZED
                  00001000    000000e0     DSP2833x_GlobalVariableDefs.obj (DmaRegsFile)

McbspaRegsFile 
*          1    00005000    00000025     UNINITIALIZED
                  00005000    00000025     DSP2833x_GlobalVariableDefs.obj (McbspaRegsFile)

McbspbRegsFile 
*          1    00005040    00000025     UNINITIALIZED
                  00005040    00000025     DSP2833x_GlobalVariableDefs.obj (McbspbRegsFile)

ECanaRegsFile 
*          1    00006000    00000034     UNINITIALIZED
                  00006000    00000034     DSP2833x_GlobalVariableDefs.obj (ECanaRegsFile)

ECanaLAMRegsFile 
*          1    00006040    00000040     UNINITIALIZED
                  00006040    00000040     DSP2833x_GlobalVariableDefs.obj (ECanaLAMRegsFile)

ECanaMOTSRegsFile 
*          1    00006080    00000040     UNINITIALIZED
                  00006080    00000040     DSP2833x_GlobalVariableDefs.obj (ECanaMOTSRegsFile)

ECanaMOTORegsFile 
*          1    000060c0    00000040     UNINITIALIZED
                  000060c0    00000040     DSP2833x_GlobalVariableDefs.obj (ECanaMOTORegsFile)

ECanaMboxesFile 
*          1    00006100    00000100     UNINITIALIZED
                  00006100    00000100     DSP2833x_GlobalVariableDefs.obj (ECanaMboxesFile)

ECanbRegsFile 
*          1    00006200    00000034     UNINITIALIZED
                  00006200    00000034     DSP2833x_GlobalVariableDefs.obj (ECanbRegsFile)

ECanbLAMRegsFile 
*          1    00006240    00000040     UNINITIALIZED
                  00006240    00000040     DSP2833x_GlobalVariableDefs.obj (ECanbLAMRegsFile)

ECanbMOTSRegsFile 
*          1    00006280    00000040     UNINITIALIZED
                  00006280    00000040     DSP2833x_GlobalVariableDefs.obj (ECanbMOTSRegsFile)

ECanbMOTORegsFile 
*          1    000062c0    00000040     UNINITIALIZED
                  000062c0    00000040     DSP2833x_GlobalVariableDefs.obj (ECanbMOTORegsFile)

ECanbMboxesFile 
*          1    00006300    00000100     UNINITIALIZED
                  00006300    00000100     DSP2833x_GlobalVariableDefs.obj (ECanbMboxesFile)

EPwm1RegsFile 
*          1    00006800    00000022     UNINITIALIZED
                  00006800    00000022     DSP2833x_GlobalVariableDefs.obj (EPwm1RegsFile)

EPwm2RegsFile 
*          1    00006840    00000022     UNINITIALIZED
                  00006840    00000022     DSP2833x_GlobalVariableDefs.obj (EPwm2RegsFile)

EPwm3RegsFile 
*          1    00006880    00000022     UNINITIALIZED
                  00006880    00000022     DSP2833x_GlobalVariableDefs.obj (EPwm3RegsFile)

EPwm4RegsFile 
*          1    000068c0    00000022     UNINITIALIZED
                  000068c0    00000022     DSP2833x_GlobalVariableDefs.obj (EPwm4RegsFile)

EPwm5RegsFile 
*          1    00006900    00000022     UNINITIALIZED
                  00006900    00000022     DSP2833x_GlobalVariableDefs.obj (EPwm5RegsFile)

EPwm6RegsFile 
*          1    00006940    00000022     UNINITIALIZED
                  00006940    00000022     DSP2833x_GlobalVariableDefs.obj (EPwm6RegsFile)

ECap1RegsFile 
*          1    00006a00    00000020     UNINITIALIZED
                  00006a00    00000020     DSP2833x_GlobalVariableDefs.obj (ECap1RegsFile)

ECap2RegsFile 
*          1    00006a20    00000020     UNINITIALIZED
                  00006a20    00000020     DSP2833x_GlobalVariableDefs.obj (ECap2RegsFile)

ECap3RegsFile 
*          1    00006a40    00000020     UNINITIALIZED
                  00006a40    00000020     DSP2833x_GlobalVariableDefs.obj (ECap3RegsFile)

ECap4RegsFile 
*          1    00006a60    00000020     UNINITIALIZED
                  00006a60    00000020     DSP2833x_GlobalVariableDefs.obj (ECap4RegsFile)

ECap5RegsFile 
*          1    00006a80    00000020     UNINITIALIZED
                  00006a80    00000020     DSP2833x_GlobalVariableDefs.obj (ECap5RegsFile)

ECap6RegsFile 
*          1    00006aa0    00000020     UNINITIALIZED
                  00006aa0    00000020     DSP2833x_GlobalVariableDefs.obj (ECap6RegsFile)

EQep1RegsFile 
*          1    00006b00    00000040     UNINITIALIZED
                  00006b00    00000040     DSP2833x_GlobalVariableDefs.obj (EQep1RegsFile)

EQep2RegsFile 
*          1    00006b40    00000040     UNINITIALIZED
                  00006b40    00000040     DSP2833x_GlobalVariableDefs.obj (EQep2RegsFile)

GpioCtrlRegsFile 
*          1    00006f80    0000002e     UNINITIALIZED
                  00006f80    0000002e     DSP2833x_GlobalVariableDefs.obj (GpioCtrlRegsFile)

GpioDataRegsFile 
*          1    00006fc0    00000020     UNINITIALIZED
                  00006fc0    00000020     DSP2833x_GlobalVariableDefs.obj (GpioDataRegsFile)

GpioIntRegsFile 
*          1    00006fe0    0000000a     UNINITIALIZED
                  00006fe0    0000000a     DSP2833x_GlobalVariableDefs.obj (GpioIntRegsFile)

SysCtrlRegsFile 
*          1    00007010    00000020     UNINITIALIZED
                  00007010    00000020     DSP2833x_GlobalVariableDefs.obj (SysCtrlRegsFile)

SpiaRegsFile 
*          1    00007040    00000010     UNINITIALIZED
                  00007040    00000010     DSP2833x_GlobalVariableDefs.obj (SpiaRegsFile)

SciaRegsFile 
*          1    00007050    00000010     UNINITIALIZED
                  00007050    00000010     DSP2833x_GlobalVariableDefs.obj (SciaRegsFile)

XIntruptRegsFile 
*          1    00007070    00000010     UNINITIALIZED
                  00007070    00000010     DSP2833x_GlobalVariableDefs.obj (XIntruptRegsFile)

AdcRegsFile 
*          1    00007100    0000001e     UNINITIALIZED
                  00007100    0000001e     DSP2833x_GlobalVariableDefs.obj (AdcRegsFile)

ScibRegsFile 
*          1    00007750    00000010     UNINITIALIZED
                  00007750    00000010     DSP2833x_GlobalVariableDefs.obj (ScibRegsFile)

ScicRegsFile 
*          1    00007770    00000010     UNINITIALIZED
                  00007770    00000010     DSP2833x_GlobalVariableDefs.obj (ScicRegsFile)

I2caRegsFile 
*          1    00007900    00000022     UNINITIALIZED
                  00007900    00000022     DSP2833x_GlobalVariableDefs.obj (I2caRegsFile)

com_reg    1    0000c000    00000400     UNINITIALIZED
                  0000c000    00000400     SciSetup.obj (com_reg)

.ebss      1    0000c400    00000403     UNINITIALIZED
                  0000c400    00000240     SciSetup.obj (.ebss)
                  0000c640    00000160     main.obj (.ebss)
                  0000c7a0    00000018     DSP2833x_CpuTimers.obj (.ebss)
                  0000c7b8    00000004     rts2800_fpu32.lib : _lock.obj (.ebss)
                  0000c7bc    00000004                       : exit.obj (.ebss)
                  0000c7c0    00000030     Algorithm.obj (.ebss)
                  0000c7f0    0000000e     Fpga.obj (.ebss)
                  0000c7fe    00000001     rts2800_fpu32.lib : errno.obj (.ebss)
                  0000c7ff    00000001     --HOLE--
                  0000c800    00000003     TimerSetup.obj (.ebss)

.econst    1    0000c804    000002ce     
                  0000c804    00000101     rts2800_fpu32.lib : ctype.obj (.econst:.string:__ctypes_)
                  0000c905    00000001     --HOLE-- [fill = 0]
                  0000c906    00000100     DSP2833x_PieVect.obj (.econst)
                  0000ca06    00000024     rts2800_fpu32.lib : _printfi.obj (.econst:.string)
                  0000ca2a    00000018                       : _printfi.obj (.econst)
                  0000ca42    00000014     EPwmSetup.obj (.econst:_B)
                  0000ca56    00000014     EPwmSetup.obj (.econst:_K)
                  0000ca6a    00000014     main.obj (.econst:_ZeroDutyCycleArray)
                  0000ca7e    00000010     main.obj (.econst:.string)
                  0000ca8e    0000000a     EPwmSetup.obj (.econst:_RR)
                  0000ca98    00000006     Algorithm.obj (.econst:_WRIST_B1)
                  0000ca9e    00000006     Algorithm.obj (.econst:_WRIST_B2)
                  0000caa4    00000006     Algorithm.obj (.econst:_WRIST_B3)
                  0000caaa    00000006     Algorithm.obj (.econst:_WRIST_B4)
                  0000cab0    00000006     Algorithm.obj (.econst:_WRIST_P1)
                  0000cab6    00000006     Algorithm.obj (.econst:_WRIST_P2)
                  0000cabc    00000006     Algorithm.obj (.econst:_WRIST_P3)
                  0000cac2    00000006     Algorithm.obj (.econst:_WRIST_P4)
                  0000cac8    00000004     Algorithm.obj (.econst)
                  0000cacc    00000004     CopleyControl.obj (.econst)
                  0000cad0    00000002     main.obj (.econst)

CsmPwlFile 
*          1    0033fff8    00000008     UNINITIALIZED
                  0033fff8    00000008     DSP2833x_GlobalVariableDefs.obj (CsmPwlFile)


GLOBAL SYMBOLS: SORTED ALPHABETICALLY BY Name 

address    name
--------   ----
00008000   .text
0000a8c1   C$$EXIT
0000a1f8   FD$$ADD
0000a732   FD$$CMP
0000a294   FD$$DIV
0000a3a7   FD$$MPY
0000a912   FD$$NEG
0000a8ee   FD$$SUB
0000a7d1   FD$$TOI
0000a833   FD$$TOL
0000a31f   FS$$DIV
0000a870   FS$$TOFD
0000a75c   L$$DIV
0000a76b   L$$MOD
0000a88c   L$$TOFD
0000a852   LL$$CMP
00009cc7   LL$$DIV
00009d03   LL$$MOD
0000a8da   LL$$MPY
0000a779   UL$$DIV
0000a780   UL$$MOD
0000a864   ULL$$CMP
00009d3d   ULL$$DIV
00009d6c   ULL$$MOD
0000c7fc   _ABS_ENCODER
000097b2   _ADCINT_ISR
00380080   _ADC_cal
00000b00   _AdcMirror
00007100   _AdcRegs
0000c680   _AddrTrajCurrJointAngles
0000c69c   _AddrTrajJointAngles
0000ca42   _B
0000a0d4   _BlinkLED
0000c000   _COM_REG
0000cad0   _CONTROL_FREQ
0000cace   _COPLEY_MAX_VELOCITY
0000a645   _ClrTimer1Flag
0000a64d   _ClrTimer2Flag
0000a655   _ClrTimesUpFlag
0000a46b   _ConfigCpuTimer
00008f33   _ControlElbow
00008db9   _ControlShoulder
00008e76   _ControlWrist
0000c7b0   _CpuTimer0
00000c00   _CpuTimer0Regs
0000c7a0   _CpuTimer1
00000c08   _CpuTimer1Regs
0000c7a8   _CpuTimer2
00000c10   _CpuTimer2Regs
0033fff8   _CsmPwl
00000ae0   _CsmRegs
00009f86   _CsmUnlock
000096e0   _DATALOG_ISR
000098d4   _DINTCH1_ISR
000098de   _DINTCH2_ISR
000098e8   _DINTCH3_ISR
000098f2   _DINTCH4_ISR
000098fc   _DINTCH5_ISR
00009906   _DINTCH6_ISR
0000aa3c   _DSP28x_usDelay
0000cacc   _DUTY_CYCLE_ZERO
00000880   _DevEmuRegs
00009ed7   _DisableDog
00001000   _DmaRegs
00008a29   _EA2SO3
00009960   _ECAN0INTA_ISR
00009974   _ECAN0INTB_ISR
0000996a   _ECAN1INTA_ISR
0000997e   _ECAN1INTB_ISR
00009848   _ECAP1_INT_ISR
00009852   _ECAP2_INT_ISR
0000985c   _ECAP3_INT_ISR
00009866   _ECAP4_INT_ISR
00009870   _ECAP5_INT_ISR
0000987a   _ECAP6_INT_ISR
00006040   _ECanaLAMRegs
000060c0   _ECanaMOTORegs
00006080   _ECanaMOTSRegs
00006100   _ECanaMboxes
00006000   _ECanaRegs
00006240   _ECanbLAMRegs
000062c0   _ECanbMOTORegs
00006280   _ECanbMOTSRegs
00006300   _ECanbMboxes
00006200   _ECanbRegs
00006a00   _ECap1Regs
00006a20   _ECap2Regs
00006a40   _ECap3Regs
00006a60   _ECap4Regs
00006a80   _ECap5Regs
00006aa0   _ECap6Regs
000099ce   _EMPTY_ISR
000096f4   _EMUINT_ISR
0000c7f2   _ENCODER_RD
0000980c   _EPWM1_INT_ISR
000097d0   _EPWM1_TZINT_ISR
00009816   _EPWM2_INT_ISR
000097da   _EPWM2_TZINT_ISR
00009820   _EPWM3_INT_ISR
000097e4   _EPWM3_TZINT_ISR
0000982a   _EPWM4_INT_ISR
000097ee   _EPWM4_TZINT_ISR
00009834   _EPWM5_INT_ISR
000097f8   _EPWM5_TZINT_ISR
0000983e   _EPWM6_INT_ISR
00009802   _EPWM6_TZINT_ISR
00009357   _EPwm1Config
00006800   _EPwm1Regs
000093c5   _EPwm2Config
00006840   _EPwm2Regs
00009433   _EPwm3Config
00006880   _EPwm3Regs
000094a1   _EPwm4Config
000068c0   _EPwm4Regs
0000950f   _EPwm5Config
00006900   _EPwm5Regs
0000957d   _EPwm6Config
00006940   _EPwm6Regs
000095eb   _EPwmSetup
00009884   _EQEP1_INT_ISR
0000988e   _EQEP2_INT_ISR
00006b00   _EQep1Regs
00006b40   _EQep2Regs
0000a7a5   _EnableInterrupts
0000a08d   _EncoderRd
0000c7f4   _ExRamStart
00009afe   _FindFrameHeader
00000a80   _FlashRegs
00008f4c   _GenerateSineWave
00008f84   _GenerateSquareWave
00009682   _GetDutyCycle
0000a0dd   _GetLED
00006f80   _GpioCtrlRegs
00006fc0   _GpioDataRegs
00006fe0   _GpioIntRegs
00009910   _I2CINT1A_ISR
0000991a   _I2CINT2A_ISR
00007900   _I2caRegs
00009708   _ILLEGAL_ISR
0000c7f6   _INC_ENCODER
000096cc   _INT13_ISR
000096d6   _INT14_ISR
0000cac8   _INV_MOTOR_RADIUS
00009fb7   _ISRScicRx
0000a022   _ISRScicTx
0000a507   _ISRTimer0
00009257   _InitAllMotor
0000a42a   _InitCpuTimers
0000a157   _InitEPwm
0000a165   _InitEPwm1Gpio
0000a177   _InitEPwm2Gpio
0000a189   _InitEPwm3Gpio
0000a19d   _InitEPwm4Gpio
0000a1b1   _InitEPwm5Gpio
0000a1c3   _InitEPwm6Gpio
0000a158   _InitEPwmGpio
0000a1d5   _InitEPwmSyncGpio
0000aa21   _InitFlash
00009c72   _InitMotorModel
00009f2b   _InitPeripheralClocks
0000a786   _InitPieCtrl
0000a813   _InitPieVectTable
00009edf   _InitPll
0000a5fc   _InitSci
0000a5fd   _InitSciGpio
0000a600   _InitSciaGpio
0000a615   _InitScibGpio
0000a62b   _InitScicGpio
0000a6da   _InitSpi
0000a6db   _InitSpiGpio
0000a6de   _InitSpiaGpio
00009ec4   _InitSysCtrl
0000a1e9   _InitTzGpio
00009dce   _InitXintf
00009e6a   _InitXintf16Gpio
00009e23   _InitXintf32Gpio
0000a641   _IsTimer1Up
0000a649   _IsTimer2Up
0000a651   _IsTimesUp
0000c65c   _JointAngles
0000c644   _JointEncCnts
0000ca56   _K
0000caca   _LAMBDA
0000c7f8   _LED_ADD
000099c4   _LUF_ISR
000099ba   _LVF_ISR
0000c700   _MM
000098c0   _MRINTA_ISR
000098ac   _MRINTB_ISR
000098ca   _MXINTA_ISR
000098b6   _MXINTB_ISR
00008ad3   _MatMultVec
00008908   _Matrix33Mult
00005000   _McbspaRegs
00005040   _McbspbRegs
000096fe   _NMI_ISR
00008d5b   _Normliazation
000099db   _PIE_RESERVED
00000ce0   _PieCtrlRegs
00000d00   _PieVectTable
0000c906   _PieVectTableInit
0000ca8e   _RR
000096ea   _RTOSINT_ISR
00009a6a   _RcvMsg2DutyCycle
0000a0bb   _ReadAbsEncoder
0000a117   _ReadAllSensor
0000a0ea   _ReadEncoder
0000a0a2   _ReadIncEncoder
00009938   _SCIRXINTA_ISR
0000994c   _SCIRXINTB_ISR
00009924   _SCIRXINTC_ISR
00009942   _SCITXINTA_ISR
00009956   _SCITXINTB_ISR
0000992e   _SCITXINTC_ISR
0000978a   _SEQ1INT_ISR
00009794   _SEQ2INT_ISR
0000c7c6   _SHOULDER_B1
0000c7de   _SHOULDER_B2
0000c7e4   _SHOULDER_B3
0000c7d8   _SHOULDER_B4
0000c7ea   _SHOULDER_P1
0000c7cc   _SHOULDER_P2
0000c7d2   _SHOULDER_P3
0000c7c0   _SHOULDER_P4
00009898   _SPIRXINTA_ISR
000098a2   _SPITXINTA_ISR
00007050   _SciaRegs
00007750   _ScibRegs
00009abf   _ScicFifoInit
000099ef   _ScicInit
0000c440   _ScicRcvBuf
0000c403   _ScicRcvBufIndex
0000c402   _ScicRcvBufNum
00007770   _ScicRegs
00009a12   _ScicXmt
0000c540   _ScicXmtBuf
0000c401   _ScicXmtBufIndex
0000c400   _ScicXmtBufNum
00009af9   _ScicXmtStart
000092e9   _ScicXmtStatus
0000933b   _ScicXmtTransferStatus
00009ecd   _ServiceDog
0000960a   _SetEPwm
0000a0e1   _SetLED
00009bb1   _SetVelocity
00008bf6   _SolveD
00008d04   _SolveH
00007040   _SpiaRegs
00007010   _SysCtrlRegs
0000c7fa   _TENSION_SENSOR
000097bc   _TINT0_ISR
0000c66a   _TargetJointAngles
0000c64b   _Tension
0000c653   _TensionBackup
0000c6aa   _TensionReal
0000c802   _Timer1Flag
0000c801   _Timer2Flag
0000a659   _TimerSetup
0000c800   _TimesUpFlag
0000c640   _TrajCounter
0000976c   _USER10_ISR
00009776   _USER11_ISR
00009780   _USER12_ISR
00009712   _USER1_ISR
0000971c   _USER2_ISR
00009726   _USER3_ISR
00009730   _USER4_ISR
0000973a   _USER5_ISR
00009744   _USER6_ISR
0000974e   _USER7_ISR
00009758   _USER8_ISR
00009762   _USER9_ISR
00008bb5   _VecCross
00008b31   _VecMultMat
00008b8f   _VecSub
000097c6   _WAKEINT_ISR
0000ca98   _WRIST_B1
0000ca9e   _WRIST_B2
0000caa4   _WRIST_B3
0000caaa   _WRIST_B4
0000cab0   _WRIST_P1
0000cab6   _WRIST_P2
0000cabc   _WRIST_P3
0000cac2   _WRIST_P4
0000979e   _XINT1_ISR
000097a8   _XINT2_ISR
00009988   _XINT3_ISR
00009992   _XINT4_ISR
0000999c   _XINT5_ISR
000099a6   _XINT6_ISR
000099b0   _XINT7_ISR
00007070   _XIntruptRegs
00000b20   _XintfRegs
0000ca6a   _ZeroDutyCycleArray
00000700   __STACK_END
00000300   __STACK_SIZE
00000001   __TI_args_main
ffffffff   ___binit__
ffffffff   ___c_args__
0000a937   ___cinit__
0000a937   ___etext__
0000a7f2   ___memcpy_ff
ffffffff   ___pinit__
00008000   ___text__
0000a8a8   __args_main
0000c7bc   __cleanup_ptr
0000c804   __ctypes_
0000c7be   __dtors_ptr
0000c7ba   __lock
0000a911   __nop
00008805   __printfi
0000a90d   __register_lock
0000a909   __register_unlock
00000400   __stack
0000c7b8   __unlock
0000a8c1   _abort
0000a67a   _atoi
0000a5b6   _c_int00
0000a4a6   _cos
0000c7fe   _errno
0000a8c3   _exit
0000c7f0   _led
0000a706   _ltoa
00008fb5   _main
0000a8fc   _memccpy
0000a92b   _memset
0000c6c0   _motorVelForFeedback
0000c642   _msg
0000c68e   _ourv
000099e5   _rsvd_ISR
00009a3b   _scic_msg
00009a01   _scic_xmit
0000a55f   _sin
0000a6ab   _sprintf
0000a7ae   _sqrt
0000a932   _strcpy
0000a923   _strlen
0000c641   _v
ffffffff   binit
0000a937   cinit
00000000   code_start
0000a937   etext
ffffffff   pinit


GLOBAL SYMBOLS: SORTED BY Symbol Address 

address    name
--------   ----
00000000   code_start
00000001   __TI_args_main
00000300   __STACK_SIZE
00000400   __stack
00000700   __STACK_END
00000880   _DevEmuRegs
00000a80   _FlashRegs
00000ae0   _CsmRegs
00000b00   _AdcMirror
00000b20   _XintfRegs
00000c00   _CpuTimer0Regs
00000c08   _CpuTimer1Regs
00000c10   _CpuTimer2Regs
00000ce0   _PieCtrlRegs
00000d00   _PieVectTable
00001000   _DmaRegs
00005000   _McbspaRegs
00005040   _McbspbRegs
00006000   _ECanaRegs
00006040   _ECanaLAMRegs
00006080   _ECanaMOTSRegs
000060c0   _ECanaMOTORegs
00006100   _ECanaMboxes
00006200   _ECanbRegs
00006240   _ECanbLAMRegs
00006280   _ECanbMOTSRegs
000062c0   _ECanbMOTORegs
00006300   _ECanbMboxes
00006800   _EPwm1Regs
00006840   _EPwm2Regs
00006880   _EPwm3Regs
000068c0   _EPwm4Regs
00006900   _EPwm5Regs
00006940   _EPwm6Regs
00006a00   _ECap1Regs
00006a20   _ECap2Regs
00006a40   _ECap3Regs
00006a60   _ECap4Regs
00006a80   _ECap5Regs
00006aa0   _ECap6Regs
00006b00   _EQep1Regs
00006b40   _EQep2Regs
00006f80   _GpioCtrlRegs
00006fc0   _GpioDataRegs
00006fe0   _GpioIntRegs
00007010   _SysCtrlRegs
00007040   _SpiaRegs
00007050   _SciaRegs
00007070   _XIntruptRegs
00007100   _AdcRegs
00007750   _ScibRegs
00007770   _ScicRegs
00007900   _I2caRegs
00008000   .text
00008000   ___text__
00008805   __printfi
00008908   _Matrix33Mult
00008a29   _EA2SO3
00008ad3   _MatMultVec
00008b31   _VecMultMat
00008b8f   _VecSub
00008bb5   _VecCross
00008bf6   _SolveD
00008d04   _SolveH
00008d5b   _Normliazation
00008db9   _ControlShoulder
00008e76   _ControlWrist
00008f33   _ControlElbow
00008f4c   _GenerateSineWave
00008f84   _GenerateSquareWave
00008fb5   _main
00009257   _InitAllMotor
000092e9   _ScicXmtStatus
0000933b   _ScicXmtTransferStatus
00009357   _EPwm1Config
000093c5   _EPwm2Config
00009433   _EPwm3Config
000094a1   _EPwm4Config
0000950f   _EPwm5Config
0000957d   _EPwm6Config
000095eb   _EPwmSetup
0000960a   _SetEPwm
00009682   _GetDutyCycle
000096cc   _INT13_ISR
000096d6   _INT14_ISR
000096e0   _DATALOG_ISR
000096ea   _RTOSINT_ISR
000096f4   _EMUINT_ISR
000096fe   _NMI_ISR
00009708   _ILLEGAL_ISR
00009712   _USER1_ISR
0000971c   _USER2_ISR
00009726   _USER3_ISR
00009730   _USER4_ISR
0000973a   _USER5_ISR
00009744   _USER6_ISR
0000974e   _USER7_ISR
00009758   _USER8_ISR
00009762   _USER9_ISR
0000976c   _USER10_ISR
00009776   _USER11_ISR
00009780   _USER12_ISR
0000978a   _SEQ1INT_ISR
00009794   _SEQ2INT_ISR
0000979e   _XINT1_ISR
000097a8   _XINT2_ISR
000097b2   _ADCINT_ISR
000097bc   _TINT0_ISR
000097c6   _WAKEINT_ISR
000097d0   _EPWM1_TZINT_ISR
000097da   _EPWM2_TZINT_ISR
000097e4   _EPWM3_TZINT_ISR
000097ee   _EPWM4_TZINT_ISR
000097f8   _EPWM5_TZINT_ISR
00009802   _EPWM6_TZINT_ISR
0000980c   _EPWM1_INT_ISR
00009816   _EPWM2_INT_ISR
00009820   _EPWM3_INT_ISR
0000982a   _EPWM4_INT_ISR
00009834   _EPWM5_INT_ISR
0000983e   _EPWM6_INT_ISR
00009848   _ECAP1_INT_ISR
00009852   _ECAP2_INT_ISR
0000985c   _ECAP3_INT_ISR
00009866   _ECAP4_INT_ISR
00009870   _ECAP5_INT_ISR
0000987a   _ECAP6_INT_ISR
00009884   _EQEP1_INT_ISR
0000988e   _EQEP2_INT_ISR
00009898   _SPIRXINTA_ISR
000098a2   _SPITXINTA_ISR
000098ac   _MRINTB_ISR
000098b6   _MXINTB_ISR
000098c0   _MRINTA_ISR
000098ca   _MXINTA_ISR
000098d4   _DINTCH1_ISR
000098de   _DINTCH2_ISR
000098e8   _DINTCH3_ISR
000098f2   _DINTCH4_ISR
000098fc   _DINTCH5_ISR
00009906   _DINTCH6_ISR
00009910   _I2CINT1A_ISR
0000991a   _I2CINT2A_ISR
00009924   _SCIRXINTC_ISR
0000992e   _SCITXINTC_ISR
00009938   _SCIRXINTA_ISR
00009942   _SCITXINTA_ISR
0000994c   _SCIRXINTB_ISR
00009956   _SCITXINTB_ISR
00009960   _ECAN0INTA_ISR
0000996a   _ECAN1INTA_ISR
00009974   _ECAN0INTB_ISR
0000997e   _ECAN1INTB_ISR
00009988   _XINT3_ISR
00009992   _XINT4_ISR
0000999c   _XINT5_ISR
000099a6   _XINT6_ISR
000099b0   _XINT7_ISR
000099ba   _LVF_ISR
000099c4   _LUF_ISR
000099ce   _EMPTY_ISR
000099db   _PIE_RESERVED
000099e5   _rsvd_ISR
000099ef   _ScicInit
00009a01   _scic_xmit
00009a12   _ScicXmt
00009a3b   _scic_msg
00009a6a   _RcvMsg2DutyCycle
00009abf   _ScicFifoInit
00009af9   _ScicXmtStart
00009afe   _FindFrameHeader
00009bb1   _SetVelocity
00009c72   _InitMotorModel
00009cc7   LL$$DIV
00009d03   LL$$MOD
00009d3d   ULL$$DIV
00009d6c   ULL$$MOD
00009dce   _InitXintf
00009e23   _InitXintf32Gpio
00009e6a   _InitXintf16Gpio
00009ec4   _InitSysCtrl
00009ecd   _ServiceDog
00009ed7   _DisableDog
00009edf   _InitPll
00009f2b   _InitPeripheralClocks
00009f86   _CsmUnlock
00009fb7   _ISRScicRx
0000a022   _ISRScicTx
0000a08d   _EncoderRd
0000a0a2   _ReadIncEncoder
0000a0bb   _ReadAbsEncoder
0000a0d4   _BlinkLED
0000a0dd   _GetLED
0000a0e1   _SetLED
0000a0ea   _ReadEncoder
0000a117   _ReadAllSensor
0000a157   _InitEPwm
0000a158   _InitEPwmGpio
0000a165   _InitEPwm1Gpio
0000a177   _InitEPwm2Gpio
0000a189   _InitEPwm3Gpio
0000a19d   _InitEPwm4Gpio
0000a1b1   _InitEPwm5Gpio
0000a1c3   _InitEPwm6Gpio
0000a1d5   _InitEPwmSyncGpio
0000a1e9   _InitTzGpio
0000a1f8   FD$$ADD
0000a294   FD$$DIV
0000a31f   FS$$DIV
0000a3a7   FD$$MPY
0000a42a   _InitCpuTimers
0000a46b   _ConfigCpuTimer
0000a4a6   _cos
0000a507   _ISRTimer0
0000a55f   _sin
0000a5b6   _c_int00
0000a5fc   _InitSci
0000a5fd   _InitSciGpio
0000a600   _InitSciaGpio
0000a615   _InitScibGpio
0000a62b   _InitScicGpio
0000a641   _IsTimer1Up
0000a645   _ClrTimer1Flag
0000a649   _IsTimer2Up
0000a64d   _ClrTimer2Flag
0000a651   _IsTimesUp
0000a655   _ClrTimesUpFlag
0000a659   _TimerSetup
0000a67a   _atoi
0000a6ab   _sprintf
0000a6da   _InitSpi
0000a6db   _InitSpiGpio
0000a6de   _InitSpiaGpio
0000a706   _ltoa
0000a732   FD$$CMP
0000a75c   L$$DIV
0000a76b   L$$MOD
0000a779   UL$$DIV
0000a780   UL$$MOD
0000a786   _InitPieCtrl
0000a7a5   _EnableInterrupts
0000a7ae   _sqrt
0000a7d1   FD$$TOI
0000a7f2   ___memcpy_ff
0000a813   _InitPieVectTable
0000a833   FD$$TOL
0000a852   LL$$CMP
0000a864   ULL$$CMP
0000a870   FS$$TOFD
0000a88c   L$$TOFD
0000a8a8   __args_main
0000a8c1   C$$EXIT
0000a8c1   _abort
0000a8c3   _exit
0000a8da   LL$$MPY
0000a8ee   FD$$SUB
0000a8fc   _memccpy
0000a909   __register_unlock
0000a90d   __register_lock
0000a911   __nop
0000a912   FD$$NEG
0000a923   _strlen
0000a92b   _memset
0000a932   _strcpy
0000a937   ___cinit__
0000a937   ___etext__
0000a937   cinit
0000a937   etext
0000aa21   _InitFlash
0000aa3c   _DSP28x_usDelay
0000c000   _COM_REG
0000c400   _ScicXmtBufNum
0000c401   _ScicXmtBufIndex
0000c402   _ScicRcvBufNum
0000c403   _ScicRcvBufIndex
0000c440   _ScicRcvBuf
0000c540   _ScicXmtBuf
0000c640   _TrajCounter
0000c641   _v
0000c642   _msg
0000c644   _JointEncCnts
0000c64b   _Tension
0000c653   _TensionBackup
0000c65c   _JointAngles
0000c66a   _TargetJointAngles
0000c680   _AddrTrajCurrJointAngles
0000c68e   _ourv
0000c69c   _AddrTrajJointAngles
0000c6aa   _TensionReal
0000c6c0   _motorVelForFeedback
0000c700   _MM
0000c7a0   _CpuTimer1
0000c7a8   _CpuTimer2
0000c7b0   _CpuTimer0
0000c7b8   __unlock
0000c7ba   __lock
0000c7bc   __cleanup_ptr
0000c7be   __dtors_ptr
0000c7c0   _SHOULDER_P4
0000c7c6   _SHOULDER_B1
0000c7cc   _SHOULDER_P2
0000c7d2   _SHOULDER_P3
0000c7d8   _SHOULDER_B4
0000c7de   _SHOULDER_B2
0000c7e4   _SHOULDER_B3
0000c7ea   _SHOULDER_P1
0000c7f0   _led
0000c7f2   _ENCODER_RD
0000c7f4   _ExRamStart
0000c7f6   _INC_ENCODER
0000c7f8   _LED_ADD
0000c7fa   _TENSION_SENSOR
0000c7fc   _ABS_ENCODER
0000c7fe   _errno
0000c800   _TimesUpFlag
0000c801   _Timer2Flag
0000c802   _Timer1Flag
0000c804   __ctypes_
0000c906   _PieVectTableInit
0000ca42   _B
0000ca56   _K
0000ca6a   _ZeroDutyCycleArray
0000ca8e   _RR
0000ca98   _WRIST_B1
0000ca9e   _WRIST_B2
0000caa4   _WRIST_B3
0000caaa   _WRIST_B4
0000cab0   _WRIST_P1
0000cab6   _WRIST_P2
0000cabc   _WRIST_P3
0000cac2   _WRIST_P4
0000cac8   _INV_MOTOR_RADIUS
0000caca   _LAMBDA
0000cacc   _DUTY_CYCLE_ZERO
0000cace   _COPLEY_MAX_VELOCITY
0000cad0   _CONTROL_FREQ
0033fff8   _CsmPwl
00380080   _ADC_cal
ffffffff   ___binit__
ffffffff   ___c_args__
ffffffff   ___pinit__
ffffffff   binit
ffffffff   pinit

[343 symbols]
