Analysis & Synthesis report for sample_dsp
Tue Nov 24 16:19:52 2015
Quartus II 64-Bit Version 11.0 Build 208 07/03/2011 Service Pack 1 SJ Full Version


---------------------
; Table of Contents ;
---------------------
  1. Legal Notice
  2. Analysis & Synthesis Summary
  3. Analysis & Synthesis Settings
  4. Parallel Compilation
  5. Analysis & Synthesis Source Files Read
  6. Analysis & Synthesis Resource Usage Summary
  7. Analysis & Synthesis Resource Utilization by Entity
  8. Registers Removed During Synthesis
  9. General Register Statistics
 10. Inverted Register Statistics
 11. Multiplexer Restructuring Statistics (Restructuring Performed)
 12. Parameter Settings for User Entity Instance: LPM_INV:chA_Invert
 13. Parameter Settings for User Entity Instance: LPM_INV:chA_Invert51
 14. Elapsed Time Per Partition
 15. Analysis & Synthesis Messages
 16. Analysis & Synthesis Suppressed Messages



----------------
; Legal Notice ;
----------------
Copyright (C) 1991-2011 Altera Corporation
Your use of Altera Corporation's design tools, logic functions 
and other software and tools, and its AMPP partner logic 
functions, and any output files from any of the foregoing 
(including device programming or simulation files), and any 
associated documentation or information are expressly subject 
to the terms and conditions of the Altera Program License 
Subscription Agreement, Altera MegaCore Function License 
Agreement, or other applicable license agreement, including, 
without limitation, that your use is for the sole purpose of 
programming logic devices manufactured by Altera and sold by 
Altera or its authorized distributors.  Please refer to the 
applicable agreement for further details.



+-------------------------------------------------------------------------------------+
; Analysis & Synthesis Summary                                                        ;
+------------------------------------+------------------------------------------------+
; Analysis & Synthesis Status        ; Successful - Tue Nov 24 16:19:52 2015          ;
; Quartus II 64-Bit Version          ; 11.0 Build 208 07/03/2011 SP 1 SJ Full Version ;
; Revision Name                      ; sample_dsp                                     ;
; Top-level Entity Name              ; sample_dsp                                     ;
; Family                             ; Cyclone II                                     ;
; Total logic elements               ; 881                                            ;
;     Total combinational functions  ; 461                                            ;
;     Dedicated logic registers      ; 592                                            ;
; Total registers                    ; 592                                            ;
; Total pins                         ; 68                                             ;
; Total virtual pins                 ; 0                                              ;
; Total memory bits                  ; 0                                              ;
; Embedded Multiplier 9-bit elements ; 0                                              ;
; Total PLLs                         ; 0                                              ;
+------------------------------------+------------------------------------------------+


+----------------------------------------------------------------------------------------------------------------------+
; Analysis & Synthesis Settings                                                                                        ;
+----------------------------------------------------------------------------+--------------------+--------------------+
; Option                                                                     ; Setting            ; Default Value      ;
+----------------------------------------------------------------------------+--------------------+--------------------+
; Device                                                                     ; EP2C8Q208C8        ;                    ;
; Top-level entity name                                                      ; sample_dsp         ; sample_dsp         ;
; Family name                                                                ; Cyclone II         ; Cyclone IV GX      ;
; Use smart compilation                                                      ; Off                ; Off                ;
; Enable parallel Assembler and TimeQuest Timing Analyzer during compilation ; On                 ; On                 ;
; Enable compact report table                                                ; Off                ; Off                ;
; Restructure Multiplexers                                                   ; Auto               ; Auto               ;
; Create Debugging Nodes for IP Cores                                        ; Off                ; Off                ;
; Preserve fewer node names                                                  ; On                 ; On                 ;
; Disable OpenCore Plus hardware evaluation                                  ; Off                ; Off                ;
; Verilog Version                                                            ; Verilog_2001       ; Verilog_2001       ;
; VHDL Version                                                               ; VHDL_1993          ; VHDL_1993          ;
; State Machine Processing                                                   ; Auto               ; Auto               ;
; Safe State Machine                                                         ; Off                ; Off                ;
; Extract Verilog State Machines                                             ; On                 ; On                 ;
; Extract VHDL State Machines                                                ; On                 ; On                 ;
; Ignore Verilog initial constructs                                          ; Off                ; Off                ;
; Iteration limit for constant Verilog loops                                 ; 5000               ; 5000               ;
; Iteration limit for non-constant Verilog loops                             ; 250                ; 250                ;
; Add Pass-Through Logic to Inferred RAMs                                    ; On                 ; On                 ;
; Parallel Synthesis                                                         ; On                 ; On                 ;
; DSP Block Balancing                                                        ; Auto               ; Auto               ;
; NOT Gate Push-Back                                                         ; On                 ; On                 ;
; Power-Up Don't Care                                                        ; On                 ; On                 ;
; Remove Redundant Logic Cells                                               ; Off                ; Off                ;
; Remove Duplicate Registers                                                 ; On                 ; On                 ;
; Ignore CARRY Buffers                                                       ; Off                ; Off                ;
; Ignore CASCADE Buffers                                                     ; Off                ; Off                ;
; Ignore GLOBAL Buffers                                                      ; Off                ; Off                ;
; Ignore ROW GLOBAL Buffers                                                  ; Off                ; Off                ;
; Ignore LCELL Buffers                                                       ; Off                ; Off                ;
; Ignore SOFT Buffers                                                        ; On                 ; On                 ;
; Limit AHDL Integers to 32 Bits                                             ; Off                ; Off                ;
; Optimization Technique                                                     ; Balanced           ; Balanced           ;
; Carry Chain Length                                                         ; 70                 ; 70                 ;
; Auto Carry Chains                                                          ; On                 ; On                 ;
; Auto Open-Drain Pins                                                       ; On                 ; On                 ;
; Perform WYSIWYG Primitive Resynthesis                                      ; Off                ; Off                ;
; Auto ROM Replacement                                                       ; On                 ; On                 ;
; Auto RAM Replacement                                                       ; On                 ; On                 ;
; Auto Shift Register Replacement                                            ; Auto               ; Auto               ;
; Allow Shift Register Merging across Hierarchies                            ; Auto               ; Auto               ;
; Auto Clock Enable Replacement                                              ; On                 ; On                 ;
; Strict RAM Replacement                                                     ; Off                ; Off                ;
; Allow Synchronous Control Signals                                          ; On                 ; On                 ;
; Force Use of Synchronous Clear Signals                                     ; Off                ; Off                ;
; Auto RAM to Logic Cell Conversion                                          ; Off                ; Off                ;
; Auto Resource Sharing                                                      ; Off                ; Off                ;
; Allow Any RAM Size For Recognition                                         ; Off                ; Off                ;
; Allow Any ROM Size For Recognition                                         ; Off                ; Off                ;
; Allow Any Shift Register Size For Recognition                              ; Off                ; Off                ;
; Use LogicLock Constraints during Resource Balancing                        ; On                 ; On                 ;
; Ignore translate_off and synthesis_off directives                          ; Off                ; Off                ;
; Timing-Driven Synthesis                                                    ; Off                ; Off                ;
; Report Parameter Settings                                                  ; On                 ; On                 ;
; Report Source Assignments                                                  ; On                 ; On                 ;
; Report Connectivity Checks                                                 ; On                 ; On                 ;
; Ignore Maximum Fan-Out Assignments                                         ; Off                ; Off                ;
; Synchronization Register Chain Length                                      ; 2                  ; 2                  ;
; PowerPlay Power Optimization                                               ; Normal compilation ; Normal compilation ;
; HDL message level                                                          ; Level2             ; Level2             ;
; Suppress Register Optimization Related Messages                            ; Off                ; Off                ;
; Number of Removed Registers Reported in Synthesis Report                   ; 5000               ; 5000               ;
; Number of Inverted Registers Reported in Synthesis Report                  ; 100                ; 100                ;
; Clock MUX Protection                                                       ; On                 ; On                 ;
; Auto Gated Clock Conversion                                                ; Off                ; Off                ;
; Block Design Naming                                                        ; Auto               ; Auto               ;
; SDC constraint protection                                                  ; Off                ; Off                ;
; Synthesis Effort                                                           ; Auto               ; Auto               ;
; Shift Register Replacement - Allow Asynchronous Clear Signal               ; On                 ; On                 ;
; Analysis & Synthesis Message Level                                         ; Medium             ; Medium             ;
; Disable Register Merging Across Hierarchies                                ; Auto               ; Auto               ;
; Resource Aware Inference For Block RAM                                     ; On                 ; On                 ;
; Synthesis Seed                                                             ; 1                  ; 1                  ;
+----------------------------------------------------------------------------+--------------------+--------------------+


+------------------------------------------+
; Parallel Compilation                     ;
+----------------------------+-------------+
; Processors                 ; Number      ;
+----------------------------+-------------+
; Number detected on machine ; 2           ;
; Maximum allowed            ; 2           ;
;                            ;             ;
; Average used               ; 1.00        ;
; Maximum used               ; 1           ;
;                            ;             ;
; Usage by Processor         ; % Time Used ;
;     1 processor            ; 100.0%      ;
;     2 processors           ;   0.0%      ;
+----------------------------+-------------+


+-------------------------------------------------------------------------------------------------------------------------------------------------------+
; Analysis & Synthesis Source Files Read                                                                                                                ;
+----------------------------------+-----------------+------------------------------------+-------------------------------------------------------------+
; File Name with User-Entered Path ; Used in Netlist ; File Type                          ; File Name with Absolute Path                                ;
+----------------------------------+-----------------+------------------------------------+-------------------------------------------------------------+
; src/AbsEncoder.v                 ; yes             ; User Verilog HDL File              ; F:/cableDrive/fpga_7dof/src/AbsEncoder.v                    ;
; src/sample_dsp.bdf               ; yes             ; User Block Diagram/Schematic File  ; F:/cableDrive/fpga_7dof/src/sample_dsp.bdf                  ;
; src/ParaBus.v                    ; yes             ; User Verilog HDL File              ; F:/cableDrive/fpga_7dof/src/ParaBus.v                       ;
; src/Encoder.v                    ; yes             ; User Verilog HDL File              ; F:/cableDrive/fpga_7dof/src/Encoder.v                       ;
; src/clk_1M.v                     ; yes             ; User Verilog HDL File              ; F:/cableDrive/fpga_7dof/src/clk_1M.v                        ;
; src/IncEncoderGroup.v            ; yes             ; User Verilog HDL File              ; F:/cableDrive/fpga_7dof/src/IncEncoderGroup.v               ;
; lpm_inv.tdf                      ; yes             ; Megafunction                       ; e:/altera1/11.0/quartus/libraries/megafunctions/lpm_inv.tdf ;
+----------------------------------+-----------------+------------------------------------+-------------------------------------------------------------+


+-----------------------------------------------------+
; Analysis & Synthesis Resource Usage Summary         ;
+---------------------------------------------+-------+
; Resource                                    ; Usage ;
+---------------------------------------------+-------+
; Estimated Total logic elements              ; 881   ;
;                                             ;       ;
; Total combinational functions               ; 461   ;
; Logic element usage by number of LUT inputs ;       ;
;     -- 4 input functions                    ; 273   ;
;     -- 3 input functions                    ; 135   ;
;     -- <=2 input functions                  ; 53    ;
;                                             ;       ;
; Logic elements by mode                      ;       ;
;     -- normal mode                          ; 342   ;
;     -- arithmetic mode                      ; 119   ;
;                                             ;       ;
; Total registers                             ; 592   ;
;     -- Dedicated logic registers            ; 592   ;
;     -- I/O registers                        ; 0     ;
;                                             ;       ;
; I/O pins                                    ; 68    ;
; Maximum fan-out node                        ; rst_n ;
; Maximum fan-out                             ; 556   ;
; Total fan-out                               ; 4036  ;
; Average fan-out                             ; 3.60  ;
+---------------------------------------------+-------+


+------------------------------------------------------------------------------------------------------------------------------------------------------------------------------------------------------------+
; Analysis & Synthesis Resource Utilization by Entity                                                                                                                                                        ;
+----------------------------+-------------------+--------------+-------------+--------------+---------+-----------+------+--------------+----------------------------------------------------+--------------+
; Compilation Hierarchy Node ; LC Combinationals ; LC Registers ; Memory Bits ; DSP Elements ; DSP 9x9 ; DSP 18x18 ; Pins ; Virtual Pins ; Full Hierarchy Name                                ; Library Name ;
+----------------------------+-------------------+--------------+-------------+--------------+---------+-----------+------+--------------+----------------------------------------------------+--------------+
; |sample_dsp                ; 461 (0)           ; 592 (0)      ; 0           ; 0            ; 0       ; 0         ; 68   ; 0            ; |sample_dsp                                        ;              ;
;    |AbsEncoder:inst1|      ; 46 (46)           ; 279 (279)    ; 0           ; 0            ; 0       ; 0         ; 0    ; 0            ; |sample_dsp|AbsEncoder:inst1                       ;              ;
;    |IncEncoderGroup:inst|  ; 149 (0)           ; 268 (0)      ; 0           ; 0            ; 0       ; 0         ; 0    ; 0            ; |sample_dsp|IncEncoderGroup:inst                   ;              ;
;       |Encoder:encoder_0|  ; 22 (22)           ; 38 (38)      ; 0           ; 0            ; 0       ; 0         ; 0    ; 0            ; |sample_dsp|IncEncoderGroup:inst|Encoder:encoder_0 ;              ;
;       |Encoder:encoder_1|  ; 21 (21)           ; 38 (38)      ; 0           ; 0            ; 0       ; 0         ; 0    ; 0            ; |sample_dsp|IncEncoderGroup:inst|Encoder:encoder_1 ;              ;
;       |Encoder:encoder_2|  ; 21 (21)           ; 38 (38)      ; 0           ; 0            ; 0       ; 0         ; 0    ; 0            ; |sample_dsp|IncEncoderGroup:inst|Encoder:encoder_2 ;              ;
;       |Encoder:encoder_3|  ; 21 (21)           ; 38 (38)      ; 0           ; 0            ; 0       ; 0         ; 0    ; 0            ; |sample_dsp|IncEncoderGroup:inst|Encoder:encoder_3 ;              ;
;       |Encoder:encoder_4|  ; 21 (21)           ; 38 (38)      ; 0           ; 0            ; 0       ; 0         ; 0    ; 0            ; |sample_dsp|IncEncoderGroup:inst|Encoder:encoder_4 ;              ;
;       |Encoder:encoder_5|  ; 21 (21)           ; 38 (38)      ; 0           ; 0            ; 0       ; 0         ; 0    ; 0            ; |sample_dsp|IncEncoderGroup:inst|Encoder:encoder_5 ;              ;
;       |Encoder:encoder_6|  ; 22 (22)           ; 40 (40)      ; 0           ; 0            ; 0       ; 0         ; 0    ; 0            ; |sample_dsp|IncEncoderGroup:inst|Encoder:encoder_6 ;              ;
;    |ParaBus:ParaBusInst|   ; 253 (253)         ; 36 (36)      ; 0           ; 0            ; 0       ; 0         ; 0    ; 0            ; |sample_dsp|ParaBus:ParaBusInst                    ;              ;
;    |clk_1M:inst45|         ; 13 (13)           ; 9 (9)        ; 0           ; 0            ; 0       ; 0         ; 0    ; 0            ; |sample_dsp|clk_1M:inst45                          ;              ;
+----------------------------+-------------------+--------------+-------------+--------------+---------+-----------+------+--------------+----------------------------------------------------+--------------+
Note: For table entries with two numbers listed, the numbers in parentheses indicate the number of resources of the given type used by the specific entity alone. The numbers listed outside of parentheses indicate the total resources of the given type used by the specific entity and all of its sub-entities in the hierarchy.


+-----------------------------------------------------------------------------------------------------------------+
; Registers Removed During Synthesis                                                                              ;
+--------------------------------------------------+--------------------------------------------------------------+
; Register name                                    ; Reason for Removal                                           ;
+--------------------------------------------------+--------------------------------------------------------------+
; IncEncoderGroup:inst|Encoder:encoder_0|clk_rd_r0 ; Merged with IncEncoderGroup:inst|Encoder:encoder_6|clk_rd_r0 ;
; IncEncoderGroup:inst|Encoder:encoder_1|clk_rd_r0 ; Merged with IncEncoderGroup:inst|Encoder:encoder_6|clk_rd_r0 ;
; IncEncoderGroup:inst|Encoder:encoder_2|clk_rd_r0 ; Merged with IncEncoderGroup:inst|Encoder:encoder_6|clk_rd_r0 ;
; IncEncoderGroup:inst|Encoder:encoder_3|clk_rd_r0 ; Merged with IncEncoderGroup:inst|Encoder:encoder_6|clk_rd_r0 ;
; IncEncoderGroup:inst|Encoder:encoder_4|clk_rd_r0 ; Merged with IncEncoderGroup:inst|Encoder:encoder_6|clk_rd_r0 ;
; IncEncoderGroup:inst|Encoder:encoder_5|clk_rd_r0 ; Merged with IncEncoderGroup:inst|Encoder:encoder_6|clk_rd_r0 ;
; IncEncoderGroup:inst|Encoder:encoder_0|clk_rd_r1 ; Merged with IncEncoderGroup:inst|Encoder:encoder_6|clk_rd_r1 ;
; IncEncoderGroup:inst|Encoder:encoder_1|clk_rd_r1 ; Merged with IncEncoderGroup:inst|Encoder:encoder_6|clk_rd_r1 ;
; IncEncoderGroup:inst|Encoder:encoder_2|clk_rd_r1 ; Merged with IncEncoderGroup:inst|Encoder:encoder_6|clk_rd_r1 ;
; IncEncoderGroup:inst|Encoder:encoder_3|clk_rd_r1 ; Merged with IncEncoderGroup:inst|Encoder:encoder_6|clk_rd_r1 ;
; IncEncoderGroup:inst|Encoder:encoder_4|clk_rd_r1 ; Merged with IncEncoderGroup:inst|Encoder:encoder_6|clk_rd_r1 ;
; IncEncoderGroup:inst|Encoder:encoder_5|clk_rd_r1 ; Merged with IncEncoderGroup:inst|Encoder:encoder_6|clk_rd_r1 ;
; Total Number of Removed Registers = 12           ;                                                              ;
+--------------------------------------------------+--------------------------------------------------------------+


+------------------------------------------------------+
; General Register Statistics                          ;
+----------------------------------------------+-------+
; Statistic                                    ; Value ;
+----------------------------------------------+-------+
; Total registers                              ; 592   ;
; Number of registers using Synchronous Clear  ; 120   ;
; Number of registers using Synchronous Load   ; 16    ;
; Number of registers using Asynchronous Clear ; 556   ;
; Number of registers using Asynchronous Load  ; 0     ;
; Number of registers using Clock Enable       ; 518   ;
; Number of registers using Preset             ; 0     ;
+----------------------------------------------+-------+


+--------------------------------------------------+
; Inverted Register Statistics                     ;
+----------------------------------------+---------+
; Inverted Register                      ; Fan out ;
+----------------------------------------+---------+
; AbsEncoder:inst1|cs0_n                 ; 1       ;
; AbsEncoder:inst1|convst                ; 6       ;
; AbsEncoder:inst1|enc_rst               ; 3       ;
; AbsEncoder:inst1|cs1_n                 ; 1       ;
; Total number of inverted registers = 4 ;         ;
+----------------------------------------+---------+


+----------------------------------------------------------------------------------------------------------------------------------------------------------------------------------------------+
; Multiplexer Restructuring Statistics (Restructuring Performed)                                                                                                                               ;
+--------------------+-----------+---------------+----------------------+------------------------+----------------------------------------------------------------+----------------------------+
; Multiplexer Inputs ; Bus Width ; Baseline Area ; Area if Restructured ; Saving if Restructured ; Registered                                                     ; Example Multiplexer Output ;
+--------------------+-----------+---------------+----------------------+------------------------+----------------------------------------------------------------+----------------------------+
; 5:1                ; 16 bits   ; 48 LEs        ; 16 LEs               ; 32 LEs                 ; |sample_dsp|IncEncoderGroup:inst|Encoder:encoder_0|databuf[14] ;                            ;
; 5:1                ; 16 bits   ; 48 LEs        ; 16 LEs               ; 32 LEs                 ; |sample_dsp|IncEncoderGroup:inst|Encoder:encoder_1|databuf[13] ;                            ;
; 5:1                ; 16 bits   ; 48 LEs        ; 16 LEs               ; 32 LEs                 ; |sample_dsp|IncEncoderGroup:inst|Encoder:encoder_2|databuf[14] ;                            ;
; 5:1                ; 16 bits   ; 48 LEs        ; 16 LEs               ; 32 LEs                 ; |sample_dsp|IncEncoderGroup:inst|Encoder:encoder_3|databuf[3]  ;                            ;
; 5:1                ; 16 bits   ; 48 LEs        ; 16 LEs               ; 32 LEs                 ; |sample_dsp|IncEncoderGroup:inst|Encoder:encoder_4|databuf[0]  ;                            ;
; 5:1                ; 16 bits   ; 48 LEs        ; 16 LEs               ; 32 LEs                 ; |sample_dsp|IncEncoderGroup:inst|Encoder:encoder_5|databuf[14] ;                            ;
; 5:1                ; 16 bits   ; 48 LEs        ; 16 LEs               ; 32 LEs                 ; |sample_dsp|IncEncoderGroup:inst|Encoder:encoder_6|databuf[14] ;                            ;
; 256:1              ; 16 bits   ; 2720 LEs      ; 256 LEs              ; 2464 LEs               ; |sample_dsp|ParaBus:ParaBusInst|DSP_Data_reg[13]               ;                            ;
; 8:1                ; 16 bits   ; 80 LEs        ; 0 LEs                ; 80 LEs                 ; |sample_dsp|IncEncoderGroup:inst|Encoder:encoder_0|Add1        ;                            ;
; 8:1                ; 16 bits   ; 80 LEs        ; 0 LEs                ; 80 LEs                 ; |sample_dsp|IncEncoderGroup:inst|Encoder:encoder_1|Add1        ;                            ;
; 8:1                ; 16 bits   ; 80 LEs        ; 0 LEs                ; 80 LEs                 ; |sample_dsp|IncEncoderGroup:inst|Encoder:encoder_2|Add1        ;                            ;
; 8:1                ; 16 bits   ; 80 LEs        ; 0 LEs                ; 80 LEs                 ; |sample_dsp|IncEncoderGroup:inst|Encoder:encoder_3|Add1        ;                            ;
; 8:1                ; 16 bits   ; 80 LEs        ; 0 LEs                ; 80 LEs                 ; |sample_dsp|IncEncoderGroup:inst|Encoder:encoder_4|Add1        ;                            ;
; 8:1                ; 16 bits   ; 80 LEs        ; 0 LEs                ; 80 LEs                 ; |sample_dsp|IncEncoderGroup:inst|Encoder:encoder_5|Add1        ;                            ;
; 8:1                ; 16 bits   ; 80 LEs        ; 0 LEs                ; 80 LEs                 ; |sample_dsp|IncEncoderGroup:inst|Encoder:encoder_6|Add1        ;                            ;
+--------------------+-----------+---------------+----------------------+------------------------+----------------------------------------------------------------+----------------------------+


+-----------------------------------------------------------------+
; Parameter Settings for User Entity Instance: LPM_INV:chA_Invert ;
+----------------+-------+----------------------------------------+
; Parameter Name ; Value ; Type                                   ;
+----------------+-------+----------------------------------------+
; LPM_WIDTH      ; 7     ; Signed Integer                         ;
+----------------+-------+----------------------------------------+
Note: In order to hide this table in the UI and the text report file, please set the "Show Parameter Settings in Synthesis Report" option in "Analysis and Synthesis Settings -> More Settings" to "Off".


+-------------------------------------------------------------------+
; Parameter Settings for User Entity Instance: LPM_INV:chA_Invert51 ;
+----------------+-------+------------------------------------------+
; Parameter Name ; Value ; Type                                     ;
+----------------+-------+------------------------------------------+
; LPM_WIDTH      ; 7     ; Signed Integer                           ;
+----------------+-------+------------------------------------------+
Note: In order to hide this table in the UI and the text report file, please set the "Show Parameter Settings in Synthesis Report" option in "Analysis and Synthesis Settings -> More Settings" to "Off".


+-------------------------------+
; Elapsed Time Per Partition    ;
+----------------+--------------+
; Partition Name ; Elapsed Time ;
+----------------+--------------+
; Top            ; 00:00:04     ;
+----------------+--------------+


+-------------------------------+
; Analysis & Synthesis Messages ;
+-------------------------------+
Info: *******************************************************************
Info: Running Quartus II 64-Bit Analysis & Synthesis
    Info: Version 11.0 Build 208 07/03/2011 Service Pack 1 SJ Full Version
    Info: Processing started: Tue Nov 24 16:19:40 2015
Info: Command: quartus_map --read_settings_files=on --write_settings_files=off sample_dsp -c sample_dsp
Info: Parallel compilation is enabled and will use 2 of the 2 processors detected
Info: Found 1 design units, including 1 entities, in source file src/absencoder.v
    Info: Found entity 1: AbsEncoder
Info: Found 1 design units, including 1 entities, in source file src/sample_dsp.bdf
    Info: Found entity 1: sample_dsp
Info: Found 1 design units, including 1 entities, in source file src/parabus.v
    Info: Found entity 1: ParaBus
Info: Found 1 design units, including 1 entities, in source file src/encoder.v
    Info: Found entity 1: Encoder
Info: Found 1 design units, including 1 entities, in source file src/clk_1m.v
    Info: Found entity 1: clk_1M
Info: Found 1 design units, including 1 entities, in source file src/incencodergroup.v
    Info: Found entity 1: IncEncoderGroup
Info: Elaborating entity "sample_dsp" for the top level hierarchy
Info: Elaborating entity "AbsEncoder" for hierarchy "AbsEncoder:inst1"
Info: Elaborating entity "ParaBus" for hierarchy "ParaBus:ParaBusInst"
Info: Elaborating entity "IncEncoderGroup" for hierarchy "IncEncoderGroup:inst"
Info: Elaborating entity "Encoder" for hierarchy "IncEncoderGroup:inst|Encoder:encoder_0"
Info: Elaborating entity "clk_1M" for hierarchy "clk_1M:inst45"
Info: Elaborating entity "LPM_INV" for hierarchy "LPM_INV:chA_Invert"
Info: Elaborated megafunction instantiation "LPM_INV:chA_Invert"
Info: Instantiated megafunction "LPM_INV:chA_Invert" with the following parameter:
    Info: Parameter "LPM_WIDTH" = "7"
Info: Registers with preset signals will power-up high
Info: DEV_CLRn pin will set, and not reset, register with preset signal due to NOT Gate Push-Back
Info: Generated suppressed messages file F:/cableDrive/fpga_7dof/sample_dsp.map.smsg
Info: Generating hard_block partition "hard_block:auto_generated_inst"
Info: Implemented 949 device resources after synthesis - the final resource count might be different
    Info: Implemented 44 input pins
    Info: Implemented 8 output pins
    Info: Implemented 16 bidirectional pins
    Info: Implemented 881 logic cells
Info: Quartus II 64-Bit Analysis & Synthesis was successful. 0 errors, 0 warnings
    Info: Peak virtual memory: 357 megabytes
    Info: Processing ended: Tue Nov 24 16:19:53 2015
    Info: Elapsed time: 00:00:13
    Info: Total CPU time (on all processors): 00:00:04


+------------------------------------------+
; Analysis & Synthesis Suppressed Messages ;
+------------------------------------------+
The suppressed messages can be found in F:/cableDrive/fpga_7dof/sample_dsp.map.smsg.


